---
source: src/test/union_physics.rs
expression: mesh
---
CSGPHS8 {
    geom_type: Type3,
    mesh: Mesh8 {
        raw_hull_count: 1,
        aabb: Aabb {
            min: [
                -37.0,
                -0.5,
                -17.3535,
            ],
            max: [
                37.0,
                0.5,
                17.3535,
            ],
        },
        hulls: Hulls {
            face_ranges: [
                0,
                12,
                48,
                66,
                102,
                156,
                186,
                234,
                258,
                282,
            ],
            faces: [
                2,
                1,
                3,
                0,
                1,
                2,
                2,
                1,
                0,
                1,
                2,
                3,
                0,
                1,
                2,
                3,
                0,
                2,
                4,
                3,
                2,
                5,
                4,
                2,
                1,
                5,
                2,
                6,
                5,
                1,
                0,
                6,
                1,
                7,
                6,
                0,
                3,
                7,
                0,
                6,
                7,
                3,
                5,
                6,
                3,
                4,
                5,
                3,
                0,
                1,
                2,
                3,
                0,
                2,
                4,
                3,
                2,
                1,
                4,
                2,
                3,
                4,
                1,
                0,
                3,
                1,
                0,
                1,
                2,
                3,
                0,
                2,
                4,
                3,
                2,
                1,
                4,
                2,
                5,
                4,
                1,
                6,
                5,
                1,
                7,
                6,
                1,
                0,
                7,
                1,
                6,
                7,
                0,
                3,
                6,
                0,
                5,
                6,
                3,
                4,
                5,
                3,
                0,
                1,
                2,
                3,
                0,
                2,
                4,
                3,
                2,
                1,
                4,
                2,
                5,
                4,
                1,
                6,
                5,
                1,
                7,
                6,
                1,
                8,
                7,
                1,
                0,
                8,
                1,
                3,
                8,
                0,
                9,
                8,
                3,
                10,
                9,
                3,
                4,
                10,
                3,
                5,
                10,
                4,
                9,
                10,
                5,
                6,
                9,
                5,
                7,
                9,
                6,
                8,
                9,
                7,
                0,
                1,
                2,
                3,
                0,
                2,
                4,
                3,
                2,
                1,
                4,
                2,
                5,
                4,
                1,
                0,
                5,
                1,
                6,
                5,
                0,
                3,
                6,
                0,
                4,
                6,
                3,
                5,
                6,
                4,
                0,
                1,
                2,
                3,
                0,
                2,
                4,
                3,
                2,
                5,
                4,
                2,
                1,
                5,
                2,
                6,
                5,
                1,
                7,
                6,
                1,
                8,
                7,
                1,
                0,
                8,
                1,
                3,
                8,
                0,
                9,
                8,
                3,
                4,
                9,
                3,
                8,
                9,
                4,
                7,
                8,
                4,
                6,
                7,
                4,
                5,
                6,
                4,
                0,
                1,
                2,
                3,
                0,
                2,
                4,
                3,
                2,
                1,
                4,
                2,
                5,
                4,
                1,
                3,
                5,
                1,
                0,
                3,
                1,
                4,
                5,
                3,
                0,
                1,
                2,
                3,
                0,
                2,
                4,
                3,
                2,
                5,
                4,
                2,
                1,
                5,
                2,
                4,
                5,
                1,
                0,
                4,
                1,
                3,
                4,
                0,
            ],
            pos_ranges: [
                0,
                12,
                36,
                51,
                75,
                108,
                129,
                159,
                177,
                195,
            ],
            positions: [
                15.328995,
                0.5,
                -17.136505,
                24.367996,
                0.5,
                14.653503,
                0.29499817,
                0.5,
                -14.760498,
                -14.710007,
                0.5,
                -10.914505,
                24.367996,
                -0.5,
                14.653503,
                25.871002,
                -0.5,
                17.3535,
                -37.0,
                -0.5,
                17.3535,
                -37.0,
                0.5,
                -14.179504,
                -37.0,
                0.5,
                17.3535,
                25.871002,
                0.5,
                17.3535,
                24.367996,
                0.5,
                14.653503,
                -14.710007,
                0.5,
                -10.914505,
                -30.585999,
                0.5,
                -10.532501,
                -37.0,
                -0.5,
                17.3535,
                -30.585999,
                -0.5,
                -10.532501,
                -37.0,
                0.5,
                -14.179504,
                -37.0,
                -0.5,
                -14.179504,
                36.332,
                -0.5,
                -2.8184967,
                37.0,
                -0.5,
                -17.235504,
                37.0,
                -0.5,
                -2.7615051,
                36.332,
                0.5,
                -2.8184967,
                37.0,
                0.5,
                -2.7615051,
                37.0,
                0.5,
                -17.235504,
                22.768997,
                0.5,
                -14.629501,
                22.768997,
                -0.5,
                -14.629501,
                24.367996,
                -0.5,
                14.653503,
                22.768997,
                -0.5,
                -14.629501,
                31.171997,
                -0.5,
                10.865494,
                31.171997,
                0.5,
                10.865494,
                35.674004,
                -0.5,
                4.866501,
                36.332,
                -0.5,
                -2.8184967,
                37.0,
                -0.5,
                -17.235504,
                22.768997,
                0.5,
                -14.629501,
                24.367996,
                0.5,
                14.653503,
                36.332,
                0.5,
                -2.8184967,
                35.674004,
                0.5,
                4.866501,
                0.29499817,
                -0.5,
                -14.760498,
                -14.710007,
                -0.5,
                -10.914505,
                -7.5119934,
                -0.5,
                -14.025497,
                -7.5119934,
                0.5,
                -14.025497,
                -14.710007,
                0.5,
                -10.914505,
                24.367996,
                -0.5,
                14.653503,
                0.29499817,
                0.5,
                -14.760498,
                24.367996,
                0.5,
                14.653503,
                0.29499817,
                0.5,
                -14.760498,
                0.29499817,
                -0.5,
                -14.760498,
                24.367996,
                -0.5,
                14.653503,
                15.328995,
                -0.5,
                -17.136505,
                7.6670074,
                -0.5,
                -17.3535,
                7.6670074,
                0.5,
                -17.3535,
                15.328995,
                0.5,
                -17.136505,
                22.768997,
                0.5,
                -14.629501,
                22.768997,
                -0.5,
                -14.629501,
                -37.0,
                -0.5,
                17.3535,
                24.367996,
                -0.5,
                14.653503,
                -22.623993,
                0.5,
                -9.749496,
                -22.623993,
                -0.5,
                -9.749496,
                -14.710007,
                0.5,
                -10.914505,
                -14.710007,
                -0.5,
                -10.914505,
                -22.623993,
                -0.5,
                -9.749496,
                -22.623993,
                0.5,
                -9.749496,
                -37.0,
                0.5,
                17.3535,
                -37.0,
                -0.5,
                17.3535,
                -30.585999,
                -0.5,
                -10.532501,
                -30.585999,
                0.5,
                -10.532501,
            ],
        },
    },
}
