---
source: src/test/union_physics.rs
expression: hulls
---
[
    RawHull {
        positions: [
            [
                15.328995,
                0.5,
                -17.136505,
            ],
            [
                24.367996,
                0.5,
                14.653503,
            ],
            [
                0.29499817,
                0.5,
                -14.760498,
            ],
            [
                -14.710007,
                0.5,
                -10.914505,
            ],
        ],
        faces: [
            [
                2,
                1,
                3,
            ],
            [
                0,
                1,
                2,
            ],
            [
                2,
                1,
                0,
            ],
            [
                1,
                2,
                3,
            ],
        ],
    },
]
