---
source: src/test/union_physics.rs
expression: mesh
---
CSGPHS3 {
    meshes: [
        Mesh {
            positions: [
                [
                    -1.0000038,
                    -20.0,
                    7.0000024,
                ],
                [
                    0.9999977,
                    -24.0,
                    7.0000024,
                ],
                [
                    0.9999975,
                    -20.0,
                    7.0000024,
                ],
                [
                    0.99999887,
                    -20.0,
                    1.9073486e-6,
                ],
                [
                    -1.0000036,
                    -20.0,
                    1.9073486e-6,
                ],
                [
                    -1.0000037,
                    -24.0,
                    1.5894569e-6,
                ],
                [
                    0.9999984,
                    -24.0,
                    1.9073486e-6,
                ],
                [
                    -1.0000037,
                    -24.0,
                    7.0000024,
                ],
            ],
            faces: [
                [
                    VertexId(
                        0,
                    ),
                    VertexId(
                        1,
                    ),
                    VertexId(
                        2,
                    ),
                ],
                [
                    VertexId(
                        3,
                    ),
                    VertexId(
                        2,
                    ),
                    VertexId(
                        1,
                    ),
                ],
                [
                    VertexId(
                        3,
                    ),
                    VertexId(
                        0,
                    ),
                    VertexId(
                        2,
                    ),
                ],
                [
                    VertexId(
                        4,
                    ),
                    VertexId(
                        5,
                    ),
                    VertexId(
                        0,
                    ),
                ],
                [
                    VertexId(
                        4,
                    ),
                    VertexId(
                        0,
                    ),
                    VertexId(
                        3,
                    ),
                ],
                [
                    VertexId(
                        4,
                    ),
                    VertexId(
                        3,
                    ),
                    VertexId(
                        5,
                    ),
                ],
                [
                    VertexId(
                        6,
                    ),
                    VertexId(
                        1,
                    ),
                    VertexId(
                        5,
                    ),
                ],
                [
                    VertexId(
                        6,
                    ),
                    VertexId(
                        5,
                    ),
                    VertexId(
                        3,
                    ),
                ],
                [
                    VertexId(
                        6,
                    ),
                    VertexId(
                        3,
                    ),
                    VertexId(
                        1,
                    ),
                ],
                [
                    VertexId(
                        7,
                    ),
                    VertexId(
                        0,
                    ),
                    VertexId(
                        5,
                    ),
                ],
                [
                    VertexId(
                        7,
                    ),
                    VertexId(
                        5,
                    ),
                    VertexId(
                        1,
                    ),
                ],
                [
                    VertexId(
                        7,
                    ),
                    VertexId(
                        1,
                    ),
                    VertexId(
                        0,
                    ),
                ],
            ],
        },
        Mesh {
            positions: [
                [
                    -1.0000036,
                    -20.0,
                    1.9073484e-6,
                ],
                [
                    0.9999984,
                    -24.0,
                    1.9073484e-6,
                ],
                [
                    0.99999887,
                    -20.0,
                    1.9073484e-6,
                ],
                [
                    1.0000002,
                    -19.999998,
                    -7.0,
                ],
                [
                    -1.0000037,
                    -24.0,
                    1.5894567e-6,
                ],
                [
                    -1.0000036,
                    -24.0,
                    -6.9999995,
                ],
                [
                    0.9999987,
                    -24.0,
                    -6.9999995,
                ],
                [
                    -1.0000032,
                    -20.0,
                    -6.9999995,
                ],
            ],
            faces: [
                [
                    VertexId(
                        0,
                    ),
                    VertexId(
                        1,
                    ),
                    VertexId(
                        2,
                    ),
                ],
                [
                    VertexId(
                        3,
                    ),
                    VertexId(
                        2,
                    ),
                    VertexId(
                        1,
                    ),
                ],
                [
                    VertexId(
                        3,
                    ),
                    VertexId(
                        0,
                    ),
                    VertexId(
                        2,
                    ),
                ],
                [
                    VertexId(
                        4,
                    ),
                    VertexId(
                        0,
                    ),
                    VertexId(
                        5,
                    ),
                ],
                [
                    VertexId(
                        4,
                    ),
                    VertexId(
                        5,
                    ),
                    VertexId(
                        1,
                    ),
                ],
                [
                    VertexId(
                        4,
                    ),
                    VertexId(
                        1,
                    ),
                    VertexId(
                        0,
                    ),
                ],
                [
                    VertexId(
                        6,
                    ),
                    VertexId(
                        1,
                    ),
                    VertexId(
                        5,
                    ),
                ],
                [
                    VertexId(
                        6,
                    ),
                    VertexId(
                        5,
                    ),
                    VertexId(
                        3,
                    ),
                ],
                [
                    VertexId(
                        6,
                    ),
                    VertexId(
                        3,
                    ),
                    VertexId(
                        1,
                    ),
                ],
                [
                    VertexId(
                        7,
                    ),
                    VertexId(
                        5,
                    ),
                    VertexId(
                        0,
                    ),
                ],
                [
                    VertexId(
                        7,
                    ),
                    VertexId(
                        0,
                    ),
                    VertexId(
                        3,
                    ),
                ],
                [
                    VertexId(
                        7,
                    ),
                    VertexId(
                        3,
                    ),
                    VertexId(
                        5,
                    ),
                ],
            ],
        },
        Mesh {
            positions: [
                [
                    0.99999624,
                    -24.0,
                    14.000002,
                ],
                [
                    -1.0000037,
                    -24.0,
                    14.000002,
                ],
                [
                    -1.0000037,
                    -24.0,
                    7.0000014,
                ],
                [
                    0.99999595,
                    -16.000002,
                    14.000002,
                ],
                [
                    -1.0000039,
                    -16.000004,
                    10.499999,
                ],
                [
                    0.9999975,
                    -20.0,
                    7.0000014,
                ],
                [
                    0.9999977,
                    -24.0,
                    7.0000014,
                ],
                [
                    -1.0000039,
                    -16.000006,
                    14.000002,
                ],
                [
                    0.99999666,
                    -16.0,
                    10.499999,
                ],
                [
                    -1.0000038,
                    -20.0,
                    6.999999,
                ],
            ],
            faces: [
                [
                    VertexId(
                        0,
                    ),
                    VertexId(
                        1,
                    ),
                    VertexId(
                        2,
                    ),
                ],
                [
                    VertexId(
                        1,
                    ),
                    VertexId(
                        0,
                    ),
                    VertexId(
                        3,
                    ),
                ],
                [
                    VertexId(
                        4,
                    ),
                    VertexId(
                        2,
                    ),
                    VertexId(
                        1,
                    ),
                ],
                [
                    VertexId(
                        5,
                    ),
                    VertexId(
                        3,
                    ),
                    VertexId(
                        0,
                    ),
                ],
                [
                    VertexId(
                        6,
                    ),
                    VertexId(
                        0,
                    ),
                    VertexId(
                        2,
                    ),
                ],
                [
                    VertexId(
                        6,
                    ),
                    VertexId(
                        2,
                    ),
                    VertexId(
                        5,
                    ),
                ],
                [
                    VertexId(
                        6,
                    ),
                    VertexId(
                        5,
                    ),
                    VertexId(
                        0,
                    ),
                ],
                [
                    VertexId(
                        7,
                    ),
                    VertexId(
                        1,
                    ),
                    VertexId(
                        3,
                    ),
                ],
                [
                    VertexId(
                        7,
                    ),
                    VertexId(
                        3,
                    ),
                    VertexId(
                        4,
                    ),
                ],
                [
                    VertexId(
                        7,
                    ),
                    VertexId(
                        4,
                    ),
                    VertexId(
                        1,
                    ),
                ],
                [
                    VertexId(
                        8,
                    ),
                    VertexId(
                        4,
                    ),
                    VertexId(
                        3,
                    ),
                ],
                [
                    VertexId(
                        8,
                    ),
                    VertexId(
                        3,
                    ),
                    VertexId(
                        5,
                    ),
                ],
                [
                    VertexId(
                        8,
                    ),
                    VertexId(
                        5,
                    ),
                    VertexId(
                        4,
                    ),
                ],
                [
                    VertexId(
                        9,
                    ),
                    VertexId(
                        2,
                    ),
                    VertexId(
                        4,
                    ),
                ],
                [
                    VertexId(
                        9,
                    ),
                    VertexId(
                        4,
                    ),
                    VertexId(
                        5,
                    ),
                ],
                [
                    VertexId(
                        9,
                    ),
                    VertexId(
                        5,
                    ),
                    VertexId(
                        2,
                    ),
                ],
            ],
        },
        Mesh {
            positions: [
                [
                    -1.0000032,
                    -20.0,
                    -6.9999995,
                ],
                [
                    0.9999987,
                    -24.0,
                    -6.9999995,
                ],
                [
                    1.0000002,
                    -20.0,
                    -6.9999995,
                ],
                [
                    0.99999654,
                    -16.0,
                    -14.000001,
                ],
                [
                    -1.0000033,
                    -16.0,
                    -13.999999,
                ],
                [
                    -1.0000033,
                    -24.0,
                    -13.999999,
                ],
                [
                    0.99999905,
                    -24.0,
                    -14.0,
                ],
                [
                    0.9999987,
                    -16.0,
                    -10.500001,
                ],
                [
                    -1.0000036,
                    -24.0,
                    -6.9999995,
                ],
                [
                    -1.0000032,
                    -16.0,
                    -10.500001,
                ],
            ],
            faces: [
                [
                    VertexId(
                        0,
                    ),
                    VertexId(
                        1,
                    ),
                    VertexId(
                        2,
                    ),
                ],
                [
                    VertexId(
                        3,
                    ),
                    VertexId(
                        2,
                    ),
                    VertexId(
                        1,
                    ),
                ],
                [
                    VertexId(
                        4,
                    ),
                    VertexId(
                        5,
                    ),
                    VertexId(
                        0,
                    ),
                ],
                [
                    VertexId(
                        4,
                    ),
                    VertexId(
                        3,
                    ),
                    VertexId(
                        5,
                    ),
                ],
                [
                    VertexId(
                        6,
                    ),
                    VertexId(
                        1,
                    ),
                    VertexId(
                        5,
                    ),
                ],
                [
                    VertexId(
                        6,
                    ),
                    VertexId(
                        5,
                    ),
                    VertexId(
                        3,
                    ),
                ],
                [
                    VertexId(
                        6,
                    ),
                    VertexId(
                        3,
                    ),
                    VertexId(
                        1,
                    ),
                ],
                [
                    VertexId(
                        7,
                    ),
                    VertexId(
                        3,
                    ),
                    VertexId(
                        4,
                    ),
                ],
                [
                    VertexId(
                        7,
                    ),
                    VertexId(
                        0,
                    ),
                    VertexId(
                        2,
                    ),
                ],
                [
                    VertexId(
                        7,
                    ),
                    VertexId(
                        2,
                    ),
                    VertexId(
                        3,
                    ),
                ],
                [
                    VertexId(
                        8,
                    ),
                    VertexId(
                        0,
                    ),
                    VertexId(
                        5,
                    ),
                ],
                [
                    VertexId(
                        8,
                    ),
                    VertexId(
                        5,
                    ),
                    VertexId(
                        1,
                    ),
                ],
                [
                    VertexId(
                        8,
                    ),
                    VertexId(
                        1,
                    ),
                    VertexId(
                        0,
                    ),
                ],
                [
                    VertexId(
                        9,
                    ),
                    VertexId(
                        4,
                    ),
                    VertexId(
                        0,
                    ),
                ],
                [
                    VertexId(
                        9,
                    ),
                    VertexId(
                        0,
                    ),
                    VertexId(
                        7,
                    ),
                ],
                [
                    VertexId(
                        9,
                    ),
                    VertexId(
                        7,
                    ),
                    VertexId(
                        4,
                    ),
                ],
            ],
        },
        Mesh {
            positions: [
                [
                    -1.0000037,
                    -24.000002,
                    14.000003,
                ],
                [
                    0.9999946,
                    -32.0,
                    14.000003,
                ],
                [
                    0.99999624,
                    -24.0,
                    14.000003,
                ],
                [
                    0.9999984,
                    -24.0,
                    1.9073486e-6,
                ],
                [
                    -1.0000037,
                    -24.0,
                    1.589457e-6,
                ],
                [
                    -1.0000035,
                    -32.0,
                    0.0,
                ],
                [
                    0.9999953,
                    -32.0,
                    1.9073486e-6,
                ],
                [
                    -1.0000035,
                    -32.0,
                    14.000003,
                ],
            ],
            faces: [
                [
                    VertexId(
                        0,
                    ),
                    VertexId(
                        1,
                    ),
                    VertexId(
                        2,
                    ),
                ],
                [
                    VertexId(
                        3,
                    ),
                    VertexId(
                        2,
                    ),
                    VertexId(
                        1,
                    ),
                ],
                [
                    VertexId(
                        3,
                    ),
                    VertexId(
                        0,
                    ),
                    VertexId(
                        2,
                    ),
                ],
                [
                    VertexId(
                        4,
                    ),
                    VertexId(
                        5,
                    ),
                    VertexId(
                        0,
                    ),
                ],
                [
                    VertexId(
                        4,
                    ),
                    VertexId(
                        0,
                    ),
                    VertexId(
                        3,
                    ),
                ],
                [
                    VertexId(
                        4,
                    ),
                    VertexId(
                        3,
                    ),
                    VertexId(
                        5,
                    ),
                ],
                [
                    VertexId(
                        6,
                    ),
                    VertexId(
                        1,
                    ),
                    VertexId(
                        5,
                    ),
                ],
                [
                    VertexId(
                        6,
                    ),
                    VertexId(
                        5,
                    ),
                    VertexId(
                        3,
                    ),
                ],
                [
                    VertexId(
                        6,
                    ),
                    VertexId(
                        3,
                    ),
                    VertexId(
                        1,
                    ),
                ],
                [
                    VertexId(
                        7,
                    ),
                    VertexId(
                        0,
                    ),
                    VertexId(
                        5,
                    ),
                ],
                [
                    VertexId(
                        7,
                    ),
                    VertexId(
                        5,
                    ),
                    VertexId(
                        1,
                    ),
                ],
                [
                    VertexId(
                        7,
                    ),
                    VertexId(
                        1,
                    ),
                    VertexId(
                        0,
                    ),
                ],
            ],
        },
        Mesh {
            positions: [
                [
                    -1.0000037,
                    -24.0,
                    1.5894568e-6,
                ],
                [
                    0.9999953,
                    -32.0,
                    1.9073486e-6,
                ],
                [
                    0.9999984,
                    -24.0,
                    1.9073486e-6,
                ],
                [
                    0.99999905,
                    -24.0,
                    -13.999999,
                ],
                [
                    -1.0000033,
                    -24.0,
                    -13.999998,
                ],
                [
                    -1.0000035,
                    -31.999998,
                    -13.999999,
                ],
                [
                    0.99999595,
                    -32.0,
                    -13.999998,
                ],
                [
                    -1.0000035,
                    -32.0,
                    0.0,
                ],
            ],
            faces: [
                [
                    VertexId(
                        0,
                    ),
                    VertexId(
                        1,
                    ),
                    VertexId(
                        2,
                    ),
                ],
                [
                    VertexId(
                        3,
                    ),
                    VertexId(
                        2,
                    ),
                    VertexId(
                        1,
                    ),
                ],
                [
                    VertexId(
                        3,
                    ),
                    VertexId(
                        0,
                    ),
                    VertexId(
                        2,
                    ),
                ],
                [
                    VertexId(
                        4,
                    ),
                    VertexId(
                        5,
                    ),
                    VertexId(
                        0,
                    ),
                ],
                [
                    VertexId(
                        4,
                    ),
                    VertexId(
                        0,
                    ),
                    VertexId(
                        3,
                    ),
                ],
                [
                    VertexId(
                        4,
                    ),
                    VertexId(
                        3,
                    ),
                    VertexId(
                        5,
                    ),
                ],
                [
                    VertexId(
                        6,
                    ),
                    VertexId(
                        1,
                    ),
                    VertexId(
                        5,
                    ),
                ],
                [
                    VertexId(
                        6,
                    ),
                    VertexId(
                        5,
                    ),
                    VertexId(
                        3,
                    ),
                ],
                [
                    VertexId(
                        6,
                    ),
                    VertexId(
                        3,
                    ),
                    VertexId(
                        1,
                    ),
                ],
                [
                    VertexId(
                        7,
                    ),
                    VertexId(
                        0,
                    ),
                    VertexId(
                        5,
                    ),
                ],
                [
                    VertexId(
                        7,
                    ),
                    VertexId(
                        5,
                    ),
                    VertexId(
                        1,
                    ),
                ],
                [
                    VertexId(
                        7,
                    ),
                    VertexId(
                        1,
                    ),
                    VertexId(
                        0,
                    ),
                ],
            ],
        },
        Mesh {
            positions: [
                [
                    -1.0000038,
                    4.0,
                    0.0,
                ],
                [
                    0.99999636,
                    4.0,
                    0.0,
                ],
                [
                    0.9999958,
                    15.999998,
                    0.0,
                ],
                [
                    -1.0000036,
                    15.999998,
                    -14.000002,
                ],
                [
                    -1.0000035,
                    -3.8146973e-6,
                    -13.999998,
                ],
                [
                    0.9999959,
                    -3.8146973e-6,
                    -13.999998,
                ],
                [
                    0.9999952,
                    15.999998,
                    -13.999998,
                ],
                [
                    -1.0000036,
                    15.999998,
                    0.0,
                ],
                [
                    0.99999607,
                    -3.8146973e-6,
                    -10.500001,
                ],
                [
                    -1.0000035,
                    -3.8146973e-6,
                    -10.500001,
                ],
            ],
            faces: [
                [
                    VertexId(
                        0,
                    ),
                    VertexId(
                        1,
                    ),
                    VertexId(
                        2,
                    ),
                ],
                [
                    VertexId(
                        3,
                    ),
                    VertexId(
                        4,
                    ),
                    VertexId(
                        0,
                    ),
                ],
                [
                    VertexId(
                        5,
                    ),
                    VertexId(
                        4,
                    ),
                    VertexId(
                        3,
                    ),
                ],
                [
                    VertexId(
                        5,
                    ),
                    VertexId(
                        2,
                    ),
                    VertexId(
                        1,
                    ),
                ],
                [
                    VertexId(
                        6,
                    ),
                    VertexId(
                        3,
                    ),
                    VertexId(
                        2,
                    ),
                ],
                [
                    VertexId(
                        6,
                    ),
                    VertexId(
                        2,
                    ),
                    VertexId(
                        5,
                    ),
                ],
                [
                    VertexId(
                        6,
                    ),
                    VertexId(
                        5,
                    ),
                    VertexId(
                        3,
                    ),
                ],
                [
                    VertexId(
                        7,
                    ),
                    VertexId(
                        0,
                    ),
                    VertexId(
                        2,
                    ),
                ],
                [
                    VertexId(
                        7,
                    ),
                    VertexId(
                        2,
                    ),
                    VertexId(
                        3,
                    ),
                ],
                [
                    VertexId(
                        7,
                    ),
                    VertexId(
                        3,
                    ),
                    VertexId(
                        0,
                    ),
                ],
                [
                    VertexId(
                        8,
                    ),
                    VertexId(
                        4,
                    ),
                    VertexId(
                        5,
                    ),
                ],
                [
                    VertexId(
                        8,
                    ),
                    VertexId(
                        5,
                    ),
                    VertexId(
                        1,
                    ),
                ],
                [
                    VertexId(
                        8,
                    ),
                    VertexId(
                        1,
                    ),
                    VertexId(
                        0,
                    ),
                ],
                [
                    VertexId(
                        9,
                    ),
                    VertexId(
                        0,
                    ),
                    VertexId(
                        4,
                    ),
                ],
                [
                    VertexId(
                        9,
                    ),
                    VertexId(
                        4,
                    ),
                    VertexId(
                        8,
                    ),
                ],
                [
                    VertexId(
                        9,
                    ),
                    VertexId(
                        8,
                    ),
                    VertexId(
                        0,
                    ),
                ],
            ],
        },
        Mesh {
            positions: [
                [
                    -1.0000035,
                    -16.000004,
                    28.000006,
                ],
                [
                    0.999994,
                    -32.0,
                    28.0,
                ],
                [
                    0.9999946,
                    -16.000004,
                    28.0,
                ],
                [
                    -1.0000039,
                    -16.000004,
                    14.000005,
                ],
                [
                    -1.0000035,
                    -32.0,
                    14.000003,
                ],
                [
                    0.999996,
                    -16.000002,
                    14.000003,
                ],
                [
                    -1.0000035,
                    -32.000004,
                    28.000006,
                ],
                [
                    0.99999464,
                    -32.0,
                    14.000003,
                ],
            ],
            faces: [
                [
                    VertexId(
                        0,
                    ),
                    VertexId(
                        1,
                    ),
                    VertexId(
                        2,
                    ),
                ],
                [
                    VertexId(
                        3,
                    ),
                    VertexId(
                        4,
                    ),
                    VertexId(
                        0,
                    ),
                ],
                [
                    VertexId(
                        3,
                    ),
                    VertexId(
                        0,
                    ),
                    VertexId(
                        2,
                    ),
                ],
                [
                    VertexId(
                        5,
                    ),
                    VertexId(
                        4,
                    ),
                    VertexId(
                        3,
                    ),
                ],
                [
                    VertexId(
                        5,
                    ),
                    VertexId(
                        3,
                    ),
                    VertexId(
                        2,
                    ),
                ],
                [
                    VertexId(
                        5,
                    ),
                    VertexId(
                        2,
                    ),
                    VertexId(
                        1,
                    ),
                ],
                [
                    VertexId(
                        6,
                    ),
                    VertexId(
                        0,
                    ),
                    VertexId(
                        4,
                    ),
                ],
                [
                    VertexId(
                        6,
                    ),
                    VertexId(
                        4,
                    ),
                    VertexId(
                        1,
                    ),
                ],
                [
                    VertexId(
                        6,
                    ),
                    VertexId(
                        1,
                    ),
                    VertexId(
                        0,
                    ),
                ],
                [
                    VertexId(
                        7,
                    ),
                    VertexId(
                        1,
                    ),
                    VertexId(
                        4,
                    ),
                ],
                [
                    VertexId(
                        7,
                    ),
                    VertexId(
                        4,
                    ),
                    VertexId(
                        5,
                    ),
                ],
                [
                    VertexId(
                        7,
                    ),
                    VertexId(
                        5,
                    ),
                    VertexId(
                        1,
                    ),
                ],
            ],
        },
        Mesh {
            positions: [
                [
                    0.9999959,
                    -3.8146973e-6,
                    -14.0,
                ],
                [
                    -1.0000035,
                    -3.8146973e-6,
                    -14.0,
                ],
                [
                    -1.0000035,
                    -3.8146973e-6,
                    -28.0,
                ],
                [
                    0.9999952,
                    15.999998,
                    -14.0,
                ],
                [
                    -1.0000035,
                    15.999998,
                    -28.0,
                ],
                [
                    0.9999953,
                    -3.8146973e-6,
                    -28.0,
                ],
                [
                    -1.0000036,
                    15.999998,
                    -14.0,
                ],
                [
                    0.9999946,
                    15.999998,
                    -28.0,
                ],
            ],
            faces: [
                [
                    VertexId(
                        0,
                    ),
                    VertexId(
                        1,
                    ),
                    VertexId(
                        2,
                    ),
                ],
                [
                    VertexId(
                        1,
                    ),
                    VertexId(
                        0,
                    ),
                    VertexId(
                        3,
                    ),
                ],
                [
                    VertexId(
                        4,
                    ),
                    VertexId(
                        2,
                    ),
                    VertexId(
                        1,
                    ),
                ],
                [
                    VertexId(
                        5,
                    ),
                    VertexId(
                        2,
                    ),
                    VertexId(
                        4,
                    ),
                ],
                [
                    VertexId(
                        5,
                    ),
                    VertexId(
                        3,
                    ),
                    VertexId(
                        0,
                    ),
                ],
                [
                    VertexId(
                        5,
                    ),
                    VertexId(
                        0,
                    ),
                    VertexId(
                        2,
                    ),
                ],
                [
                    VertexId(
                        6,
                    ),
                    VertexId(
                        1,
                    ),
                    VertexId(
                        3,
                    ),
                ],
                [
                    VertexId(
                        6,
                    ),
                    VertexId(
                        3,
                    ),
                    VertexId(
                        4,
                    ),
                ],
                [
                    VertexId(
                        6,
                    ),
                    VertexId(
                        4,
                    ),
                    VertexId(
                        1,
                    ),
                ],
                [
                    VertexId(
                        7,
                    ),
                    VertexId(
                        4,
                    ),
                    VertexId(
                        3,
                    ),
                ],
                [
                    VertexId(
                        7,
                    ),
                    VertexId(
                        3,
                    ),
                    VertexId(
                        5,
                    ),
                ],
                [
                    VertexId(
                        7,
                    ),
                    VertexId(
                        5,
                    ),
                    VertexId(
                        4,
                    ),
                ],
            ],
        },
        Mesh {
            positions: [
                [
                    -1.0000033,
                    -16.0,
                    -13.999998,
                ],
                [
                    0.99999595,
                    -32.0,
                    -13.999998,
                ],
                [
                    0.99999654,
                    -15.999998,
                    -13.999998,
                ],
                [
                    0.99999595,
                    -16.0,
                    -28.0,
                ],
                [
                    0.99999666,
                    -32.0,
                    -28.0,
                ],
                [
                    -1.0000035,
                    -31.999996,
                    -27.999996,
                ],
                [
                    -1.0000035,
                    -31.999998,
                    -13.999998,
                ],
                [
                    -1.0000035,
                    -16.0,
                    -27.999996,
                ],
            ],
            faces: [
                [
                    VertexId(
                        0,
                    ),
                    VertexId(
                        1,
                    ),
                    VertexId(
                        2,
                    ),
                ],
                [
                    VertexId(
                        3,
                    ),
                    VertexId(
                        2,
                    ),
                    VertexId(
                        1,
                    ),
                ],
                [
                    VertexId(
                        3,
                    ),
                    VertexId(
                        0,
                    ),
                    VertexId(
                        2,
                    ),
                ],
                [
                    VertexId(
                        4,
                    ),
                    VertexId(
                        1,
                    ),
                    VertexId(
                        5,
                    ),
                ],
                [
                    VertexId(
                        4,
                    ),
                    VertexId(
                        5,
                    ),
                    VertexId(
                        3,
                    ),
                ],
                [
                    VertexId(
                        4,
                    ),
                    VertexId(
                        3,
                    ),
                    VertexId(
                        1,
                    ),
                ],
                [
                    VertexId(
                        6,
                    ),
                    VertexId(
                        0,
                    ),
                    VertexId(
                        5,
                    ),
                ],
                [
                    VertexId(
                        6,
                    ),
                    VertexId(
                        5,
                    ),
                    VertexId(
                        1,
                    ),
                ],
                [
                    VertexId(
                        6,
                    ),
                    VertexId(
                        1,
                    ),
                    VertexId(
                        0,
                    ),
                ],
                [
                    VertexId(
                        7,
                    ),
                    VertexId(
                        5,
                    ),
                    VertexId(
                        0,
                    ),
                ],
                [
                    VertexId(
                        7,
                    ),
                    VertexId(
                        0,
                    ),
                    VertexId(
                        3,
                    ),
                ],
                [
                    VertexId(
                        7,
                    ),
                    VertexId(
                        3,
                    ),
                    VertexId(
                        5,
                    ),
                ],
            ],
        },
        Mesh {
            positions: [
                [
                    0.9999987,
                    -16.0,
                    -10.500002,
                ],
                [
                    -1.0000032,
                    -16.0,
                    -10.500002,
                ],
                [
                    -1.0000035,
                    -16.0,
                    -27.999994,
                ],
                [
                    0.99999607,
                    -4.7683716e-7,
                    -10.500002,
                ],
                [
                    0.9999953,
                    -3.8146973e-6,
                    -28.0,
                ],
                [
                    -1.0000035,
                    -3.8146973e-6,
                    -10.500002,
                ],
                [
                    0.99999595,
                    -16.0,
                    -28.0,
                ],
                [
                    -1.0000035,
                    -3.8146973e-6,
                    -27.999998,
                ],
            ],
            faces: [
                [
                    VertexId(
                        0,
                    ),
                    VertexId(
                        1,
                    ),
                    VertexId(
                        2,
                    ),
                ],
                [
                    VertexId(
                        1,
                    ),
                    VertexId(
                        0,
                    ),
                    VertexId(
                        3,
                    ),
                ],
                [
                    VertexId(
                        4,
                    ),
                    VertexId(
                        3,
                    ),
                    VertexId(
                        0,
                    ),
                ],
                [
                    VertexId(
                        5,
                    ),
                    VertexId(
                        3,
                    ),
                    VertexId(
                        4,
                    ),
                ],
                [
                    VertexId(
                        5,
                    ),
                    VertexId(
                        2,
                    ),
                    VertexId(
                        1,
                    ),
                ],
                [
                    VertexId(
                        5,
                    ),
                    VertexId(
                        1,
                    ),
                    VertexId(
                        3,
                    ),
                ],
                [
                    VertexId(
                        6,
                    ),
                    VertexId(
                        0,
                    ),
                    VertexId(
                        2,
                    ),
                ],
                [
                    VertexId(
                        6,
                    ),
                    VertexId(
                        2,
                    ),
                    VertexId(
                        4,
                    ),
                ],
                [
                    VertexId(
                        6,
                    ),
                    VertexId(
                        4,
                    ),
                    VertexId(
                        0,
                    ),
                ],
                [
                    VertexId(
                        7,
                    ),
                    VertexId(
                        4,
                    ),
                    VertexId(
                        2,
                    ),
                ],
                [
                    VertexId(
                        7,
                    ),
                    VertexId(
                        2,
                    ),
                    VertexId(
                        5,
                    ),
                ],
                [
                    VertexId(
                        7,
                    ),
                    VertexId(
                        5,
                    ),
                    VertexId(
                        4,
                    ),
                ],
            ],
        },
        Mesh {
            positions: [
                [
                    -1.0000035,
                    -3.8146973e-6,
                    28.000002,
                ],
                [
                    0.9999945,
                    -16.000004,
                    28.0,
                ],
                [
                    0.9999951,
                    -3.8146973e-6,
                    28.0,
                ],
                [
                    -1.000004,
                    -3.8146973e-6,
                    10.5,
                ],
                [
                    -1.0000039,
                    -16.000004,
                    10.5,
                ],
                [
                    0.99999666,
                    -16.000004,
                    10.5,
                ],
                [
                    0.99999595,
                    -3.8146973e-6,
                    10.5,
                ],
                [
                    -1.0000035,
                    -16.000004,
                    28.000004,
                ],
            ],
            faces: [
                [
                    VertexId(
                        0,
                    ),
                    VertexId(
                        1,
                    ),
                    VertexId(
                        2,
                    ),
                ],
                [
                    VertexId(
                        3,
                    ),
                    VertexId(
                        4,
                    ),
                    VertexId(
                        0,
                    ),
                ],
                [
                    VertexId(
                        3,
                    ),
                    VertexId(
                        0,
                    ),
                    VertexId(
                        2,
                    ),
                ],
                [
                    VertexId(
                        5,
                    ),
                    VertexId(
                        4,
                    ),
                    VertexId(
                        3,
                    ),
                ],
                [
                    VertexId(
                        5,
                    ),
                    VertexId(
                        2,
                    ),
                    VertexId(
                        1,
                    ),
                ],
                [
                    VertexId(
                        5,
                    ),
                    VertexId(
                        1,
                    ),
                    VertexId(
                        4,
                    ),
                ],
                [
                    VertexId(
                        6,
                    ),
                    VertexId(
                        3,
                    ),
                    VertexId(
                        2,
                    ),
                ],
                [
                    VertexId(
                        6,
                    ),
                    VertexId(
                        2,
                    ),
                    VertexId(
                        5,
                    ),
                ],
                [
                    VertexId(
                        6,
                    ),
                    VertexId(
                        5,
                    ),
                    VertexId(
                        3,
                    ),
                ],
                [
                    VertexId(
                        7,
                    ),
                    VertexId(
                        0,
                    ),
                    VertexId(
                        4,
                    ),
                ],
                [
                    VertexId(
                        7,
                    ),
                    VertexId(
                        4,
                    ),
                    VertexId(
                        1,
                    ),
                ],
                [
                    VertexId(
                        7,
                    ),
                    VertexId(
                        1,
                    ),
                    VertexId(
                        0,
                    ),
                ],
            ],
        },
        Mesh {
            positions: [
                [
                    0.9999959,
                    15.999998,
                    0.0,
                ],
                [
                    -1.0000036,
                    15.999998,
                    0.0,
                ],
                [
                    -1.0000035,
                    15.999998,
                    -28.0,
                ],
                [
                    0.9999952,
                    32.0,
                    0.0,
                ],
                [
                    0.99999464,
                    15.999998,
                    -28.0,
                ],
                [
                    0.9999939,
                    32.0,
                    -28.0,
                ],
                [
                    -1.0000035,
                    31.999996,
                    0.0,
                ],
                [
                    -1.0000035,
                    31.999994,
                    -28.0,
                ],
            ],
            faces: [
                [
                    VertexId(
                        0,
                    ),
                    VertexId(
                        1,
                    ),
                    VertexId(
                        2,
                    ),
                ],
                [
                    VertexId(
                        1,
                    ),
                    VertexId(
                        0,
                    ),
                    VertexId(
                        3,
                    ),
                ],
                [
                    VertexId(
                        4,
                    ),
                    VertexId(
                        3,
                    ),
                    VertexId(
                        0,
                    ),
                ],
                [
                    VertexId(
                        4,
                    ),
                    VertexId(
                        0,
                    ),
                    VertexId(
                        2,
                    ),
                ],
                [
                    VertexId(
                        5,
                    ),
                    VertexId(
                        3,
                    ),
                    VertexId(
                        4,
                    ),
                ],
                [
                    VertexId(
                        5,
                    ),
                    VertexId(
                        4,
                    ),
                    VertexId(
                        2,
                    ),
                ],
                [
                    VertexId(
                        6,
                    ),
                    VertexId(
                        3,
                    ),
                    VertexId(
                        5,
                    ),
                ],
                [
                    VertexId(
                        6,
                    ),
                    VertexId(
                        2,
                    ),
                    VertexId(
                        1,
                    ),
                ],
                [
                    VertexId(
                        6,
                    ),
                    VertexId(
                        1,
                    ),
                    VertexId(
                        3,
                    ),
                ],
                [
                    VertexId(
                        7,
                    ),
                    VertexId(
                        5,
                    ),
                    VertexId(
                        2,
                    ),
                ],
                [
                    VertexId(
                        7,
                    ),
                    VertexId(
                        2,
                    ),
                    VertexId(
                        6,
                    ),
                ],
                [
                    VertexId(
                        7,
                    ),
                    VertexId(
                        6,
                    ),
                    VertexId(
                        5,
                    ),
                ],
            ],
        },
        Mesh {
            positions: [
                [
                    -1.0000035,
                    31.999996,
                    28.0,
                ],
                [
                    0.9999951,
                    -3.8146973e-6,
                    28.0,
                ],
                [
                    0.9999963,
                    32.0,
                    28.0,
                ],
                [
                    -1.0000035,
                    31.999996,
                    0.0,
                ],
                [
                    -1.0000038,
                    4.0,
                    0.0,
                ],
                [
                    0.99999636,
                    4.0,
                    0.0,
                ],
                [
                    -1.000004,
                    -3.8146973e-6,
                    10.499998,
                ],
                [
                    0.9999951,
                    32.0,
                    0.0,
                ],
                [
                    -1.0000035,
                    -3.8146973e-6,
                    28.000002,
                ],
                [
                    0.99999595,
                    -3.8146973e-6,
                    10.499999,
                ],
            ],
            faces: [
                [
                    VertexId(
                        0,
                    ),
                    VertexId(
                        1,
                    ),
                    VertexId(
                        2,
                    ),
                ],
                [
                    VertexId(
                        3,
                    ),
                    VertexId(
                        4,
                    ),
                    VertexId(
                        0,
                    ),
                ],
                [
                    VertexId(
                        3,
                    ),
                    VertexId(
                        0,
                    ),
                    VertexId(
                        2,
                    ),
                ],
                [
                    VertexId(
                        5,
                    ),
                    VertexId(
                        4,
                    ),
                    VertexId(
                        3,
                    ),
                ],
                [
                    VertexId(
                        5,
                    ),
                    VertexId(
                        2,
                    ),
                    VertexId(
                        1,
                    ),
                ],
                [
                    VertexId(
                        6,
                    ),
                    VertexId(
                        4,
                    ),
                    VertexId(
                        5,
                    ),
                ],
                [
                    VertexId(
                        6,
                    ),
                    VertexId(
                        0,
                    ),
                    VertexId(
                        4,
                    ),
                ],
                [
                    VertexId(
                        7,
                    ),
                    VertexId(
                        3,
                    ),
                    VertexId(
                        2,
                    ),
                ],
                [
                    VertexId(
                        7,
                    ),
                    VertexId(
                        2,
                    ),
                    VertexId(
                        5,
                    ),
                ],
                [
                    VertexId(
                        7,
                    ),
                    VertexId(
                        5,
                    ),
                    VertexId(
                        3,
                    ),
                ],
                [
                    VertexId(
                        8,
                    ),
                    VertexId(
                        1,
                    ),
                    VertexId(
                        0,
                    ),
                ],
                [
                    VertexId(
                        8,
                    ),
                    VertexId(
                        0,
                    ),
                    VertexId(
                        6,
                    ),
                ],
                [
                    VertexId(
                        8,
                    ),
                    VertexId(
                        6,
                    ),
                    VertexId(
                        1,
                    ),
                ],
                [
                    VertexId(
                        9,
                    ),
                    VertexId(
                        5,
                    ),
                    VertexId(
                        1,
                    ),
                ],
                [
                    VertexId(
                        9,
                    ),
                    VertexId(
                        1,
                    ),
                    VertexId(
                        6,
                    ),
                ],
                [
                    VertexId(
                        9,
                    ),
                    VertexId(
                        6,
                    ),
                    VertexId(
                        5,
                    ),
                ],
            ],
        },
    ],
}
