---
source: src/test/union_physics.rs
expression: mesh
---
CSGPHS8 {
    geom_type: Type0,
    mesh: Mesh8 {
        hull_count: 46,
        position_count: 661,
        face_count: 1138,
        first_hull_vert_count: 25,
        first_hull_face_count: 46,
        raw_hulls_len: 120,
        clers_bit_count: 2230,
        clers_buffer_len: 280,
        positions_len: 7932,
        aabb: Aabb {
            min: [
                -4.19545,
                -0.25,
                -4.1955,
            ],
            max: [
                4.19545,
                0.25,
                4.1955,
            ],
        },
        raw_hulls: RawHulls {
            face_ranges: [
                0,
                12,
            ],
            faces: [
                0,
                1,
                3,
                0,
                3,
                2,
                0,
                2,
                3,
                0,
                3,
                1,
            ],
            pos_ranges: [
                0,
                12,
            ],
            positions: [
                0.8621093,
                0.15,
                -2.0976474,
                0.16381252,
                0.15,
                -2.0976474,
                0.43360278,
                0.15,
                -1.0488751,
                0.34344485,
                0.15,
                -1.0488751,
            ],
        },
        clers_buffer: [
            85,
            222,
            83,
            21,
            91,
            20,
            165,
            220,
            119,
            139,
            219,
            118,
            226,
            237,
            89,
            5,
            165,
            220,
            197,
            167,
            175,
            171,
            120,
            185,
            47,
            203,
            46,
            10,
            85,
            214,
            169,
            224,
            171,
            110,
            81,
            252,
            75,
            157,
            92,
            120,
            11,
            183,
            10,
            119,
            235,
            66,
            225,
            173,
            81,
            252,
            116,
            139,
            165,
            248,
            77,
            61,
            69,
            113,
            183,
            212,
            238,
            179,
            39,
            45,
            252,
            108,
            85,
            161,
            22,
            183,
            5,
            165,
            85,
            65,
            185,
            111,
            119,
            93,
            165,
            110,
            106,
            81,
            187,
            10,
            245,
            4,
            10,
            126,
            124,
            233,
            45,
            75,
            170,
            40,
            20,
            252,
            211,
            249,
            18,
            169,
            64,
            65,
            249,
            223,
            181,
            91,
            78,
            88,
            117,
            215,
            125,
            155,
            216,
            110,
            65,
            21,
            165,
            80,
            110,
            159,
            39,
            157,
            236,
            19,
            235,
            44,
            10,
            252,
            22,
            138,
            215,
            61,
            190,
            68,
            171,
            168,
            1,
            10,
            119,
            237,
            235,
            151,
            165,
            104,
            10,
            238,
            186,
            117,
            162,
            192,
            223,
            154,
            248,
            233,
            211,
            174,
            220,
            130,
            19,
            46,
            81,
            191,
            203,
            155,
            187,
            165,
            20,
            74,
            109,
            217,
            173,
            19,
            9,
            21,
            10,
            229,
            101,
            111,
            114,
            194,
            69,
            253,
            246,
            91,
            185,
            84,
            139,
            42,
            74,
            169,
            159,
            55,
            240,
            114,
            213,
            89,
            219,
            22,
            5,
            46,
            116,
            171,
            170,
            176,
            20,
            80,
            222,
            215,
            179,
            103,
            157,
            90,
            75,
            1,
            202,
            207,
            212,
            22,
            220,
            116,
            130,
            247,
            61,
            91,
            90,
            133,
            194,
            133,
            249,
            146,
            150,
            182,
            20,
            117,
            219,
            231,
            179,
            170,
            104,
            41,
            66,
            225,
            119,
            79,
            178,
            74,
            171,
            138,
            20,
            220,
            175,
            249,
            165,
            120,
            237,
            182,
            18,
            81,
            40,
            20,
            151,
            111,
            137,
            254,
            180,
            10,
            119,
            251,
            47,
            91,
            252,
            34,
            170,
            85,
            170,
            224,
            119,
            235,
            44,
            0,
        ],
        positions: [
            [
                -2.1192045,
                -0.1480926,
                -2.09775,
            ],
            [
                -2.097725,
                -0.14273676,
                -2.0549066,
            ],
            [
                -2.097725,
                -0.14216799,
                -2.0569868,
            ],
            [
                -2.1189187,
                -0.14786652,
                -2.09775,
            ],
            [
                -2.1027374,
                -0.14999898,
                -2.09775,
            ],
            [
                -2.097725,
                -0.14999898,
                -2.0905955,
            ],
            [
                -2.097725,
                -0.151333,
                -2.090843,
            ],
            [
                -2.1026134,
                -0.15093827,
                -2.09775,
            ],
            [
                3.385953,
                -0.027293041,
                -2.0977502,
            ],
            [
                3.4801173,
                2.1051615e-5,
                -2.3724732,
            ],
            [
                3.5237503,
                2.1051615e-5,
                -2.3072615,
            ],
            [
                3.3876774,
                -0.025306776,
                -2.0977502,
            ],
            [
                2.6428127,
                0.092776135,
                -2.212469,
            ],
            [
                2.6428127,
                0.085759565,
                -2.2235754,
            ],
            [
                2.6675625,
                -0.09002259,
                2.2171948,
            ],
            [
                3.3187864,
                -0.033886623,
                2.0977774,
            ],
            [
                3.3760579,
                -0.036426455,
                2.0977774,
            ],
            [
                3.5567503,
                -0.0028103478,
                2.376473,
            ],
            [
                3.3865025,
                -0.027034715,
                2.0977774,
            ],
            [
                3.387721,
                -0.025318917,
                2.0977774,
            ],
            [
                3.387721,
                0.025297143,
                2.0977774,
            ],
            [
                2.6676495,
                -0.08562021,
                2.2184772,
            ],
            [
                2.6676495,
                -0.08370122,
                2.2223241,
            ],
            [
                2.6676495,
                -0.08321583,
                2.2279716,
            ],
            [
                3.4800692,
                -1.0885298e-5,
                2.3724623,
            ],
            [
                3.5567503,
                0.0027885735,
                2.376473,
            ],
            [
                3.5236757,
                -1.0885298e-5,
                2.307256,
            ],
            [
                -2.6428127,
                0.09277618,
                -2.212469,
            ],
            [
                -3.4801173,
                2.3839297e-5,
                -2.3724732,
            ],
            [
                -3.5237503,
                2.3839297e-5,
                -2.3072615,
            ],
            [
                -3.3892298,
                0.026875047,
                -2.0977502,
            ],
            [
                -3.3876774,
                0.025297627,
                -2.0977502,
            ],
            [
                -2.6428127,
                -0.0862786,
                -2.2177129,
            ],
            [
                -3.3876662,
                -0.025288953,
                2.0977774,
            ],
            [
                -3.3896677,
                -0.025051922,
                2.0977774,
            ],
            [
                -2.667649,
                0.08372845,
                2.2222967,
            ],
            [
                -2.667649,
                -0.08923657,
                2.2188592,
            ],
            [
                -2.667649,
                -0.08915192,
                2.2266893,
            ],
            [
                -3.4799962,
                -1.1273427e-5,
                2.3724623,
            ],
            [
                -3.5566623,
                0.002799239,
                2.376473,
            ],
            [
                -3.5235941,
                -1.1273427e-5,
                2.307256,
            ],
            [
                -3.5566623,
                -0.0027709932,
                2.376473,
            ],
            [
                -1.7618752,
                -0.0652757,
                -3.1750345,
            ],
            [
                -1.7618752,
                -0.06587762,
                -3.1698,
            ],
            [
                -2.3073332,
                -1.9061845e-5,
                -3.5238,
            ],
            [
                -2.2523391,
                0.0734442,
                -2.8107748,
            ],
            [
                -2.372549,
                -1.9061845e-5,
                -3.480178,
            ],
            [
                -2.2085829,
                -0.076535955,
                -2.8107748,
            ],
            [
                -2.2487526,
                0.06896652,
                -2.8107748,
            ],
            [
                -2.2445083,
                -0.07415765,
                -2.8107748,
            ],
            [
                -2.2523391,
                -0.07343828,
                -2.8107748,
            ],
            [
                -3.4934335,
                0.08911446,
                0.3394022,
            ],
            [
                -3.4934335,
                0.07930871,
                0.33299446,
            ],
            [
                -4.1384144,
                1.6658567e-5,
                0.78315437,
            ],
            [
                -4.19545,
                0.002811824,
                0.8344163,
            ],
            [
                -3.4934335,
                -0.06523913,
                0.99422145,
            ],
            [
                -3.4934335,
                0.06521201,
                0.99422145,
            ],
            [
                -3.4934335,
                0.08908424,
                0.35111734,
            ],
            [
                -4.123228,
                1.6658567e-5,
                0.8600473,
            ],
            [
                2.250128,
                0.06818634,
                -2.818469,
            ],
            [
                2.37255,
                -7.5867865e-6,
                -3.4801006,
            ],
            [
                2.3072743,
                -7.5867865e-6,
                -3.5237308,
            ],
            [
                1.7618752,
                0.06587304,
                -3.1699953,
            ],
            [
                1.7618752,
                -0.06586051,
                -3.1699953,
            ],
            [
                2.2460036,
                -0.0733268,
                -2.818469,
            ],
            [
                2.254731,
                -0.0677721,
                -2.818469,
            ],
            [
                2.245584,
                -0.07330969,
                2.8188,
            ],
            [
                2.37255,
                -1.0168413e-5,
                3.480092,
            ],
            [
                2.3072932,
                -1.0168413e-5,
                3.5236998,
            ],
            [
                1.7783751,
                -0.06821519,
                3.1773908,
            ],
            [
                1.7783751,
                -0.063301645,
                3.1855328,
            ],
            [
                1.7783751,
                0.06387984,
                3.1805649,
            ],
            [
                1.7783751,
                0.068890825,
                3.175942,
            ],
            [
                2.2548318,
                0.067735516,
                2.8188,
            ],
            [
                2.2501788,
                -0.06813168,
                2.8188,
            ],
            [
                2.2474453,
                -0.07262764,
                2.8188,
            ],
            [
                1.7783751,
                -0.072558045,
                3.133093,
            ],
            [
                0.86008775,
                -4.491757e-5,
                4.123015,
            ],
            [
                0.934664,
                0.037662305,
                3.781946,
            ],
            [
                0.8344857,
                -0.0027914613,
                4.1955,
            ],
            [
                0.934664,
                -0.03623769,
                3.7733216,
            ],
            [
                0.111269444,
                -0.13175067,
                3.146625,
            ],
            [
                0.09095299,
                -0.12197092,
                3.146625,
            ],
            [
                0.78311646,
                -4.491757e-5,
                4.138313,
            ],
            [
                0.10970029,
                0.13048008,
                3.146625,
            ],
            [
                0.934664,
                0.036199193,
                3.7733216,
            ],
            [
                0.12117991,
                -0.13021055,
                3.146625,
            ],
            [
                0.10094604,
                0.121932425,
                3.146625,
            ],
            [
                0.93137205,
                -0.03462541,
                -3.7886195,
            ],
            [
                0.93137205,
                0.045872718,
                -3.74211,
            ],
            [
                0.93137205,
                -0.049574044,
                -3.743342,
            ],
            [
                0.8600769,
                7.450581e-9,
                -4.123015,
            ],
            [
                0.8344692,
                -0.0027939058,
                -4.1955,
            ],
            [
                0.10095021,
                -0.12197699,
                -3.146625,
            ],
            [
                0.10086894,
                0.121977,
                -3.146625,
            ],
            [
                0.8344692,
                0.002770041,
                -4.1955,
            ],
            [
                0.93137205,
                0.034601547,
                -3.7886195,
            ],
            [
                0.7830912,
                7.450581e-9,
                -4.138313,
            ],
            [
                -1.7783747,
                -0.06888962,
                3.1758661,
            ],
            [
                -1.7783747,
                0.06387137,
                3.1805422,
            ],
            [
                -2.307234,
                9.279785e-6,
                3.5236998,
            ],
            [
                -1.7783747,
                -0.07323368,
                3.1318984,
            ],
            [
                -2.372549,
                9.279785e-6,
                3.480081,
            ],
            [
                -1.7783747,
                0.06892261,
                3.1755173,
            ],
            [
                -1.7783747,
                0.06887931,
                3.1758661,
            ],
            [
                -1.7783747,
                -0.024583036,
                2.8107247,
            ],
            [
                -2.253377,
                -0.06855767,
                2.8107247,
            ],
            [
                -2.2487822,
                0.06895147,
                2.8107247,
            ],
            [
                -2.244071,
                0.07420476,
                2.8107247,
            ],
            [
                2.7670658,
                0.14989999,
                -1.1565652,
            ],
            [
                3.3877947,
                -0.025266737,
                -2.0976474,
            ],
            [
                3.385898,
                -0.02726294,
                -2.0976474,
            ],
            [
                2.612756,
                -0.15,
                -1.0488751,
            ],
            [
                2.7670658,
                -0.14988258,
                -1.1565652,
            ],
            [
                2.774273,
                -0.14988258,
                -1.1391131,
            ],
            [
                3.1197631,
                -0.11189603,
                -1.0488751,
            ],
            [
                2.774273,
                0.14989999,
                -1.1391131,
            ],
            [
                2.7914186,
                -0.15,
                -1.0488751,
            ],
            [
                2.77359,
                -0.15,
                -1.1383944,
            ],
            [
                2.762438,
                -0.15,
                -1.1443486,
            ],
            [
                0.9347467,
                0.036223996,
                3.7732816,
            ],
            [
                1.0682771,
                -0.10116552,
                3.146625,
            ],
            [
                0.9347467,
                -0.036237102,
                3.7732816,
            ],
            [
                0.9347467,
                0.03769778,
                3.7820516,
            ],
            [
                1.7782927,
                -0.063297436,
                3.185624,
            ],
            [
                1.7782927,
                -0.06821005,
                3.177538,
            ],
            [
                1.7311399,
                -0.07428941,
                3.146625,
            ],
            [
                1.7782927,
                -0.07121903,
                3.146625,
            ],
            [
                1.7336173,
                0.07470616,
                3.146625,
            ],
            [
                1.0735623,
                0.1079482,
                3.146625,
            ],
            [
                1.0682771,
                0.10115241,
                3.146625,
            ],
            [
                1.7782927,
                0.06887243,
                3.175983,
            ],
            [
                1.7782927,
                0.06387794,
                3.1806479,
            ],
            [
                -3.2372437,
                0.091760054,
                -1.048875,
            ],
            [
                -3.2372437,
                -0.091779396,
                -1.048875,
            ],
            [
                -4.1231713,
                7.79517e-7,
                -0.859974,
            ],
            [
                -3.2102418,
                0.101458535,
                -1.048875,
            ],
            [
                -4.19545,
                0.0028016325,
                -0.83446914,
            ],
            [
                -4.19545,
                -0.0027791709,
                -0.83446914,
            ],
            [
                -4.1384687,
                7.79517e-7,
                -0.7830925,
            ],
            [
                -3.1465874,
                0.12175426,
                -0.111709535,
            ],
            [
                -3.1465874,
                0.10871149,
                -1.048875,
            ],
            [
                -3.1465874,
                0.113289,
                -0.7199726,
            ],
            [
                0.93145335,
                0.04590011,
                -3.7421782,
            ],
            [
                0.93145335,
                -0.034615397,
                -3.7888217,
            ],
            [
                0.93145335,
                -0.04955776,
                -3.7433727,
            ],
            [
                1.0586666,
                0.1098924,
                -3.146625,
            ],
            [
                1.0593169,
                -0.11134118,
                -3.146625,
            ],
            [
                1.761794,
                -0.06584277,
                -3.1699467,
            ],
            [
                1.761794,
                0.065844916,
                -3.1699467,
            ],
            [
                0.93145335,
                0.034617543,
                -3.7888217,
            ],
            [
                1.7258654,
                0.07019769,
                -3.146625,
            ],
            [
                1.7258654,
                -0.07019554,
                -3.146625,
            ],
            [
                -1.7782927,
                0.06891226,
                3.1756244,
            ],
            [
                -1.734377,
                0.07462707,
                3.1466842,
            ],
            [
                -1.7336383,
                -0.07468274,
                3.1466842,
            ],
            [
                -1.7782927,
                -0.0688644,
                3.1760967,
            ],
            [
                -0.9397918,
                -0.03863387,
                3.7499988,
            ],
            [
                -1.0682552,
                -0.101144806,
                3.1466842,
            ],
            [
                -0.9397918,
                0.11038606,
                3.1466842,
            ],
            [
                -1.0413313,
                0.10897806,
                3.1466842,
            ],
            [
                -1.7336383,
                0.07468919,
                3.1466842,
            ],
            [
                -1.7782927,
                0.06887085,
                3.1760967,
            ],
            [
                -1.7782927,
                0.06386004,
                3.1806445,
            ],
            [
                -0.9397918,
                0.03864032,
                3.7499988,
            ],
            [
                -0.9397918,
                0.06605485,
                3.5371997,
            ],
            [
                4.122966,
                -5.6975987e-6,
                -0.85992354,
            ],
            [
                3.1465874,
                -0.108981244,
                -1.0418899,
            ],
            [
                3.1465874,
                0.12170434,
                -0.11176705,
            ],
            [
                3.1465874,
                0.123119295,
                -0.10236624,
            ],
            [
                3.1465874,
                0.12192775,
                -0.10097009,
            ],
            [
                3.1465874,
                -0.12196398,
                -0.09110388,
            ],
            [
                3.1465874,
                -0.13047847,
                -0.10981244,
            ],
            [
                4.19545,
                -0.0028355864,
                -0.8344203,
            ],
            [
                4.19545,
                0.002774544,
                -0.8344203,
            ],
            [
                4.138366,
                -5.6975987e-6,
                -0.78313464,
            ],
            [
                2.1311085,
                0.139,
                2.123146,
            ],
            [
                2.1273663,
                -0.14988685,
                2.1139002,
            ],
            [
                2.1143117,
                -0.15,
                2.1142452,
            ],
            [
                1.7785493,
                -0.14994343,
                2.3432548,
            ],
            [
                2.1130064,
                -0.15,
                2.12701,
            ],
            [
                2.2455533,
                -0.07330864,
                2.8188,
            ],
            [
                2.6674757,
                -0.090027414,
                2.2172616,
            ],
            [
                2.6674757,
                -0.08561434,
                2.2185035,
            ],
            [
                2.6674757,
                -0.08371898,
                2.2223675,
            ],
            [
                2.6674757,
                -0.083209775,
                2.2280254,
            ],
            [
                2.2547784,
                0.06774011,
                2.8188,
            ],
            [
                1.7784623,
                -0.14994343,
                2.3509138,
            ],
            [
                2.250166,
                -0.06813176,
                2.8188,
            ],
            [
                2.247381,
                -0.072601415,
                2.8188,
            ],
            [
                -3.3877492,
                0.02528387,
                -2.0976474,
            ],
            [
                -2.7661495,
                0.15,
                -1.1565652,
            ],
            [
                -2.7770686,
                -0.13898787,
                -1.1565652,
            ],
            [
                -2.7775567,
                -0.14894284,
                -1.1553333,
            ],
            [
                -2.7736526,
                -0.15,
                -1.1383944,
            ],
            [
                -2.7914648,
                -0.15,
                -1.0488751,
            ],
            [
                -2.793051,
                0.14903094,
                -1.0488751,
            ],
            [
                -2.7736526,
                0.15,
                -1.1383944,
            ],
            [
                -2.7672474,
                0.14988254,
                -1.1565652,
            ],
            [
                -3.3893352,
                0.026869617,
                -2.0976474,
            ],
            [
                -3.2371988,
                -0.09176782,
                -1.0488751,
            ],
            [
                -2.7744455,
                -0.14988254,
                -1.1391131,
            ],
            [
                -3.2371988,
                0.09176782,
                -1.0488751,
            ],
            [
                -3.2101755,
                0.1014585,
                -1.0488751,
            ],
            [
                -2.7744455,
                0.14988254,
                -1.1391131,
            ],
            [
                -0.111388534,
                0.13105977,
                3.146625,
            ],
            [
                -0.10088059,
                0.12192945,
                3.146625,
            ],
            [
                -0.12132183,
                -0.13021576,
                3.146625,
            ],
            [
                -0.93954563,
                0.11039507,
                3.1468303,
            ],
            [
                -0.12230694,
                -0.13016462,
                3.1468303,
            ],
            [
                -0.8344662,
                -0.0027748905,
                4.1955,
            ],
            [
                -0.78315794,
                1.2798788e-5,
                4.138313,
            ],
            [
                -0.10982877,
                0.13044597,
                3.146625,
            ],
            [
                -0.93954563,
                0.06604779,
                3.5372837,
            ],
            [
                -0.93954563,
                0.03860567,
                3.749913,
            ],
            [
                -0.93954563,
                -0.038631223,
                3.749913,
            ],
            [
                -0.8599973,
                1.2798788e-5,
                4.123015,
            ],
            [
                2.2546864,
                -0.06777604,
                -2.8183308,
            ],
            [
                2.245977,
                -0.073326156,
                -2.8183308,
            ],
            [
                2.250116,
                0.06815779,
                -2.8183308,
            ],
            [
                2.6428127,
                0.08571848,
                -2.2235942,
            ],
            [
                2.6428127,
                0.092736885,
                -2.2125485,
            ],
            [
                2.1130948,
                0.15,
                -2.1270142,
            ],
            [
                1.7618752,
                0.14997064,
                -2.1968775,
            ],
            [
                1.7618752,
                -0.0436668,
                -2.3662894,
            ],
            [
                1.7618752,
                -0.1458888,
                -2.3662894,
            ],
            [
                1.7618752,
                -0.14991191,
                -2.3622165,
            ],
            [
                1.7618752,
                -0.15,
                -2.361526,
            ],
            [
                2.1130948,
                -0.15,
                -2.1270142,
            ],
            [
                2.113957,
                -0.14988254,
                -2.1274283,
            ],
            [
                2.1268916,
                -0.15,
                -2.113069,
            ],
            [
                2.127409,
                0.14988254,
                -2.1139665,
            ],
            [
                2.114302,
                0.15,
                -2.1143117,
            ],
            [
                1.7618752,
                0.14997064,
                -2.185763,
            ],
            [
                2.114302,
                -0.15,
                -2.1143117,
            ],
            [
                -2.252272,
                0.07343967,
                -2.8107748,
            ],
            [
                -2.252272,
                -0.07340652,
                -2.8107748,
            ],
            [
                -2.6428127,
                -0.086220585,
                -2.2177851,
            ],
            [
                -2.6428127,
                0.09276386,
                -2.212551,
            ],
            [
                -2.1193032,
                -0.14808157,
                -2.0978892,
            ],
            [
                -2.1026607,
                -0.15093896,
                -2.0978892,
            ],
            [
                -2.1268916,
                -0.14996685,
                -2.113103,
            ],
            [
                -2.127409,
                -0.14984903,
                -2.1140103,
            ],
            [
                -2.1131809,
                -0.14996685,
                -2.1269908,
            ],
            [
                -2.2444248,
                -0.0741135,
                -2.8107748,
            ],
            [
                -2.2085526,
                -0.076499574,
                -2.8107748,
            ],
            [
                -2.2487364,
                0.06896211,
                -2.8107748,
            ],
            [
                -1.7618752,
                0.14991163,
                -2.3579895,
            ],
            [
                -1.7618752,
                0.15,
                -2.3573613,
            ],
            [
                -2.1131809,
                0.15,
                -2.1269908,
            ],
            [
                -2.127409,
                0.14985271,
                -2.1140103,
            ],
            [
                -2.1190445,
                -0.14781645,
                -2.0978892,
            ],
            [
                -2.1028333,
                -0.14996685,
                -2.0978892,
            ],
            [
                -1.7618752,
                -0.14996685,
                -2.3616185,
            ],
            [
                -1.7618752,
                -0.14990793,
                -2.3619673,
            ],
            [
                -2.0842557,
                0.15014213,
                2.0977502,
            ],
            [
                -2.137078,
                -0.15,
                2.0977502,
            ],
            [
                -2.137078,
                -0.14997064,
                2.0977502,
            ],
            [
                -2.667475,
                0.08371483,
                2.2223828,
            ],
            [
                -2.667475,
                -0.08921359,
                2.2188938,
            ],
            [
                -2.667475,
                -0.089154825,
                2.2267792,
            ],
            [
                -2.1268964,
                -0.15,
                2.1131024,
            ],
            [
                -2.113147,
                -0.15,
                2.1269891,
            ],
            [
                -1.7784617,
                -0.15,
                2.346527,
            ],
            [
                -2.0839949,
                0.14999524,
                2.0977502,
            ],
            [
                -1.7784617,
                0.043435376,
                2.3441546,
            ],
            [
                -1.7784617,
                0.045080632,
                2.3509235,
            ],
            [
                -1.7784617,
                -0.024578433,
                2.8105855,
            ],
            [
                -2.2441146,
                0.07419583,
                2.8105855,
            ],
            [
                -2.113147,
                0.14999524,
                2.1269891,
            ],
            [
                -2.1142783,
                0.14999524,
                2.1142888,
            ],
            [
                -2.1273315,
                0.14987771,
                2.1140096,
            ],
            [
                -2.2487268,
                0.06896626,
                2.8105855,
            ],
            [
                -2.2534258,
                -0.06855971,
                2.8105855,
            ],
            [
                -2.1140172,
                -0.1498825,
                2.127408,
            ],
            [
                -2.1273315,
                -0.1498825,
                2.1140096,
            ],
            [
                -2.1140172,
                0.14987771,
                2.127408,
            ],
            [
                2.998292,
                -0.15,
                0.009856284,
            ],
            [
                3.0048888,
                -0.14305472,
                0.0,
            ],
            [
                2.9991167,
                -0.14988329,
                0.009445608,
            ],
            [
                4.195175,
                -0.00274817,
                0.83429503,
            ],
            [
                3.0162954,
                -0.13800626,
                0.0,
            ],
            [
                3.012585,
                0.14812222,
                0.0,
            ],
            [
                3.0048888,
                0.14304458,
                0.0,
            ],
            [
                2.7913218,
                -0.15,
                1.048875,
            ],
            [
                3.1950927,
                -0.10468052,
                1.048875,
            ],
            [
                3.265732,
                -0.08854294,
                1.048875,
            ],
            [
                4.1228867,
                -5.07175e-6,
                0.86006516,
            ],
            [
                4.195175,
                0.00279639,
                0.83429503,
            ],
            [
                4.138279,
                -5.07175e-6,
                0.78316545,
            ],
            [
                3.237284,
                -0.09175295,
                1.048875,
            ],
            [
                2.7921462,
                -0.14988329,
                1.048875,
            ],
            [
                2.7658691,
                -0.15,
                1.1565652,
            ],
            [
                2.7911248,
                -0.15,
                1.0488751,
            ],
            [
                2.7734458,
                -0.15,
                1.1383944,
            ],
            [
                3.376051,
                -0.036409285,
                2.0976474,
            ],
            [
                3.1947138,
                -0.10470367,
                1.0488751,
            ],
            [
                3.2654302,
                -0.08854459,
                1.0488751,
            ],
            [
                3.2371438,
                -0.09175732,
                1.0488751,
            ],
            [
                2.097725,
                0.17496297,
                1.0721788,
            ],
            [
                2.762207,
                -0.15,
                1.1443486,
            ],
            [
                2.097725,
                0.17162299,
                1.0992811,
            ],
            [
                3.31872,
                -0.033864547,
                2.0976474,
            ],
            [
                3.3875422,
                0.025300596,
                2.0976474,
            ],
            [
                3.387795,
                -0.025307868,
                2.0976474,
            ],
            [
                3.386406,
                -0.026993759,
                2.0976474,
            ],
            [
                2.7742035,
                0.14989729,
                1.1391131,
            ],
            [
                2.762207,
                0.14999272,
                1.1443486,
            ],
            [
                -0.8691379,
                -0.15352827,
                -2.0976474,
            ],
            [
                -0.997092,
                -0.14999968,
                -2.0976474,
            ],
            [
                -1.5733737,
                -0.0012246966,
                -1.0488751,
            ],
            [
                -0.43481034,
                -0.15910836,
                -1.0488751,
            ],
            [
                -1.3602797,
                -0.21080622,
                -1.0488751,
            ],
            [
                -1.5932343,
                -0.016939208,
                -1.0488751,
            ],
            [
                -1.5735365,
                -0.0013477877,
                -1.0488751,
            ],
            [
                -1.5740249,
                -0.001676023,
                -1.0489777,
            ],
            [
                -2.097725,
                -0.14214242,
                -2.056789,
            ],
            [
                -2.097725,
                -0.14999968,
                -2.0904613,
            ],
            [
                -2.097725,
                -0.15038946,
                -2.0905638,
            ],
            [
                -2.097725,
                -0.15131265,
                -2.0906665,
            ],
            [
                -2.097725,
                -0.14269632,
                -2.0547357,
            ],
            [
                -3.2371426,
                0.09175788,
                1.048875,
            ],
            [
                -2.7915542,
                0.14988258,
                1.048875,
            ],
            [
                -2.79231,
                0.14988258,
                1.048875,
            ],
            [
                -3.4934335,
                0.06522013,
                0.9942546,
            ],
            [
                -3.4934335,
                0.08905713,
                0.35102814,
            ],
            [
                -2.998167,
                0.15,
                0.009856284,
            ],
            [
                -2.9901278,
                0.15,
                0.0,
            ],
            [
                -2.997274,
                -0.14989999,
                0.0,
            ],
            [
                -2.999129,
                -0.14989999,
                0.009445608,
            ],
            [
                -3.2371426,
                -0.09174593,
                1.048875,
            ],
            [
                -3.4934335,
                -0.06520818,
                0.9942546,
            ],
            [
                -3.4934335,
                0.07928161,
                0.33306092,
            ],
            [
                -3.4934335,
                0.08905713,
                0.3393238,
            ],
            [
                -2.999129,
                0.14988258,
                0.009445608,
            ],
            [
                -2.998648,
                0.1499413,
                0.0,
            ],
            [
                -3.0124588,
                0.14820929,
                0.0,
            ],
            [
                -3.0163753,
                0.13799344,
                0.0,
            ],
            [
                -3.0083363,
                -0.14455721,
                0.0,
            ],
            [
                -0.8809376,
                -0.15318166,
                -2.0977502,
            ],
            [
                0.0,
                0.14991087,
                -2.5432937,
            ],
            [
                -0.8809376,
                0.14988115,
                -2.721819,
            ],
            [
                -0.8809376,
                -0.15335992,
                -2.1269054,
            ],
            [
                -0.8809376,
                0.14988115,
                -2.7228456,
            ],
            [
                -0.009916574,
                0.15,
                -2.9978712,
            ],
            [
                -8.621812e-5,
                0.15,
                -2.9898636,
            ],
            [
                0.0,
                0.1499703,
                -2.9898636,
            ],
            [
                0.0,
                0.14994058,
                -2.9983845,
            ],
            [
                0.0,
                0.1430771,
                -3.0046468,
            ],
            [
                0.0,
                -0.1389793,
                -3.0080345,
            ],
            [
                0.0,
                -0.14304985,
                -3.0046468,
            ],
            [
                0.0,
                -0.14988361,
                -2.990069,
            ],
            [
                0.0,
                -0.14997275,
                -2.9898636,
            ],
            [
                -0.86886525,
                -0.1535382,
                -2.0977502,
            ],
            [
                -8.621812e-5,
                -0.14997275,
                -2.9898636,
            ],
            [
                -0.009485424,
                -0.14988361,
                -2.9988978,
            ],
            [
                -0.10089046,
                -0.1219543,
                -3.1465225,
            ],
            [
                -0.10089046,
                0.12195184,
                -3.1465225,
            ],
            [
                -0.009485424,
                0.14988115,
                -2.9988978,
            ],
            [
                -1.7617126,
                -0.06523907,
                -3.1752698,
            ],
            [
                -0.8346571,
                0.0027939058,
                -4.1955,
            ],
            [
                -1.0584964,
                -0.109893925,
                -3.146625,
            ],
            [
                -1.7617126,
                -0.06585994,
                -3.1700337,
            ],
            [
                -1.7257876,
                -0.07020603,
                -3.146625,
            ],
            [
                -1.0680871,
                0.10115398,
                -3.146625,
            ],
            [
                -0.101042986,
                0.12197699,
                -3.146625,
            ],
            [
                -0.101042986,
                -0.121977,
                -3.146625,
            ],
            [
                -0.7832895,
                -7.450581e-9,
                -4.138313,
            ],
            [
                -3.2371187,
                0.091752365,
                1.0488751,
            ],
            [
                -3.2371187,
                -0.09175633,
                1.0488751,
            ],
            [
                -3.3897882,
                -0.025057917,
                2.0976474,
            ],
            [
                -2.767093,
                0.14987862,
                1.1565652,
            ],
            [
                -2.1371627,
                -0.14997065,
                2.0976474,
            ],
            [
                -2.1370401,
                -0.15,
                2.0976474,
            ],
            [
                -3.3875809,
                -0.025292771,
                2.0976474,
            ],
            [
                -2.7659893,
                -0.15,
                1.1565652,
            ],
            [
                -2.767093,
                -0.14988258,
                1.1565652,
            ],
            [
                -2.7626784,
                -0.15,
                1.1443486,
            ],
            [
                -2.7912502,
                0.14987862,
                1.0488751,
            ],
            [
                -2.791986,
                0.14990798,
                1.0488751,
            ],
            [
                -2.7742052,
                0.14987862,
                1.1391131,
            ],
            [
                3.0160956,
                -0.13799344,
                0.0,
            ],
            [
                3.1465874,
                -0.12196511,
                -0.09106815,
            ],
            [
                3.012297,
                0.14807992,
                0.0,
            ],
            [
                2.9899151,
                -0.15,
                0.0,
            ],
            [
                2.097725,
                -0.15,
                0.0,
            ],
            [
                2.99895,
                0.14989999,
                -0.009445608,
            ],
            [
                3.1465874,
                0.12306868,
                -0.10225916,
            ],
            [
                3.1465874,
                0.12195316,
                -0.10092443,
            ],
            [
                3.1465874,
                0.121688955,
                -0.11170477,
            ],
            [
                3.1465874,
                -0.10896044,
                -1.0417907,
            ],
            [
                3.1465874,
                -0.13047832,
                -0.109754056,
            ],
            [
                2.99895,
                -0.14988258,
                -0.009445608,
            ],
            [
                2.998026,
                -0.15,
                -0.009856284,
            ],
            [
                2.7912514,
                -0.15,
                -1.048875,
            ],
            [
                2.6128132,
                -0.15,
                -1.048875,
            ],
            [
                2.097725,
                -0.15,
                -0.7206395,
            ],
            [
                3.1196883,
                -0.11189603,
                -1.048875,
            ],
            [
                -0.10103214,
                0.12195576,
                3.14642,
            ],
            [
                -8.702278e-5,
                -0.13798943,
                3.0162346,
            ],
            [
                -8.702278e-5,
                0.1430697,
                3.004633,
            ],
            [
                -8.702278e-5,
                0.14988254,
                2.9988832,
            ],
            [
                -8.702278e-5,
                -0.15,
                2.09775,
            ],
            [
                -8.702278e-5,
                -0.15,
                2.9899511,
            ],
            [
                -0.12130821,
                -0.13020752,
                3.14642,
            ],
            [
                -0.12226543,
                -0.13017815,
                3.1466253,
            ],
            [
                -0.10982135,
                0.13047181,
                3.14642,
            ],
            [
                -0.11138773,
                0.13105913,
                3.14642,
            ],
            [
                -0.009572387,
                0.14988254,
                2.9988832,
            ],
            [
                -0.8891003,
                0.15,
                2.3622274,
            ],
            [
                -0.72062635,
                0.15,
                2.09775,
            ],
            [
                -0.86882424,
                0.15,
                2.09775,
            ],
            [
                -0.005656421,
                -0.15,
                2.09775,
            ],
            [
                -0.010007501,
                -0.15,
                2.9979594,
            ],
            [
                -0.009572387,
                -0.14988254,
                2.9988832,
            ],
            [
                -0.8891003,
                0.0862177,
                2.825782,
            ],
            [
                -0.8891003,
                0.11109045,
                3.1466253,
            ],
            [
                -0.8891003,
                0.14756265,
                2.825166,
            ],
            [
                -0.8891003,
                0.15,
                2.146826,
            ],
            [
                0.8891877,
                -0.15,
                2.8230414,
            ],
            [
                0.8891877,
                0.14747456,
                2.8257108,
            ],
            [
                0.8891877,
                -0.14991191,
                2.8236575,
            ],
            [
                0.11132255,
                -0.13173454,
                3.1465225,
            ],
            [
                0.12124497,
                -0.13020752,
                3.1465225,
            ],
            [
                0.109755844,
                0.13047181,
                3.1465225,
            ],
            [
                0.8891877,
                0.14991191,
                2.8236575,
            ],
            [
                0.8891877,
                0.15,
                2.8230414,
            ],
            [
                0.8891877,
                0.15,
                2.1468215,
            ],
            [
                0.8689077,
                0.15,
                2.0977502,
            ],
            [
                0.15745309,
                0.15,
                2.0977502,
            ],
            [
                0.0,
                -0.14997064,
                2.9898636,
            ],
            [
                0.009835392,
                -0.15,
                2.9978712,
            ],
            [
                0.0094872415,
                -0.14988254,
                2.9988978,
            ],
            [
                0.0,
                -0.13798943,
                3.0161445,
            ],
            [
                0.090955496,
                -0.12195576,
                3.1465225,
            ],
            [
                0.10087791,
                0.12195576,
                3.1465225,
            ],
            [
                0.0,
                0.14988254,
                2.9988978,
            ],
            [
                0.0094872415,
                0.14988254,
                2.9988978,
            ],
            [
                0.009835392,
                0.15,
                2.9978712,
            ],
            [
                0.0,
                0.15,
                2.9898636,
            ],
            [
                0.0,
                0.15,
                2.9895558,
            ],
            [
                0.0,
                0.1430697,
                3.0046468,
            ],
            [
                0.8809376,
                -0.15,
                -2.8224256,
            ],
            [
                0.8809376,
                0.15,
                -2.1439471,
            ],
            [
                0.8619667,
                0.15,
                -2.0977502,
            ],
            [
                0.16383922,
                0.15,
                -2.0977502,
            ],
            [
                0.009830356,
                0.15,
                -2.9978712,
            ],
            [
                0.8809376,
                0.15,
                -2.8246841,
            ],
            [
                0.8809376,
                0.14997064,
                -2.8248894,
            ],
            [
                0.10089046,
                -0.12195576,
                -3.1465225,
            ],
            [
                0.0,
                -0.15,
                -2.9898636,
            ],
            [
                0.0,
                0.14991191,
                -2.5432937,
            ],
            [
                0.0,
                0.14997064,
                -2.9898636,
            ],
            [
                0.0,
                0.14991191,
                -2.9983845,
            ],
            [
                0.009485424,
                0.14988254,
                -2.9988978,
            ],
            [
                0.10089046,
                0.12195576,
                -3.1465225,
            ],
            [
                0.0,
                -0.13898787,
                -3.0080345,
            ],
            [
                0.0,
                -0.1430697,
                -3.0046468,
            ],
            [
                0.0,
                0.1430697,
                -3.0046468,
            ],
            [
                -1.0488625,
                -0.23593915,
                -0.60852414,
            ],
            [
                -1.0488625,
                0.12902921,
                0.0,
            ],
            [
                -1.0488625,
                -0.14996685,
                0.0,
            ],
            [
                -2.097725,
                -0.14996685,
                0.0,
            ],
            [
                -1.0488625,
                0.13988152,
                -0.039630562,
            ],
            [
                -1.0488625,
                -0.14996685,
                -0.5923023,
            ],
            [
                -1.3685725,
                -0.14996685,
                -1.0486698,
            ],
            [
                -1.3605644,
                -0.21077652,
                -1.0486698,
            ],
            [
                -2.097725,
                -0.14996685,
                -0.0055441856,
            ],
            [
                -1.5733963,
                -0.0012719557,
                -1.0486698,
            ],
            [
                -1.574115,
                -0.0017134026,
                -1.0488751,
            ],
            [
                -1.5932114,
                -0.0169802,
                -1.0486698,
            ],
            [
                -1.5737044,
                -0.0013823174,
                -1.0486698,
            ],
            [
                1.0736047,
                0.107918955,
                3.1465273,
            ],
            [
                1.7782012,
                -0.07118246,
                3.1465273,
            ],
            [
                1.7335547,
                0.074706346,
                3.1465273,
            ],
            [
                1.1390514,
                0.14988254,
                2.774222,
            ],
            [
                1.1564574,
                0.14988254,
                2.7669795,
            ],
            [
                1.1564574,
                0.15,
                2.7660007,
            ],
            [
                0.8891877,
                0.15,
                2.1467643,
            ],
            [
                1.7782012,
                -0.14991191,
                2.3432913,
            ],
            [
                1.7782012,
                -0.07250392,
                3.1328251,
            ],
            [
                1.7782012,
                -0.14991191,
                2.3509252,
            ],
            [
                1.1564574,
                -0.14988254,
                2.7669795,
            ],
            [
                1.731118,
                -0.07429522,
                3.1465273,
            ],
            [
                1.0682958,
                -0.10116484,
                3.1465273,
            ],
            [
                1.0682958,
                0.10116484,
                3.1465273,
            ],
            [
                0.8891877,
                0.14991191,
                2.8236473,
            ],
            [
                0.8891877,
                0.15,
                2.8229623,
            ],
            [
                1.1383551,
                0.15,
                2.773537,
            ],
            [
                0.8891877,
                0.14747456,
                2.8257027,
            ],
            [
                0.8891877,
                -0.14991191,
                2.8236473,
            ],
            [
                0.8891877,
                -0.15,
                2.8229623,
            ],
            [
                1.1443602,
                -0.15,
                2.7622817,
            ],
            [
                1.1383551,
                -0.15,
                2.773537,
            ],
            [
                1.1390514,
                -0.14988254,
                2.774222,
            ],
            [
                -3.012297,
                0.14824603,
                0.0,
            ],
            [
                -2.097725,
                -0.15,
                0.0,
            ],
            [
                -2.9984365,
                0.14994895,
                0.0,
            ],
            [
                -2.99895,
                0.14989023,
                -0.009445608,
            ],
            [
                -2.7928941,
                0.1490094,
                -1.048875,
            ],
            [
                -2.097725,
                -0.15,
                -0.0055441856,
            ],
            [
                -2.7912514,
                -0.15,
                -1.048875,
            ],
            [
                -2.998026,
                -0.15,
                -0.009856284,
            ],
            [
                -2.9899151,
                -0.15,
                0.0,
            ],
            [
                -2.9972045,
                -0.14988256,
                0.0,
            ],
            [
                -3.0081902,
                -0.14459763,
                0.0,
            ],
            [
                -3.0160956,
                0.13799915,
                0.0,
            ],
            [
                -3.1465874,
                0.121733315,
                -0.11170477,
            ],
            [
                -3.1465874,
                0.113277435,
                -0.7200235,
            ],
            [
                -3.1465874,
                0.10869716,
                -1.048875,
            ],
            [
                -2.79197,
                -0.14988256,
                -1.048875,
            ],
            [
                -3.0081902,
                -0.14897238,
                -0.004414797,
            ],
            [
                -1.7335585,
                0.074706346,
                3.1465273,
            ],
            [
                -0.88927436,
                0.11109045,
                3.1465273,
            ],
            [
                -1.0413013,
                0.10897612,
                3.1465273,
            ],
            [
                -1.1390265,
                0.14988254,
                2.7742221,
            ],
            [
                -1.1383303,
                0.15,
                2.773537,
            ],
            [
                -0.88927436,
                0.14756265,
                2.8251154,
            ],
            [
                -0.88927436,
                0.15,
                2.3622785,
            ],
            [
                -0.88927436,
                0.15,
                2.1467643,
            ],
            [
                -0.88927436,
                0.0862177,
                2.8257027,
            ],
            [
                -1.068278,
                -0.10116484,
                3.1465273,
            ],
            [
                -1.7335585,
                -0.074706346,
                3.1465273,
            ],
            [
                -1.7337326,
                -0.053181283,
                3.1465273,
            ],
            [
                -1.7343417,
                0.07464761,
                3.1465273,
            ],
            [
                -1.1564308,
                0.15,
                2.7660007,
            ],
            [
                -1.1564308,
                0.14988254,
                2.7669795,
            ],
            [
                -1.7782876,
                0.04507635,
                2.3510232,
            ],
            [
                -1.7782876,
                0.04343187,
                2.3441722,
            ],
            [
                -1.7782876,
                -0.15,
                2.3465211,
            ],
            [
                -1.1443348,
                -0.15,
                2.7622817,
            ],
            [
                -1.1390265,
                -0.14988254,
                2.7742221,
            ],
            [
                -1.1564308,
                -0.14988254,
                2.7669795,
            ],
            [
                -1.7782876,
                -0.07317933,
                3.131651,
            ],
            [
                -0.94649273,
                -0.25,
                0.0,
            ],
            [
                -1.067495,
                0.11414253,
                0.0,
            ],
            [
                -0.956733,
                0.24000001,
                0.0,
            ],
            [
                0.0,
                0.24000001,
                0.95678014,
            ],
            [
                -0.00010448694,
                0.24000001,
                0.95678014,
            ],
            [
                -0.36624607,
                0.24000001,
                0.88388455,
            ],
            [
                -0.6764842,
                0.24000001,
                0.6764915,
            ],
            [
                -0.8837973,
                0.24000001,
                0.3661206,
            ],
            [
                -0.8929926,
                0.14992365,
                0.37002206,
            ],
            [
                -0.8929926,
                -0.1499951,
                0.37002206,
            ],
            [
                -0.8744974,
                -0.25,
                0.36221915,
            ],
            [
                -0.956733,
                -0.23997553,
                0.0,
            ],
            [
                -0.36227536,
                -0.25,
                0.87443894,
            ],
            [
                -0.00010448694,
                -0.15992364,
                0.95678014,
            ],
            [
                0.0,
                0.23995204,
                0.95678014,
            ],
            [
                -0.00010448694,
                -0.1499951,
                1.048875,
            ],
            [
                -0.0523507,
                0.14992365,
                1.048875,
            ],
            [
                -0.16823286,
                0.15913273,
                1.048875,
            ],
            [
                -0.16833735,
                0.15913273,
                1.048875,
            ],
            [
                -0.43447965,
                0.14992365,
                1.048875,
            ],
            [
                -0.6835897,
                0.14992365,
                0.68357575,
            ],
            [
                -0.6835897,
                -0.1499951,
                0.68357575,
            ],
            [
                -0.6764842,
                -0.23997553,
                0.6764915,
            ],
            [
                -0.36624607,
                -0.23997553,
                0.88388455,
            ],
            [
                -0.0005224347,
                -0.1499951,
                1.048875,
            ],
            [
                -1.7618752,
                -0.1499986,
                -2.3616886,
            ],
            [
                -0.8809376,
                -0.15317617,
                -2.0977502,
            ],
            [
                -0.99709094,
                -0.1499986,
                -2.0977502,
            ],
            [
                -1.7618752,
                0.15,
                -2.3573768,
            ],
            [
                -0.8809376,
                0.14985152,
                -2.721819,
            ],
            [
                -0.8809376,
                0.14985152,
                -2.7228456,
            ],
            [
                -0.8809376,
                -0.15338406,
                -2.1269054,
            ],
            [
                -1.1563599,
                -0.1499986,
                -2.7659626,
            ],
            [
                -1.7259167,
                -0.0701732,
                -3.1465225,
            ],
            [
                -1.7618752,
                -0.14993921,
                -2.3619964,
            ],
            [
                -1.7618752,
                0.14991091,
                -2.3579926,
            ],
            [
                -1.1563599,
                0.14985152,
                -2.7669892,
            ],
            [
                -1.1443738,
                0.15,
                -2.7622669,
            ],
            [
                -1.1391137,
                0.14985152,
                -2.7741754,
            ],
            [
                -1.0683179,
                0.101148516,
                -3.1465225,
            ],
            [
                -1.0412413,
                -0.10895742,
                -3.1465225,
            ],
            [
                -1.1382513,
                -0.1499986,
                -2.7734568,
            ],
            [
                -1.0587462,
                -0.109878026,
                -3.1465225,
            ],
            [
                1.7618752,
                -0.15,
                -2.3616467,
            ],
            [
                1.7618752,
                0.14997064,
                -2.185844,
            ],
            [
                0.8809376,
                0.15,
                -2.1438317,
            ],
            [
                0.8809376,
                -0.15,
                -2.8225038,
            ],
            [
                0.8809376,
                0.14997064,
                -2.8248596,
            ],
            [
                0.8809376,
                0.15,
                -2.8247614,
            ],
            [
                1.1382513,
                0.15,
                -2.7735224,
            ],
            [
                1.7618752,
                0.14997064,
                -2.196936,
            ],
            [
                1.7618752,
                -0.0436668,
                -2.3663583,
            ],
            [
                1.7618752,
                -0.1458888,
                -2.3663583,
            ],
            [
                1.7618752,
                -0.14991191,
                -2.3623338,
            ],
            [
                1.7259167,
                -0.07018403,
                -3.146625,
            ],
            [
                1.1563599,
                -0.15,
                -2.7660623,
            ],
            [
                1.1382513,
                -0.15,
                -2.7735224,
            ],
            [
                1.0592636,
                -0.11135474,
                -3.146625,
            ],
            [
                1.0587462,
                0.10985709,
                -3.146625,
            ],
            [
                1.1391137,
                0.14988254,
                -2.7742095,
            ],
            [
                1.1563599,
                0.14988254,
                -2.7670438,
            ],
            [
                1.7259167,
                0.07018403,
                -3.146625,
            ],
            [
                -0.16835666,
                0.15920445,
                1.0488751,
            ],
            [
                -0.43458784,
                0.14997311,
                1.0488751,
            ],
            [
                -2.084201,
                0.15012445,
                2.0976474,
            ],
            [
                -0.72081184,
                0.14997311,
                2.0976474,
            ],
            [
                -4.9591064e-5,
                -0.15,
                2.0976474,
            ],
            [
                -0.0055577755,
                -0.15,
                2.0976474,
            ],
            [
                -2.0837932,
                0.14997311,
                2.0976474,
            ],
            [
                -0.00066161156,
                -0.15,
                1.0488751,
            ],
            [
                -4.9591064e-5,
                -0.15,
                1.0488751,
            ],
            [
                -0.052479804,
                0.14997311,
                1.0488751,
            ],
            [
                -0.0001026988,
                -0.23996672,
                -0.95678014,
            ],
            [
                0.0,
                -0.17805403,
                -0.6420971,
            ],
            [
                -0.0001026988,
                -0.19190486,
                -0.3970242,
            ],
            [
                -0.94650185,
                -0.25,
                0.0,
            ],
            [
                -0.94650185,
                0.25,
                0.0,
            ],
            [
                -0.0001026988,
                0.25,
                -0.9465132,
            ],
            [
                -0.0001026988,
                0.14996085,
                -0.9667391,
            ],
            [
                -0.0001026988,
                -0.14996085,
                -0.9667391,
            ],
            [
                -0.4345962,
                -0.15911315,
                -1.048875,
            ],
            [
                -0.7645731,
                -0.14996085,
                -1.048875,
            ],
            [
                -0.3623175,
                -0.25,
                -0.87443894,
            ],
            [
                -0.6692966,
                -0.25,
                -0.66920197,
            ],
            [
                -0.87453115,
                -0.25,
                -0.36221915,
            ],
            [
                -1.0488625,
                -0.23590447,
                -0.6085241,
            ],
            [
                -1.0488625,
                -0.14996085,
                0.0,
            ],
            [
                -1.0488625,
                0.12901331,
                0.0,
            ],
            [
                -1.0488625,
                0.13982968,
                -0.039630562,
            ],
            [
                -0.883874,
                0.23996672,
                -0.3661206,
            ],
            [
                -0.87453115,
                0.25,
                -0.36221915,
            ],
            [
                -0.6692966,
                0.25,
                -0.66920197,
            ],
            [
                -0.3623175,
                0.25,
                -0.87443894,
            ],
            [
                -0.36632156,
                0.23996672,
                -0.88388455,
            ],
            [
                -0.73130846,
                -0.15084182,
                -1.048875,
            ],
            [
                -0.67638075,
                0.23996672,
                -0.6764915,
            ],
            [
                -1.0488625,
                -0.14996085,
                -0.59230226,
            ],
            [
                0.4336722,
                0.14996085,
                -1.048875,
            ],
            [
                0.34332383,
                0.14996085,
                -1.048875,
            ],
            [
                0.3624202,
                0.25,
                -0.87443894,
            ],
            [
                2.097725,
                -0.14996085,
                -0.7206395,
            ],
            [
                0.66960466,
                0.25,
                -0.66920197,
            ],
            [
                0.9468099,
                0.25,
                0.0,
            ],
            [
                0.0,
                0.15999413,
                -0.95678014,
            ],
            [
                0.0,
                -0.23996672,
                -0.95678014,
            ],
            [
                0.3624202,
                -0.25,
                -0.87443894,
            ],
            [
                0.66960466,
                -0.25,
                -0.66920197,
            ],
            [
                0.9468099,
                -0.25,
                0.0,
            ],
            [
                2.097725,
                -0.14996085,
                0.0,
            ],
            [
                0.88418204,
                0.23996672,
                -0.3661206,
            ],
            [
                0.88418204,
                -0.15999413,
                0.0,
            ],
            [
                0.0,
                -0.19190486,
                -0.3970242,
            ],
            [
                0.8691924,
                0.14996085,
                2.09775,
            ],
            [
                2.097725,
                0.17164253,
                1.0987725,
            ],
            [
                2.097725,
                0.17492169,
                1.0718731,
            ],
            [
                0.3624202,
                0.25,
                0.8745416,
            ],
            [
                0.6767914,
                0.23996672,
                0.67659414,
            ],
            [
                0.88418204,
                0.15999413,
                0.36612058,
            ],
            [
                0.9568714,
                -0.15999413,
                0.0,
            ],
            [
                0.8749418,
                -0.25,
                0.36221915,
            ],
            [
                0.66960466,
                -0.25,
                0.66940725,
            ],
            [
                0.3624202,
                -0.25,
                0.8745416,
            ],
            [
                0.15749365,
                0.14996085,
                2.09775,
            ],
            [
                0.0,
                0.23996672,
                0.9570881,
            ],
            [
                0.8886994,
                -0.15500195,
                0.0,
            ],
            [
                0.88418204,
                -0.15999413,
                0.0,
            ],
            [
                0.0,
                -0.15999413,
                0.9570881,
            ],
        ],
    },
}
