---
source: src/test/union_physics.rs
expression: mesh
---
CSGPHS5 {
    meshes: [
        Mesh {
            positions: [
                [
                    -10.243511,
                    5.0294266,
                    0.6849342,
                ],
                [
                    -10.855427,
                    5.328086,
                    0.68500125,
                ],
                [
                    -10.243511,
                    4.7240844,
                    0.6849342,
                ],
                [
                    -10.243511,
                    5.0294266,
                    -2.3841858e-7,
                ],
                [
                    -10.926344,
                    5.232988,
                    0.6849342,
                ],
                [
                    -10.855427,
                    5.180116,
                    0.6849342,
                ],
                [
                    -10.855427,
                    5.328086,
                    -2.3841858e-7,
                ],
                [
                    -10.243511,
                    4.7239656,
                    0.15482244,
                ],
                [
                    -10.243511,
                    4.7239656,
                    -2.3841858e-7,
                ],
                [
                    -10.926344,
                    5.232988,
                    -2.3841858e-7,
                ],
                [
                    -10.855427,
                    5.180116,
                    -2.3841858e-7,
                ],
            ],
            faces: [
                [
                    VertexId(
                        0,
                    ),
                    VertexId(
                        1,
                    ),
                    VertexId(
                        2,
                    ),
                ],
                [
                    VertexId(
                        0,
                    ),
                    VertexId(
                        2,
                    ),
                    VertexId(
                        7,
                    ),
                ],
                [
                    VertexId(
                        0,
                    ),
                    VertexId(
                        7,
                    ),
                    VertexId(
                        8,
                    ),
                ],
                [
                    VertexId(
                        0,
                    ),
                    VertexId(
                        8,
                    ),
                    VertexId(
                        3,
                    ),
                ],
                [
                    VertexId(
                        0,
                    ),
                    VertexId(
                        3,
                    ),
                    VertexId(
                        6,
                    ),
                ],
                [
                    VertexId(
                        0,
                    ),
                    VertexId(
                        6,
                    ),
                    VertexId(
                        1,
                    ),
                ],
                [
                    VertexId(
                        1,
                    ),
                    VertexId(
                        4,
                    ),
                    VertexId(
                        5,
                    ),
                ],
                [
                    VertexId(
                        1,
                    ),
                    VertexId(
                        5,
                    ),
                    VertexId(
                        2,
                    ),
                ],
                [
                    VertexId(
                        1,
                    ),
                    VertexId(
                        6,
                    ),
                    VertexId(
                        9,
                    ),
                ],
                [
                    VertexId(
                        1,
                    ),
                    VertexId(
                        9,
                    ),
                    VertexId(
                        4,
                    ),
                ],
                [
                    VertexId(
                        2,
                    ),
                    VertexId(
                        5,
                    ),
                    VertexId(
                        7,
                    ),
                ],
                [
                    VertexId(
                        3,
                    ),
                    VertexId(
                        8,
                    ),
                    VertexId(
                        10,
                    ),
                ],
                [
                    VertexId(
                        3,
                    ),
                    VertexId(
                        10,
                    ),
                    VertexId(
                        9,
                    ),
                ],
                [
                    VertexId(
                        3,
                    ),
                    VertexId(
                        9,
                    ),
                    VertexId(
                        6,
                    ),
                ],
                [
                    VertexId(
                        4,
                    ),
                    VertexId(
                        9,
                    ),
                    VertexId(
                        10,
                    ),
                ],
                [
                    VertexId(
                        4,
                    ),
                    VertexId(
                        10,
                    ),
                    VertexId(
                        5,
                    ),
                ],
                [
                    VertexId(
                        5,
                    ),
                    VertexId(
                        10,
                    ),
                    VertexId(
                        8,
                    ),
                ],
                [
                    VertexId(
                        5,
                    ),
                    VertexId(
                        8,
                    ),
                    VertexId(
                        7,
                    ),
                ],
            ],
        },
        Mesh {
            positions: [
                [
                    -10.243511,
                    5.0293965,
                    -1.1920929e-7,
                ],
                [
                    -10.243511,
                    4.7240243,
                    -1.1920929e-7,
                ],
                [
                    -10.243511,
                    5.0293965,
                    -0.6850016,
                ],
                [
                    -10.855427,
                    5.3282037,
                    -1.1920929e-7,
                ],
                [
                    -10.855427,
                    5.1801605,
                    -1.1920929e-7,
                ],
                [
                    -10.243511,
                    4.723965,
                    -0.6850016,
                ],
                [
                    -10.855427,
                    5.3282037,
                    -0.6850016,
                ],
                [
                    -10.926344,
                    5.2330375,
                    -1.1920929e-7,
                ],
                [
                    -10.855427,
                    5.1801605,
                    -0.6850016,
                ],
                [
                    -10.926344,
                    5.2330375,
                    -0.6850016,
                ],
            ],
            faces: [
                [
                    VertexId(
                        0,
                    ),
                    VertexId(
                        1,
                    ),
                    VertexId(
                        5,
                    ),
                ],
                [
                    VertexId(
                        0,
                    ),
                    VertexId(
                        5,
                    ),
                    VertexId(
                        2,
                    ),
                ],
                [
                    VertexId(
                        0,
                    ),
                    VertexId(
                        2,
                    ),
                    VertexId(
                        6,
                    ),
                ],
                [
                    VertexId(
                        0,
                    ),
                    VertexId(
                        6,
                    ),
                    VertexId(
                        3,
                    ),
                ],
                [
                    VertexId(
                        0,
                    ),
                    VertexId(
                        3,
                    ),
                    VertexId(
                        7,
                    ),
                ],
                [
                    VertexId(
                        0,
                    ),
                    VertexId(
                        7,
                    ),
                    VertexId(
                        4,
                    ),
                ],
                [
                    VertexId(
                        0,
                    ),
                    VertexId(
                        4,
                    ),
                    VertexId(
                        1,
                    ),
                ],
                [
                    VertexId(
                        1,
                    ),
                    VertexId(
                        4,
                    ),
                    VertexId(
                        5,
                    ),
                ],
                [
                    VertexId(
                        2,
                    ),
                    VertexId(
                        5,
                    ),
                    VertexId(
                        8,
                    ),
                ],
                [
                    VertexId(
                        2,
                    ),
                    VertexId(
                        8,
                    ),
                    VertexId(
                        9,
                    ),
                ],
                [
                    VertexId(
                        2,
                    ),
                    VertexId(
                        9,
                    ),
                    VertexId(
                        6,
                    ),
                ],
                [
                    VertexId(
                        3,
                    ),
                    VertexId(
                        6,
                    ),
                    VertexId(
                        9,
                    ),
                ],
                [
                    VertexId(
                        3,
                    ),
                    VertexId(
                        9,
                    ),
                    VertexId(
                        7,
                    ),
                ],
                [
                    VertexId(
                        4,
                    ),
                    VertexId(
                        7,
                    ),
                    VertexId(
                        9,
                    ),
                ],
                [
                    VertexId(
                        4,
                    ),
                    VertexId(
                        9,
                    ),
                    VertexId(
                        8,
                    ),
                ],
                [
                    VertexId(
                        4,
                    ),
                    VertexId(
                        8,
                    ),
                    VertexId(
                        5,
                    ),
                ],
            ],
        },
        Mesh {
            positions: [
                [
                    -9.560677,
                    5.0293827,
                    0.68500113,
                ],
                [
                    -10.243509,
                    5.0293827,
                    0.68500113,
                ],
                [
                    -9.560677,
                    4.2150145,
                    0.68500113,
                ],
                [
                    -9.560677,
                    5.0293827,
                    -1.7881393e-7,
                ],
                [
                    -10.243509,
                    5.0293827,
                    -1.7881393e-7,
                ],
                [
                    -10.243509,
                    4.723855,
                    0.68500113,
                ],
                [
                    -9.560677,
                    4.214855,
                    0.56745934,
                ],
                [
                    -9.560677,
                    4.214855,
                    -1.7881393e-7,
                ],
                [
                    -10.243509,
                    4.723855,
                    -1.7881393e-7,
                ],
            ],
            faces: [
                [
                    VertexId(
                        0,
                    ),
                    VertexId(
                        1,
                    ),
                    VertexId(
                        5,
                    ),
                ],
                [
                    VertexId(
                        0,
                    ),
                    VertexId(
                        5,
                    ),
                    VertexId(
                        2,
                    ),
                ],
                [
                    VertexId(
                        0,
                    ),
                    VertexId(
                        2,
                    ),
                    VertexId(
                        6,
                    ),
                ],
                [
                    VertexId(
                        0,
                    ),
                    VertexId(
                        6,
                    ),
                    VertexId(
                        7,
                    ),
                ],
                [
                    VertexId(
                        0,
                    ),
                    VertexId(
                        7,
                    ),
                    VertexId(
                        3,
                    ),
                ],
                [
                    VertexId(
                        0,
                    ),
                    VertexId(
                        3,
                    ),
                    VertexId(
                        4,
                    ),
                ],
                [
                    VertexId(
                        0,
                    ),
                    VertexId(
                        4,
                    ),
                    VertexId(
                        1,
                    ),
                ],
                [
                    VertexId(
                        1,
                    ),
                    VertexId(
                        4,
                    ),
                    VertexId(
                        8,
                    ),
                ],
                [
                    VertexId(
                        1,
                    ),
                    VertexId(
                        8,
                    ),
                    VertexId(
                        5,
                    ),
                ],
                [
                    VertexId(
                        2,
                    ),
                    VertexId(
                        5,
                    ),
                    VertexId(
                        6,
                    ),
                ],
                [
                    VertexId(
                        3,
                    ),
                    VertexId(
                        7,
                    ),
                    VertexId(
                        8,
                    ),
                ],
                [
                    VertexId(
                        3,
                    ),
                    VertexId(
                        8,
                    ),
                    VertexId(
                        4,
                    ),
                ],
                [
                    VertexId(
                        5,
                    ),
                    VertexId(
                        8,
                    ),
                    VertexId(
                        7,
                    ),
                ],
                [
                    VertexId(
                        5,
                    ),
                    VertexId(
                        7,
                    ),
                    VertexId(
                        6,
                    ),
                ],
            ],
        },
        Mesh {
            positions: [
                [
                    -9.560677,
                    5.029382,
                    -1.1920929e-7,
                ],
                [
                    -10.243509,
                    5.029382,
                    -1.1920929e-7,
                ],
                [
                    -9.560677,
                    4.2149343,
                    -1.1920929e-7,
                ],
                [
                    -9.560677,
                    5.029382,
                    -0.6850016,
                ],
                [
                    -10.243509,
                    5.029382,
                    -0.6850016,
                ],
                [
                    -10.243509,
                    4.7238545,
                    -1.1920929e-7,
                ],
                [
                    -9.560677,
                    4.2149343,
                    -0.6850016,
                ],
                [
                    -10.243509,
                    4.7238545,
                    -0.6850016,
                ],
            ],
            faces: [
                [
                    VertexId(
                        0,
                    ),
                    VertexId(
                        1,
                    ),
                    VertexId(
                        5,
                    ),
                ],
                [
                    VertexId(
                        0,
                    ),
                    VertexId(
                        5,
                    ),
                    VertexId(
                        2,
                    ),
                ],
                [
                    VertexId(
                        0,
                    ),
                    VertexId(
                        2,
                    ),
                    VertexId(
                        6,
                    ),
                ],
                [
                    VertexId(
                        0,
                    ),
                    VertexId(
                        6,
                    ),
                    VertexId(
                        3,
                    ),
                ],
                [
                    VertexId(
                        0,
                    ),
                    VertexId(
                        3,
                    ),
                    VertexId(
                        4,
                    ),
                ],
                [
                    VertexId(
                        0,
                    ),
                    VertexId(
                        4,
                    ),
                    VertexId(
                        1,
                    ),
                ],
                [
                    VertexId(
                        1,
                    ),
                    VertexId(
                        4,
                    ),
                    VertexId(
                        7,
                    ),
                ],
                [
                    VertexId(
                        1,
                    ),
                    VertexId(
                        7,
                    ),
                    VertexId(
                        5,
                    ),
                ],
                [
                    VertexId(
                        2,
                    ),
                    VertexId(
                        5,
                    ),
                    VertexId(
                        7,
                    ),
                ],
                [
                    VertexId(
                        2,
                    ),
                    VertexId(
                        7,
                    ),
                    VertexId(
                        6,
                    ),
                ],
                [
                    VertexId(
                        3,
                    ),
                    VertexId(
                        6,
                    ),
                    VertexId(
                        7,
                    ),
                ],
                [
                    VertexId(
                        3,
                    ),
                    VertexId(
                        7,
                    ),
                    VertexId(
                        4,
                    ),
                ],
            ],
        },
        Mesh {
            positions: [
                [
                    10.714375,
                    5.139562,
                    0.68486696,
                ],
                [
                    10.714375,
                    5.139562,
                    -0.68486744,
                ],
                [
                    9.56061,
                    5.0292892,
                    0.68486696,
                ],
                [
                    10.926411,
                    4.981663,
                    0.68486696,
                ],
                [
                    9.56061,
                    5.0292892,
                    -0.68486744,
                ],
                [
                    10.926411,
                    4.981663,
                    -0.68486744,
                ],
                [
                    9.56061,
                    3.2684064,
                    0.68486696,
                ],
                [
                    9.64898,
                    3.2684064,
                    0.68486696,
                ],
                [
                    9.56061,
                    3.2684064,
                    -0.68486744,
                ],
                [
                    9.64898,
                    3.2684064,
                    -0.68486744,
                ],
            ],
            faces: [
                [
                    VertexId(
                        0,
                    ),
                    VertexId(
                        1,
                    ),
                    VertexId(
                        4,
                    ),
                ],
                [
                    VertexId(
                        0,
                    ),
                    VertexId(
                        4,
                    ),
                    VertexId(
                        2,
                    ),
                ],
                [
                    VertexId(
                        0,
                    ),
                    VertexId(
                        2,
                    ),
                    VertexId(
                        6,
                    ),
                ],
                [
                    VertexId(
                        0,
                    ),
                    VertexId(
                        6,
                    ),
                    VertexId(
                        7,
                    ),
                ],
                [
                    VertexId(
                        0,
                    ),
                    VertexId(
                        7,
                    ),
                    VertexId(
                        3,
                    ),
                ],
                [
                    VertexId(
                        0,
                    ),
                    VertexId(
                        3,
                    ),
                    VertexId(
                        5,
                    ),
                ],
                [
                    VertexId(
                        0,
                    ),
                    VertexId(
                        5,
                    ),
                    VertexId(
                        1,
                    ),
                ],
                [
                    VertexId(
                        1,
                    ),
                    VertexId(
                        5,
                    ),
                    VertexId(
                        9,
                    ),
                ],
                [
                    VertexId(
                        1,
                    ),
                    VertexId(
                        9,
                    ),
                    VertexId(
                        8,
                    ),
                ],
                [
                    VertexId(
                        1,
                    ),
                    VertexId(
                        8,
                    ),
                    VertexId(
                        4,
                    ),
                ],
                [
                    VertexId(
                        2,
                    ),
                    VertexId(
                        4,
                    ),
                    VertexId(
                        8,
                    ),
                ],
                [
                    VertexId(
                        2,
                    ),
                    VertexId(
                        8,
                    ),
                    VertexId(
                        6,
                    ),
                ],
                [
                    VertexId(
                        3,
                    ),
                    VertexId(
                        7,
                    ),
                    VertexId(
                        9,
                    ),
                ],
                [
                    VertexId(
                        3,
                    ),
                    VertexId(
                        9,
                    ),
                    VertexId(
                        5,
                    ),
                ],
                [
                    VertexId(
                        6,
                    ),
                    VertexId(
                        8,
                    ),
                    VertexId(
                        9,
                    ),
                ],
                [
                    VertexId(
                        6,
                    ),
                    VertexId(
                        9,
                    ),
                    VertexId(
                        7,
                    ),
                ],
            ],
        },
        Mesh {
            positions: [
                [
                    8.194808,
                    1.3972495,
                    -0.68486744,
                ],
                [
                    8.194808,
                    1.3972495,
                    0.68486696,
                ],
                [
                    8.194808,
                    3.268406,
                    -0.68486744,
                ],
                [
                    8.253879,
                    1.3972495,
                    -0.68486744,
                ],
                [
                    8.253879,
                    1.3972495,
                    0.68486696,
                ],
                [
                    8.194808,
                    3.268406,
                    0.68486696,
                ],
                [
                    9.648934,
                    3.268406,
                    -0.68486744,
                ],
                [
                    9.648934,
                    3.268406,
                    0.4572036,
                ],
                [
                    9.648792,
                    3.268406,
                    0.68486696,
                ],
            ],
            faces: [
                [
                    VertexId(
                        0,
                    ),
                    VertexId(
                        1,
                    ),
                    VertexId(
                        5,
                    ),
                ],
                [
                    VertexId(
                        0,
                    ),
                    VertexId(
                        5,
                    ),
                    VertexId(
                        2,
                    ),
                ],
                [
                    VertexId(
                        0,
                    ),
                    VertexId(
                        2,
                    ),
                    VertexId(
                        6,
                    ),
                ],
                [
                    VertexId(
                        0,
                    ),
                    VertexId(
                        6,
                    ),
                    VertexId(
                        3,
                    ),
                ],
                [
                    VertexId(
                        0,
                    ),
                    VertexId(
                        3,
                    ),
                    VertexId(
                        4,
                    ),
                ],
                [
                    VertexId(
                        0,
                    ),
                    VertexId(
                        4,
                    ),
                    VertexId(
                        1,
                    ),
                ],
                [
                    VertexId(
                        1,
                    ),
                    VertexId(
                        4,
                    ),
                    VertexId(
                        8,
                    ),
                ],
                [
                    VertexId(
                        1,
                    ),
                    VertexId(
                        8,
                    ),
                    VertexId(
                        5,
                    ),
                ],
                [
                    VertexId(
                        2,
                    ),
                    VertexId(
                        5,
                    ),
                    VertexId(
                        8,
                    ),
                ],
                [
                    VertexId(
                        2,
                    ),
                    VertexId(
                        8,
                    ),
                    VertexId(
                        7,
                    ),
                ],
                [
                    VertexId(
                        2,
                    ),
                    VertexId(
                        7,
                    ),
                    VertexId(
                        6,
                    ),
                ],
                [
                    VertexId(
                        3,
                    ),
                    VertexId(
                        6,
                    ),
                    VertexId(
                        7,
                    ),
                ],
                [
                    VertexId(
                        3,
                    ),
                    VertexId(
                        7,
                    ),
                    VertexId(
                        4,
                    ),
                ],
                [
                    VertexId(
                        4,
                    ),
                    VertexId(
                        7,
                    ),
                    VertexId(
                        8,
                    ),
                ],
            ],
        },
        Mesh {
            positions: [
                [
                    -8.1949415,
                    5.0294623,
                    0.68486696,
                ],
                [
                    -9.560609,
                    5.0294623,
                    0.68486696,
                ],
                [
                    -8.1949415,
                    3.1969907,
                    0.68486696,
                ],
                [
                    -8.1949415,
                    5.0294623,
                    -0.68486744,
                ],
                [
                    -9.560609,
                    5.0294623,
                    -0.68486744,
                ],
                [
                    -9.560609,
                    4.214592,
                    0.68486696,
                ],
                [
                    -8.1949415,
                    3.196632,
                    -0.68486744,
                ],
                [
                    -9.560609,
                    4.214592,
                    -0.68486744,
                ],
            ],
            faces: [
                [
                    VertexId(
                        0,
                    ),
                    VertexId(
                        1,
                    ),
                    VertexId(
                        5,
                    ),
                ],
                [
                    VertexId(
                        0,
                    ),
                    VertexId(
                        5,
                    ),
                    VertexId(
                        2,
                    ),
                ],
                [
                    VertexId(
                        0,
                    ),
                    VertexId(
                        2,
                    ),
                    VertexId(
                        6,
                    ),
                ],
                [
                    VertexId(
                        0,
                    ),
                    VertexId(
                        6,
                    ),
                    VertexId(
                        3,
                    ),
                ],
                [
                    VertexId(
                        0,
                    ),
                    VertexId(
                        3,
                    ),
                    VertexId(
                        4,
                    ),
                ],
                [
                    VertexId(
                        0,
                    ),
                    VertexId(
                        4,
                    ),
                    VertexId(
                        1,
                    ),
                ],
                [
                    VertexId(
                        1,
                    ),
                    VertexId(
                        4,
                    ),
                    VertexId(
                        7,
                    ),
                ],
                [
                    VertexId(
                        1,
                    ),
                    VertexId(
                        7,
                    ),
                    VertexId(
                        5,
                    ),
                ],
                [
                    VertexId(
                        2,
                    ),
                    VertexId(
                        5,
                    ),
                    VertexId(
                        6,
                    ),
                ],
                [
                    VertexId(
                        3,
                    ),
                    VertexId(
                        6,
                    ),
                    VertexId(
                        7,
                    ),
                ],
                [
                    VertexId(
                        3,
                    ),
                    VertexId(
                        7,
                    ),
                    VertexId(
                        4,
                    ),
                ],
                [
                    VertexId(
                        5,
                    ),
                    VertexId(
                        7,
                    ),
                    VertexId(
                        6,
                    ),
                ],
            ],
        },
        Mesh {
            positions: [
                [
                    9.560609,
                    5.029464,
                    0.68486696,
                ],
                [
                    8.1949415,
                    5.029464,
                    0.68486696,
                ],
                [
                    9.560609,
                    3.268406,
                    0.68486696,
                ],
                [
                    9.560609,
                    5.029464,
                    -0.68486744,
                ],
                [
                    8.1949415,
                    5.029464,
                    0.15660213,
                ],
                [
                    8.1949415,
                    3.268406,
                    0.68486696,
                ],
                [
                    9.560609,
                    3.268406,
                    -0.68486744,
                ],
                [
                    8.1949415,
                    5.029119,
                    -0.68486744,
                ],
                [
                    8.1949415,
                    3.268406,
                    -0.68486744,
                ],
            ],
            faces: [
                [
                    VertexId(
                        0,
                    ),
                    VertexId(
                        1,
                    ),
                    VertexId(
                        5,
                    ),
                ],
                [
                    VertexId(
                        0,
                    ),
                    VertexId(
                        5,
                    ),
                    VertexId(
                        2,
                    ),
                ],
                [
                    VertexId(
                        0,
                    ),
                    VertexId(
                        2,
                    ),
                    VertexId(
                        6,
                    ),
                ],
                [
                    VertexId(
                        0,
                    ),
                    VertexId(
                        6,
                    ),
                    VertexId(
                        3,
                    ),
                ],
                [
                    VertexId(
                        0,
                    ),
                    VertexId(
                        3,
                    ),
                    VertexId(
                        4,
                    ),
                ],
                [
                    VertexId(
                        0,
                    ),
                    VertexId(
                        4,
                    ),
                    VertexId(
                        1,
                    ),
                ],
                [
                    VertexId(
                        1,
                    ),
                    VertexId(
                        4,
                    ),
                    VertexId(
                        7,
                    ),
                ],
                [
                    VertexId(
                        1,
                    ),
                    VertexId(
                        7,
                    ),
                    VertexId(
                        8,
                    ),
                ],
                [
                    VertexId(
                        1,
                    ),
                    VertexId(
                        8,
                    ),
                    VertexId(
                        5,
                    ),
                ],
                [
                    VertexId(
                        2,
                    ),
                    VertexId(
                        5,
                    ),
                    VertexId(
                        8,
                    ),
                ],
                [
                    VertexId(
                        2,
                    ),
                    VertexId(
                        8,
                    ),
                    VertexId(
                        6,
                    ),
                ],
                [
                    VertexId(
                        3,
                    ),
                    VertexId(
                        6,
                    ),
                    VertexId(
                        8,
                    ),
                ],
                [
                    VertexId(
                        3,
                    ),
                    VertexId(
                        8,
                    ),
                    VertexId(
                        7,
                    ),
                ],
                [
                    VertexId(
                        3,
                    ),
                    VertexId(
                        7,
                    ),
                    VertexId(
                        4,
                    ),
                ],
            ],
        },
        Mesh {
            positions: [
                [
                    5.4632053,
                    -2.3461618,
                    -0.68486744,
                ],
                [
                    5.4632053,
                    -2.3461618,
                    -0.2886688,
                ],
                [
                    5.4632053,
                    1.3965172,
                    -0.68486744,
                ],
                [
                    8.253691,
                    1.3965172,
                    -0.68486744,
                ],
                [
                    8.253691,
                    1.3965172,
                    0.20849007,
                ],
                [
                    5.4632053,
                    -2.3457956,
                    0.68486696,
                ],
                [
                    5.4632053,
                    1.3965172,
                    0.68486696,
                ],
                [
                    6.137882,
                    1.3968835,
                    -0.68486744,
                ],
                [
                    8.253418,
                    1.3965172,
                    0.68486696,
                ],
            ],
            faces: [
                [
                    VertexId(
                        0,
                    ),
                    VertexId(
                        1,
                    ),
                    VertexId(
                        5,
                    ),
                ],
                [
                    VertexId(
                        0,
                    ),
                    VertexId(
                        5,
                    ),
                    VertexId(
                        6,
                    ),
                ],
                [
                    VertexId(
                        0,
                    ),
                    VertexId(
                        6,
                    ),
                    VertexId(
                        2,
                    ),
                ],
                [
                    VertexId(
                        0,
                    ),
                    VertexId(
                        2,
                    ),
                    VertexId(
                        7,
                    ),
                ],
                [
                    VertexId(
                        0,
                    ),
                    VertexId(
                        7,
                    ),
                    VertexId(
                        3,
                    ),
                ],
                [
                    VertexId(
                        0,
                    ),
                    VertexId(
                        3,
                    ),
                    VertexId(
                        4,
                    ),
                ],
                [
                    VertexId(
                        0,
                    ),
                    VertexId(
                        4,
                    ),
                    VertexId(
                        1,
                    ),
                ],
                [
                    VertexId(
                        1,
                    ),
                    VertexId(
                        4,
                    ),
                    VertexId(
                        5,
                    ),
                ],
                [
                    VertexId(
                        2,
                    ),
                    VertexId(
                        6,
                    ),
                    VertexId(
                        7,
                    ),
                ],
                [
                    VertexId(
                        3,
                    ),
                    VertexId(
                        7,
                    ),
                    VertexId(
                        4,
                    ),
                ],
                [
                    VertexId(
                        4,
                    ),
                    VertexId(
                        7,
                    ),
                    VertexId(
                        8,
                    ),
                ],
                [
                    VertexId(
                        4,
                    ),
                    VertexId(
                        8,
                    ),
                    VertexId(
                        5,
                    ),
                ],
                [
                    VertexId(
                        5,
                    ),
                    VertexId(
                        8,
                    ),
                    VertexId(
                        6,
                    ),
                ],
                [
                    VertexId(
                        6,
                    ),
                    VertexId(
                        8,
                    ),
                    VertexId(
                        7,
                    ),
                ],
            ],
        },
        Mesh {
            positions: [
                [
                    -8.194808,
                    3.19613,
                    -0.68486744,
                ],
                [
                    -8.194808,
                    3.19613,
                    0.68486696,
                ],
                [
                    -8.194808,
                    5.029084,
                    -0.68486744,
                ],
                [
                    -5.4632053,
                    1.1609452,
                    -0.68486744,
                ],
                [
                    -5.4632053,
                    1.1609452,
                    0.68486696,
                ],
                [
                    -8.194808,
                    5.029084,
                    0.68486696,
                ],
                [
                    -5.4632053,
                    5.029463,
                    0.54247683,
                ],
                [
                    -5.4632053,
                    5.029084,
                    -0.68486744,
                ],
                [
                    -5.4632053,
                    5.029463,
                    0.68486696,
                ],
            ],
            faces: [
                [
                    VertexId(
                        0,
                    ),
                    VertexId(
                        1,
                    ),
                    VertexId(
                        5,
                    ),
                ],
                [
                    VertexId(
                        0,
                    ),
                    VertexId(
                        5,
                    ),
                    VertexId(
                        2,
                    ),
                ],
                [
                    VertexId(
                        0,
                    ),
                    VertexId(
                        2,
                    ),
                    VertexId(
                        7,
                    ),
                ],
                [
                    VertexId(
                        0,
                    ),
                    VertexId(
                        7,
                    ),
                    VertexId(
                        3,
                    ),
                ],
                [
                    VertexId(
                        0,
                    ),
                    VertexId(
                        3,
                    ),
                    VertexId(
                        4,
                    ),
                ],
                [
                    VertexId(
                        0,
                    ),
                    VertexId(
                        4,
                    ),
                    VertexId(
                        1,
                    ),
                ],
                [
                    VertexId(
                        1,
                    ),
                    VertexId(
                        4,
                    ),
                    VertexId(
                        8,
                    ),
                ],
                [
                    VertexId(
                        1,
                    ),
                    VertexId(
                        8,
                    ),
                    VertexId(
                        5,
                    ),
                ],
                [
                    VertexId(
                        2,
                    ),
                    VertexId(
                        5,
                    ),
                    VertexId(
                        8,
                    ),
                ],
                [
                    VertexId(
                        2,
                    ),
                    VertexId(
                        8,
                    ),
                    VertexId(
                        6,
                    ),
                ],
                [
                    VertexId(
                        2,
                    ),
                    VertexId(
                        6,
                    ),
                    VertexId(
                        7,
                    ),
                ],
                [
                    VertexId(
                        3,
                    ),
                    VertexId(
                        7,
                    ),
                    VertexId(
                        6,
                    ),
                ],
                [
                    VertexId(
                        3,
                    ),
                    VertexId(
                        6,
                    ),
                    VertexId(
                        8,
                    ),
                ],
                [
                    VertexId(
                        3,
                    ),
                    VertexId(
                        8,
                    ),
                    VertexId(
                        4,
                    ),
                ],
            ],
        },
        Mesh {
            positions: [
                [
                    5.4632053,
                    1.3972386,
                    -0.68486744,
                ],
                [
                    8.092935,
                    1.396883,
                    0.68486696,
                ],
                [
                    5.4632053,
                    1.3972386,
                    0.68486696,
                ],
                [
                    5.4632053,
                    5.0287523,
                    -0.68486744,
                ],
                [
                    8.194808,
                    1.3972386,
                    -0.68486744,
                ],
                [
                    8.194808,
                    1.3972386,
                    0.68486696,
                ],
                [
                    5.4632053,
                    5.0287523,
                    0.68486696,
                ],
                [
                    8.194808,
                    5.029464,
                    0.15660213,
                ],
                [
                    8.194808,
                    5.0287523,
                    -0.68486744,
                ],
                [
                    8.194808,
                    5.029464,
                    0.68486696,
                ],
            ],
            faces: [
                [
                    VertexId(
                        0,
                    ),
                    VertexId(
                        1,
                    ),
                    VertexId(
                        2,
                    ),
                ],
                [
                    VertexId(
                        0,
                    ),
                    VertexId(
                        2,
                    ),
                    VertexId(
                        6,
                    ),
                ],
                [
                    VertexId(
                        0,
                    ),
                    VertexId(
                        6,
                    ),
                    VertexId(
                        3,
                    ),
                ],
                [
                    VertexId(
                        0,
                    ),
                    VertexId(
                        3,
                    ),
                    VertexId(
                        8,
                    ),
                ],
                [
                    VertexId(
                        0,
                    ),
                    VertexId(
                        8,
                    ),
                    VertexId(
                        4,
                    ),
                ],
                [
                    VertexId(
                        0,
                    ),
                    VertexId(
                        4,
                    ),
                    VertexId(
                        1,
                    ),
                ],
                [
                    VertexId(
                        1,
                    ),
                    VertexId(
                        4,
                    ),
                    VertexId(
                        5,
                    ),
                ],
                [
                    VertexId(
                        1,
                    ),
                    VertexId(
                        5,
                    ),
                    VertexId(
                        9,
                    ),
                ],
                [
                    VertexId(
                        1,
                    ),
                    VertexId(
                        9,
                    ),
                    VertexId(
                        6,
                    ),
                ],
                [
                    VertexId(
                        1,
                    ),
                    VertexId(
                        6,
                    ),
                    VertexId(
                        2,
                    ),
                ],
                [
                    VertexId(
                        3,
                    ),
                    VertexId(
                        6,
                    ),
                    VertexId(
                        9,
                    ),
                ],
                [
                    VertexId(
                        3,
                    ),
                    VertexId(
                        9,
                    ),
                    VertexId(
                        7,
                    ),
                ],
                [
                    VertexId(
                        3,
                    ),
                    VertexId(
                        7,
                    ),
                    VertexId(
                        8,
                    ),
                ],
                [
                    VertexId(
                        4,
                    ),
                    VertexId(
                        8,
                    ),
                    VertexId(
                        7,
                    ),
                ],
                [
                    VertexId(
                        4,
                    ),
                    VertexId(
                        7,
                    ),
                    VertexId(
                        9,
                    ),
                ],
                [
                    VertexId(
                        4,
                    ),
                    VertexId(
                        9,
                    ),
                    VertexId(
                        5,
                    ),
                ],
            ],
        },
        Mesh {
            positions: [
                [
                    -5.4632053,
                    1.1594465,
                    -0.68486744,
                ],
                [
                    0.0,
                    -2.911923,
                    -0.68486744,
                ],
                [
                    0.0,
                    -2.9127002,
                    -0.37152866,
                ],
                [
                    -5.4632053,
                    1.1594465,
                    0.68486696,
                ],
                [
                    -5.4632053,
                    5.0286856,
                    -0.68486744,
                ],
                [
                    0.0,
                    5.029463,
                    -0.68486744,
                ],
                [
                    0.0,
                    -2.9127002,
                    -0.3653611,
                ],
                [
                    0.0,
                    -2.911923,
                    0.68486696,
                ],
                [
                    -5.4632053,
                    5.029463,
                    0.68486696,
                ],
                [
                    -5.4632053,
                    5.029463,
                    0.54247683,
                ],
                [
                    0.0,
                    5.029463,
                    -0.34484723,
                ],
                [
                    0.0,
                    5.0286856,
                    0.68486696,
                ],
                [
                    -4.861055,
                    5.029463,
                    0.68486696,
                ],
            ],
            faces: [
                [
                    VertexId(
                        0,
                    ),
                    VertexId(
                        1,
                    ),
                    VertexId(
                        2,
                    ),
                ],
                [
                    VertexId(
                        0,
                    ),
                    VertexId(
                        2,
                    ),
                    VertexId(
                        6,
                    ),
                ],
                [
                    VertexId(
                        0,
                    ),
                    VertexId(
                        6,
                    ),
                    VertexId(
                        3,
                    ),
                ],
                [
                    VertexId(
                        0,
                    ),
                    VertexId(
                        3,
                    ),
                    VertexId(
                        8,
                    ),
                ],
                [
                    VertexId(
                        0,
                    ),
                    VertexId(
                        8,
                    ),
                    VertexId(
                        9,
                    ),
                ],
                [
                    VertexId(
                        0,
                    ),
                    VertexId(
                        9,
                    ),
                    VertexId(
                        4,
                    ),
                ],
                [
                    VertexId(
                        0,
                    ),
                    VertexId(
                        4,
                    ),
                    VertexId(
                        5,
                    ),
                ],
                [
                    VertexId(
                        0,
                    ),
                    VertexId(
                        5,
                    ),
                    VertexId(
                        1,
                    ),
                ],
                [
                    VertexId(
                        1,
                    ),
                    VertexId(
                        5,
                    ),
                    VertexId(
                        10,
                    ),
                ],
                [
                    VertexId(
                        1,
                    ),
                    VertexId(
                        10,
                    ),
                    VertexId(
                        11,
                    ),
                ],
                [
                    VertexId(
                        1,
                    ),
                    VertexId(
                        11,
                    ),
                    VertexId(
                        7,
                    ),
                ],
                [
                    VertexId(
                        1,
                    ),
                    VertexId(
                        7,
                    ),
                    VertexId(
                        6,
                    ),
                ],
                [
                    VertexId(
                        1,
                    ),
                    VertexId(
                        6,
                    ),
                    VertexId(
                        2,
                    ),
                ],
                [
                    VertexId(
                        3,
                    ),
                    VertexId(
                        6,
                    ),
                    VertexId(
                        7,
                    ),
                ],
                [
                    VertexId(
                        3,
                    ),
                    VertexId(
                        7,
                    ),
                    VertexId(
                        11,
                    ),
                ],
                [
                    VertexId(
                        3,
                    ),
                    VertexId(
                        11,
                    ),
                    VertexId(
                        12,
                    ),
                ],
                [
                    VertexId(
                        3,
                    ),
                    VertexId(
                        12,
                    ),
                    VertexId(
                        8,
                    ),
                ],
                [
                    VertexId(
                        4,
                    ),
                    VertexId(
                        9,
                    ),
                    VertexId(
                        5,
                    ),
                ],
                [
                    VertexId(
                        5,
                    ),
                    VertexId(
                        9,
                    ),
                    VertexId(
                        8,
                    ),
                ],
                [
                    VertexId(
                        5,
                    ),
                    VertexId(
                        8,
                    ),
                    VertexId(
                        12,
                    ),
                ],
                [
                    VertexId(
                        5,
                    ),
                    VertexId(
                        12,
                    ),
                    VertexId(
                        10,
                    ),
                ],
                [
                    VertexId(
                        10,
                    ),
                    VertexId(
                        12,
                    ),
                    VertexId(
                        11,
                    ),
                ],
            ],
        },
        Mesh {
            positions: [
                [
                    0.0,
                    -2.9111443,
                    -0.68486744,
                ],
                [
                    3.239099,
                    -5.328203,
                    -0.68486744,
                ],
                [
                    0.0,
                    -2.9111443,
                    0.68486696,
                ],
                [
                    0.0,
                    5.029463,
                    -0.68486744,
                ],
                [
                    3.239099,
                    -5.3271894,
                    0.68486696,
                ],
                [
                    5.4632053,
                    -2.3443925,
                    -0.68486744,
                ],
                [
                    5.4632053,
                    -2.3443925,
                    0.68486696,
                ],
                [
                    0.0,
                    5.028449,
                    0.68486696,
                ],
                [
                    0.0,
                    5.029463,
                    -0.34484723,
                ],
                [
                    5.4632053,
                    5.029463,
                    -0.68486744,
                ],
                [
                    5.4632053,
                    5.029463,
                    0.68486696,
                ],
            ],
            faces: [
                [
                    VertexId(
                        0,
                    ),
                    VertexId(
                        1,
                    ),
                    VertexId(
                        2,
                    ),
                ],
                [
                    VertexId(
                        0,
                    ),
                    VertexId(
                        2,
                    ),
                    VertexId(
                        7,
                    ),
                ],
                [
                    VertexId(
                        0,
                    ),
                    VertexId(
                        7,
                    ),
                    VertexId(
                        8,
                    ),
                ],
                [
                    VertexId(
                        0,
                    ),
                    VertexId(
                        8,
                    ),
                    VertexId(
                        3,
                    ),
                ],
                [
                    VertexId(
                        0,
                    ),
                    VertexId(
                        3,
                    ),
                    VertexId(
                        9,
                    ),
                ],
                [
                    VertexId(
                        0,
                    ),
                    VertexId(
                        9,
                    ),
                    VertexId(
                        5,
                    ),
                ],
                [
                    VertexId(
                        0,
                    ),
                    VertexId(
                        5,
                    ),
                    VertexId(
                        1,
                    ),
                ],
                [
                    VertexId(
                        1,
                    ),
                    VertexId(
                        4,
                    ),
                    VertexId(
                        2,
                    ),
                ],
                [
                    VertexId(
                        1,
                    ),
                    VertexId(
                        5,
                    ),
                    VertexId(
                        6,
                    ),
                ],
                [
                    VertexId(
                        1,
                    ),
                    VertexId(
                        6,
                    ),
                    VertexId(
                        4,
                    ),
                ],
                [
                    VertexId(
                        2,
                    ),
                    VertexId(
                        4,
                    ),
                    VertexId(
                        6,
                    ),
                ],
                [
                    VertexId(
                        2,
                    ),
                    VertexId(
                        6,
                    ),
                    VertexId(
                        10,
                    ),
                ],
                [
                    VertexId(
                        2,
                    ),
                    VertexId(
                        10,
                    ),
                    VertexId(
                        7,
                    ),
                ],
                [
                    VertexId(
                        3,
                    ),
                    VertexId(
                        8,
                    ),
                    VertexId(
                        10,
                    ),
                ],
                [
                    VertexId(
                        3,
                    ),
                    VertexId(
                        10,
                    ),
                    VertexId(
                        9,
                    ),
                ],
                [
                    VertexId(
                        5,
                    ),
                    VertexId(
                        9,
                    ),
                    VertexId(
                        10,
                    ),
                ],
                [
                    VertexId(
                        5,
                    ),
                    VertexId(
                        10,
                    ),
                    VertexId(
                        6,
                    ),
                ],
                [
                    VertexId(
                        7,
                    ),
                    VertexId(
                        10,
                    ),
                    VertexId(
                        8,
                    ),
                ],
            ],
        },
    ],
}
