---
source: src/test/union_physics.rs
expression: mesh
---
CSGPHS8 {
    geom_type: Type3,
    mesh: Mesh8 {
        hull_count: 8,
        position_count: 61,
        face_count: 90,
        first_hull_vert_count: 11,
        first_hull_face_count: 18,
        raw_hulls_len: 120,
        clers_bit_count: 172,
        clers_buffer_len: 24,
        positions_len: 732,
        aabb: Aabb {
            min: [
                -37.0,
                -0.5,
                -17.3535,
            ],
            max: [
                37.0,
                0.5,
                17.3535,
            ],
        },
        raw_hulls: RawHulls {
            face_ranges: [
                0,
                12,
            ],
            faces: [
                2,
                1,
                3,
                0,
                1,
                2,
                2,
                1,
                0,
                1,
                2,
                3,
            ],
            pos_ranges: [
                0,
                12,
            ],
            positions: [
                15.328995,
                0.5,
                -17.136505,
                24.367996,
                0.5,
                14.653503,
                0.29499817,
                0.5,
                -14.760498,
                -14.710007,
                0.5,
                -10.914505,
            ],
        },
        clers_buffer: [
            93,
            110,
            87,
            21,
            148,
            187,
            46,
            202,
            242,
            214,
            45,
            45,
            181,
            40,
            222,
            170,
            248,
            169,
            220,
            118,
            175,
            11,
            0,
            0,
        ],
        positions: [
            [
                24.367996,
                -0.5,
                14.653503,
            ],
            [
                25.871002,
                -0.5,
                17.3535,
            ],
            [
                -37.0,
                -0.5,
                17.3535,
            ],
            [
                -37.0,
                0.5,
                -14.179504,
            ],
            [
                -37.0,
                0.5,
                17.3535,
            ],
            [
                25.871002,
                0.5,
                17.3535,
            ],
            [
                24.367996,
                0.5,
                14.653503,
            ],
            [
                -14.710007,
                0.5,
                -10.914505,
            ],
            [
                -30.585999,
                0.5,
                -10.532501,
            ],
            [
                -37.0,
                -0.5,
                17.3535,
            ],
            [
                -30.585999,
                -0.5,
                -10.532501,
            ],
            [
                -37.0,
                0.5,
                -14.179504,
            ],
            [
                -37.0,
                -0.5,
                -14.179504,
            ],
            [
                36.332,
                -0.5,
                -2.8184967,
            ],
            [
                37.0,
                -0.5,
                -17.235504,
            ],
            [
                37.0,
                -0.5,
                -2.7615051,
            ],
            [
                36.332,
                0.5,
                -2.8184967,
            ],
            [
                37.0,
                0.5,
                -2.7615051,
            ],
            [
                37.0,
                0.5,
                -17.235504,
            ],
            [
                22.768997,
                0.5,
                -14.629501,
            ],
            [
                22.768997,
                -0.5,
                -14.629501,
            ],
            [
                24.367996,
                -0.5,
                14.653503,
            ],
            [
                22.768997,
                -0.5,
                -14.629501,
            ],
            [
                31.171997,
                -0.5,
                10.865494,
            ],
            [
                31.171997,
                0.5,
                10.865494,
            ],
            [
                35.674004,
                -0.5,
                4.866501,
            ],
            [
                36.332,
                -0.5,
                -2.8184967,
            ],
            [
                37.0,
                -0.5,
                -17.235504,
            ],
            [
                22.768997,
                0.5,
                -14.629501,
            ],
            [
                24.367996,
                0.5,
                14.653503,
            ],
            [
                36.332,
                0.5,
                -2.8184967,
            ],
            [
                35.674004,
                0.5,
                4.866501,
            ],
            [
                0.29499817,
                -0.5,
                -14.760498,
            ],
            [
                -14.710007,
                -0.5,
                -10.914505,
            ],
            [
                -7.5119934,
                -0.5,
                -14.025497,
            ],
            [
                -7.5119934,
                0.5,
                -14.025497,
            ],
            [
                -14.710007,
                0.5,
                -10.914505,
            ],
            [
                24.367996,
                -0.5,
                14.653503,
            ],
            [
                0.29499817,
                0.5,
                -14.760498,
            ],
            [
                24.367996,
                0.5,
                14.653503,
            ],
            [
                0.29499817,
                0.5,
                -14.760498,
            ],
            [
                0.29499817,
                -0.5,
                -14.760498,
            ],
            [
                24.367996,
                -0.5,
                14.653503,
            ],
            [
                15.328995,
                -0.5,
                -17.136505,
            ],
            [
                7.6670074,
                -0.5,
                -17.3535,
            ],
            [
                7.6670074,
                0.5,
                -17.3535,
            ],
            [
                15.328995,
                0.5,
                -17.136505,
            ],
            [
                22.768997,
                0.5,
                -14.629501,
            ],
            [
                22.768997,
                -0.5,
                -14.629501,
            ],
            [
                -37.0,
                -0.5,
                17.3535,
            ],
            [
                24.367996,
                -0.5,
                14.653503,
            ],
            [
                -22.623993,
                0.5,
                -9.749496,
            ],
            [
                -22.623993,
                -0.5,
                -9.749496,
            ],
            [
                -14.710007,
                0.5,
                -10.914505,
            ],
            [
                -14.710007,
                -0.5,
                -10.914505,
            ],
            [
                -22.623993,
                -0.5,
                -9.749496,
            ],
            [
                -22.623993,
                0.5,
                -9.749496,
            ],
            [
                -37.0,
                0.5,
                17.3535,
            ],
            [
                -37.0,
                -0.5,
                17.3535,
            ],
            [
                -30.585999,
                -0.5,
                -10.532501,
            ],
            [
                -30.585999,
                0.5,
                -10.532501,
            ],
        ],
    },
}
