---
source: src/test/union_graphics.rs
expression: mesh
---
CSGMDL2 {
    hash: Hash {
        hash: [
            50,
            97,
            98,
            50,
            53,
            53,
            50,
            98,
            55,
            98,
            98,
            51,
            49,
            98,
            100,
            53,
        ],
        _unknown: [
            179,
            166,
            219,
            60,
            135,
            12,
            62,
            153,
            36,
            94,
            13,
            28,
            6,
            183,
            71,
            222,
        ],
    },
    mesh: Mesh2 {
        vertices: [
            Vertex {
                pos: [
                    6.377194,
                    7.7,
                    -0.8000002,
                ],
                norm: [
                    1.0,
                    0.0,
                    0.0,
                ],
                color: [
                    163,
                    162,
                    165,
                    255,
                ],
                normal_id: NormalId2(
                    Right,
                ),
                tex: [
                    0.7999999,
                    -7.699999,
                ],
                tangent: [
                    0.0,
                    0.0,
                    -1.0,
                ],
            },
            Vertex {
                pos: [
                    6.377194,
                    7.7,
                    0.7999997,
                ],
                norm: [
                    1.0,
                    1.5481726e-8,
                    -1.4901164e-7,
                ],
                color: [
                    163,
                    162,
                    165,
                    255,
                ],
                normal_id: NormalId2(
                    Right,
                ),
                tex: [
                    -0.8,
                    -7.699999,
                ],
                tangent: [
                    -1.4901165e-7,
                    0.0,
                    -1.0,
                ],
            },
            Vertex {
                pos: [
                    6.377194,
                    -7.7,
                    -0.8000001,
                ],
                norm: [
                    1.0,
                    1.5481726e-8,
                    -1.4901164e-7,
                ],
                color: [
                    163,
                    162,
                    165,
                    255,
                ],
                normal_id: NormalId2(
                    Right,
                ),
                tex: [
                    0.7999998,
                    7.700001,
                ],
                tangent: [
                    -1.4901165e-7,
                    0.0,
                    -1.0,
                ],
            },
            Vertex {
                pos: [
                    5.3979497,
                    7.700001,
                    -0.8000003,
                ],
                norm: [
                    9.738882e-7,
                    1.0,
                    0.0,
                ],
                color: [
                    163,
                    162,
                    165,
                    255,
                ],
                normal_id: NormalId2(
                    Top,
                ),
                tex: [
                    -5.397949,
                    0.8,
                ],
                tangent: [
                    -1.0,
                    9.738882e-7,
                    0.0,
                ],
            },
            Vertex {
                pos: [
                    5.3979497,
                    7.700001,
                    0.6771563,
                ],
                norm: [
                    9.738882e-7,
                    1.0,
                    0.0,
                ],
                color: [
                    163,
                    162,
                    165,
                    255,
                ],
                normal_id: NormalId2(
                    Top,
                ),
                tex: [
                    -5.397949,
                    -0.6771566,
                ],
                tangent: [
                    -1.0,
                    9.738882e-7,
                    0.0,
                ],
            },
            Vertex {
                pos: [
                    6.3771944,
                    -7.699999,
                    0.79999965,
                ],
                norm: [
                    1.0,
                    3.096346e-8,
                    -2.980233e-7,
                ],
                color: [
                    163,
                    162,
                    165,
                    255,
                ],
                normal_id: NormalId2(
                    Right,
                ),
                tex: [
                    -0.79999995,
                    7.7,
                ],
                tangent: [
                    -2.980233e-7,
                    0.0,
                    -1.0,
                ],
            },
            Vertex {
                pos: [
                    -6.3771944,
                    -7.7,
                    -0.79999876,
                ],
                norm: [
                    -6.11703e-8,
                    -4.1770097e-8,
                    -1.0,
                ],
                color: [
                    163,
                    162,
                    165,
                    255,
                ],
                normal_id: NormalId2(
                    Front,
                ),
                tex: [
                    6.377195,
                    7.700001,
                ],
                tangent: [
                    -1.0,
                    0.0,
                    2.6259421e-8,
                ],
            },
            Vertex {
                pos: [
                    0.1410062,
                    2.4430578,
                    -0.7999997,
                ],
                norm: [
                    -4.4533577e-9,
                    -8.987423e-8,
                    -0.99999994,
                ],
                color: [
                    163,
                    162,
                    165,
                    255,
                ],
                normal_id: NormalId2(
                    Front,
                ),
                tex: [
                    -0.14100572,
                    -2.4430566,
                ],
                tangent: [
                    -1.0,
                    0.0,
                    1.1519475e-8,
                ],
            },
            Vertex {
                pos: [
                    4.3286014,
                    6.6306524,
                    -0.8000001,
                ],
                norm: [
                    2.079412e-9,
                    -1.1546213e-7,
                    -0.99999994,
                ],
                color: [
                    163,
                    162,
                    165,
                    255,
                ],
                normal_id: NormalId2(
                    Front,
                ),
                tex: [
                    -4.328601,
                    -6.630651,
                ],
                tangent: [
                    -1.0,
                    0.0,
                    -4.662975e-8,
                ],
            },
            Vertex {
                pos: [
                    -1.4696759,
                    4.0537395,
                    -0.79999983,
                ],
                norm: [
                    -3.3145234e-10,
                    -9.143406e-8,
                    -1.0,
                ],
                color: [
                    163,
                    162,
                    165,
                    255,
                ],
                normal_id: NormalId2(
                    Front,
                ),
                tex: [
                    1.4696764,
                    -4.0537386,
                ],
                tangent: [
                    -1.0,
                    0.0,
                    2.775244e-9,
                ],
            },
            Vertex {
                pos: [
                    -6.3771944,
                    7.700001,
                    -0.8000002,
                ],
                norm: [
                    3.6351984e-9,
                    -9.3188085e-8,
                    -1.0,
                ],
                color: [
                    163,
                    162,
                    165,
                    255,
                ],
                normal_id: NormalId2(
                    Front,
                ),
                tex: [
                    6.377195,
                    -7.7,
                ],
                tangent: [
                    -1.0,
                    0.0,
                    -1.928202e-9,
                ],
            },
            Vertex {
                pos: [
                    -5.1159377,
                    7.700001,
                    -0.8000002,
                ],
                norm: [
                    0.0,
                    -9.8080704e-8,
                    -1.0,
                ],
                color: [
                    163,
                    162,
                    165,
                    255,
                ],
                normal_id: NormalId2(
                    Front,
                ),
                tex: [
                    5.115938,
                    -7.7,
                ],
                tangent: [
                    -1.0,
                    0.0,
                    0.0,
                ],
            },
            Vertex {
                pos: [
                    5.3979497,
                    7.700001,
                    0.7999997,
                ],
                norm: [
                    9.738882e-7,
                    1.0,
                    0.0,
                ],
                color: [
                    163,
                    162,
                    165,
                    255,
                ],
                normal_id: NormalId2(
                    Top,
                ),
                tex: [
                    -5.397949,
                    -0.8,
                ],
                tangent: [
                    -1.0,
                    9.738882e-7,
                    0.0,
                ],
            },
            Vertex {
                pos: [
                    1.7515895,
                    4.0536404,
                    0.7999998,
                ],
                norm: [
                    2.0040689e-8,
                    -1.3206387e-9,
                    1.0,
                ],
                color: [
                    163,
                    162,
                    165,
                    255,
                ],
                normal_id: NormalId2(
                    Back,
                ),
                tex: [
                    1.7515891,
                    -4.053639,
                ],
                tangent: [
                    1.0,
                    0.0,
                    -1.6590576e-8,
                ],
            },
            Vertex {
                pos: [
                    0.14100632,
                    2.4430568,
                    0.79999983,
                ],
                norm: [
                    -3.8837197e-8,
                    -3.695064e-8,
                    1.0,
                ],
                color: [
                    163,
                    162,
                    165,
                    255,
                ],
                normal_id: NormalId2(
                    Back,
                ),
                tex: [
                    0.14100584,
                    -2.4430556,
                ],
                tangent: [
                    1.0,
                    0.0,
                    2.5993184e-8,
                ],
            },
            Vertex {
                pos: [
                    -5.1159368,
                    7.7,
                    0.7999996,
                ],
                norm: [
                    0.0,
                    5.5744344e-8,
                    1.0,
                ],
                color: [
                    163,
                    162,
                    165,
                    255,
                ],
                normal_id: NormalId2(
                    Back,
                ),
                tex: [
                    -5.115937,
                    -7.699999,
                ],
                tangent: [
                    1.0,
                    0.0,
                    0.0,
                ],
            },
            Vertex {
                pos: [
                    -6.377193,
                    7.7,
                    0.7999996,
                ],
                norm: [
                    -1.4454395e-8,
                    -6.9796746e-9,
                    1.0,
                ],
                color: [
                    163,
                    162,
                    165,
                    255,
                ],
                normal_id: NormalId2(
                    Back,
                ),
                tex: [
                    -6.3771935,
                    -7.699999,
                ],
                tangent: [
                    1.0,
                    0.0,
                    2.79536e-8,
                ],
            },
            Vertex {
                pos: [
                    -4.0466866,
                    6.6307497,
                    0.79999965,
                ],
                norm: [
                    -8.809353e-9,
                    3.654372e-8,
                    1.0,
                ],
                color: [
                    163,
                    162,
                    165,
                    255,
                ],
                normal_id: NormalId2(
                    Back,
                ),
                tex: [
                    -4.046687,
                    -6.6307487,
                ],
                tangent: [
                    1.0,
                    0.0,
                    5.5293294e-9,
                ],
            },
            Vertex {
                pos: [
                    -6.377193,
                    -7.700001,
                    0.79999965,
                ],
                norm: [
                    9.34653e-8,
                    -1.0,
                    -1.490118e-7,
                ],
                color: [
                    163,
                    162,
                    165,
                    255,
                ],
                normal_id: NormalId2(
                    Bottom,
                ),
                tex: [
                    -6.3771935,
                    -0.79999995,
                ],
                tangent: [
                    1.0,
                    9.346529e-8,
                    0.0,
                ],
            },
            Vertex {
                pos: [
                    -5.1159368,
                    7.7,
                    -0.64177936,
                ],
                norm: [
                    6.813575e-7,
                    1.0,
                    5.9604616e-7,
                ],
                color: [
                    163,
                    162,
                    165,
                    255,
                ],
                normal_id: NormalId2(
                    Top,
                ),
                tex: [
                    5.115937,
                    0.64177907,
                ],
                tangent: [
                    -0.89442706,
                    0.44721368,
                    0.0,
                ],
            },
            Vertex {
                pos: [
                    6.377194,
                    7.7,
                    -0.8000002,
                ],
                norm: [
                    9.738882e-7,
                    1.0,
                    0.0,
                ],
                color: [
                    163,
                    162,
                    165,
                    255,
                ],
                normal_id: NormalId2(
                    Top,
                ),
                tex: [
                    -6.3771935,
                    0.7999999,
                ],
                tangent: [
                    -1.0,
                    9.738882e-7,
                    0.0,
                ],
            },
            Vertex {
                pos: [
                    6.377194,
                    7.7,
                    -0.8000002,
                ],
                norm: [
                    -8.677601e-8,
                    -2.1487383e-8,
                    -1.0,
                ],
                color: [
                    163,
                    162,
                    165,
                    255,
                ],
                normal_id: NormalId2(
                    Front,
                ),
                tex: [
                    -6.3771935,
                    -7.699999,
                ],
                tangent: [
                    -1.0,
                    0.0,
                    8.6311225e-10,
                ],
            },
            Vertex {
                pos: [
                    6.377194,
                    7.7,
                    0.7999997,
                ],
                norm: [
                    1.5176148e-8,
                    -2.9054217e-9,
                    1.0,
                ],
                color: [
                    163,
                    162,
                    165,
                    255,
                ],
                normal_id: NormalId2(
                    Back,
                ),
                tex: [
                    6.3771935,
                    -7.699999,
                ],
                tangent: [
                    1.0,
                    0.0,
                    -7.968441e-9,
                ],
            },
            Vertex {
                pos: [
                    6.377194,
                    7.7,
                    0.7999997,
                ],
                norm: [
                    9.738882e-7,
                    1.0,
                    0.0,
                ],
                color: [
                    163,
                    162,
                    165,
                    255,
                ],
                normal_id: NormalId2(
                    Top,
                ),
                tex: [
                    -6.3771935,
                    -0.8,
                ],
                tangent: [
                    -1.0,
                    9.738882e-7,
                    0.0,
                ],
            },
            Vertex {
                pos: [
                    6.377194,
                    -7.7,
                    -0.8000001,
                ],
                norm: [
                    -1.0281183e-7,
                    -7.740863e-9,
                    -0.99999994,
                ],
                color: [
                    163,
                    162,
                    165,
                    255,
                ],
                normal_id: NormalId2(
                    Front,
                ),
                tex: [
                    -6.3771935,
                    7.700001,
                ],
                tangent: [
                    -0.99999994,
                    0.0,
                    1.0281183e-7,
                ],
            },
            Vertex {
                pos: [
                    6.377194,
                    -7.7,
                    -0.8000001,
                ],
                norm: [
                    9.34653e-8,
                    -1.0,
                    -1.490118e-7,
                ],
                color: [
                    163,
                    162,
                    165,
                    255,
                ],
                normal_id: NormalId2(
                    Bottom,
                ),
                tex: [
                    6.3771935,
                    0.7999998,
                ],
                tangent: [
                    1.0,
                    9.346529e-8,
                    0.0,
                ],
            },
            Vertex {
                pos: [
                    5.3979497,
                    7.700001,
                    -0.8000003,
                ],
                norm: [
                    -0.7071069,
                    0.70710653,
                    0.0,
                ],
                color: [
                    255,
                    175,
                    0,
                    255,
                ],
                normal_id: NormalId2(
                    Left,
                ),
                tex: [
                    -0.8,
                    -7.7,
                ],
                tangent: [
                    0.0,
                    0.0,
                    1.0,
                ],
            },
            Vertex {
                pos: [
                    5.3979497,
                    7.700001,
                    -0.8000003,
                ],
                norm: [
                    1.2173567e-7,
                    -3.4469238e-7,
                    -1.0,
                ],
                color: [
                    163,
                    162,
                    165,
                    255,
                ],
                normal_id: NormalId2(
                    Front,
                ),
                tex: [
                    -5.397949,
                    -7.7,
                ],
                tangent: [
                    -1.0,
                    0.0,
                    -1.2173567e-7,
                ],
            },
            Vertex {
                pos: [
                    5.3979497,
                    7.700001,
                    0.6771563,
                ],
                norm: [
                    -0.70710695,
                    0.7071066,
                    0.0,
                ],
                color: [
                    255,
                    175,
                    0,
                    255,
                ],
                normal_id: NormalId2(
                    Left,
                ),
                tex: [
                    0.6771566,
                    -7.7,
                ],
                tangent: [
                    0.0,
                    0.0,
                    1.0,
                ],
            },
            Vertex {
                pos: [
                    6.3771944,
                    -7.699999,
                    0.79999965,
                ],
                norm: [
                    1.8693066e-7,
                    -1.0,
                    5.9604656e-7,
                ],
                color: [
                    163,
                    162,
                    165,
                    255,
                ],
                normal_id: NormalId2(
                    Bottom,
                ),
                tex: [
                    6.377194,
                    -0.79999995,
                ],
                tangent: [
                    1.0,
                    1.8693066e-7,
                    0.0,
                ],
            },
            Vertex {
                pos: [
                    6.3771944,
                    -7.699999,
                    0.79999965,
                ],
                norm: [
                    -4.064257e-9,
                    -6.3664567e-9,
                    1.0,
                ],
                color: [
                    163,
                    162,
                    165,
                    255,
                ],
                normal_id: NormalId2(
                    Back,
                ),
                tex: [
                    6.377194,
                    7.7,
                ],
                tangent: [
                    1.0,
                    0.0,
                    1.2746007e-8,
                ],
            },
            Vertex {
                pos: [
                    -6.3771944,
                    -7.7,
                    -0.79999876,
                ],
                norm: [
                    -0.99999994,
                    8.305052e-14,
                    8.940705e-7,
                ],
                color: [
                    163,
                    162,
                    165,
                    255,
                ],
                normal_id: NormalId2(
                    Left,
                ),
                tex: [
                    -0.79999846,
                    7.700001,
                ],
                tangent: [
                    8.940705e-7,
                    0.0,
                    0.99999994,
                ],
            },
            Vertex {
                pos: [
                    -6.3771944,
                    -7.7,
                    -0.79999876,
                ],
                norm: [
                    -9.192103e-14,
                    -1.0,
                    -8.940705e-7,
                ],
                color: [
                    163,
                    162,
                    165,
                    255,
                ],
                normal_id: NormalId2(
                    Bottom,
                ),
                tex: [
                    -6.377195,
                    0.79999846,
                ],
                tangent: [
                    1.0,
                    -9.192103e-14,
                    0.0,
                ],
            },
            Vertex {
                pos: [
                    0.1410062,
                    2.4430578,
                    -0.7999997,
                ],
                norm: [
                    -0.70710665,
                    0.7071069,
                    6.0388163e-7,
                ],
                color: [
                    255,
                    175,
                    0,
                    255,
                ],
                normal_id: NormalId2(
                    Top,
                ),
                tex: [
                    -0.14100572,
                    0.7999994,
                ],
                tangent: [
                    -0.7071068,
                    -0.70710665,
                    0.0,
                ],
            },
            Vertex {
                pos: [
                    0.1410062,
                    2.4430578,
                    -0.7999997,
                ],
                norm: [
                    0.70710677,
                    0.70710677,
                    3.02687e-7,
                ],
                color: [
                    255,
                    175,
                    0,
                    255,
                ],
                normal_id: NormalId2(
                    Right,
                ),
                tex: [
                    0.7999994,
                    -2.4430566,
                ],
                tangent: [
                    5.2154076e-7,
                    0.0,
                    -1.0,
                ],
            },
            Vertex {
                pos: [
                    0.1410062,
                    2.4430578,
                    -0.7999997,
                ],
                norm: [
                    0.70710677,
                    0.70710677,
                    3.02687e-7,
                ],
                color: [
                    255,
                    175,
                    0,
                    255,
                ],
                normal_id: NormalId2(
                    Top,
                ),
                tex: [
                    -0.14100572,
                    0.7999994,
                ],
                tangent: [
                    -0.70710677,
                    0.7071067,
                    0.0,
                ],
            },
            Vertex {
                pos: [
                    4.3286014,
                    6.6306524,
                    -0.8000001,
                ],
                norm: [
                    -0.7071068,
                    0.7071068,
                    2.0043422e-7,
                ],
                color: [
                    255,
                    175,
                    0,
                    255,
                ],
                normal_id: NormalId2(
                    Left,
                ),
                tex: [
                    -0.7999998,
                    -6.630651,
                ],
                tangent: [
                    -4.086585e-8,
                    0.0,
                    1.0,
                ],
            },
            Vertex {
                pos: [
                    4.3286014,
                    6.6306524,
                    -0.8000001,
                ],
                norm: [
                    -0.7071068,
                    0.7071068,
                    2.0043422e-7,
                ],
                color: [
                    255,
                    175,
                    0,
                    255,
                ],
                normal_id: NormalId2(
                    Top,
                ),
                tex: [
                    -4.328601,
                    0.7999998,
                ],
                tangent: [
                    -0.7071068,
                    -0.70710665,
                    0.0,
                ],
            },
            Vertex {
                pos: [
                    -1.4696759,
                    4.0537395,
                    -0.79999983,
                ],
                norm: [
                    0.7071067,
                    0.7071068,
                    1.0021711e-7,
                ],
                color: [
                    255,
                    175,
                    0,
                    255,
                ],
                normal_id: NormalId2(
                    Top,
                ),
                tex: [
                    1.4696764,
                    0.79999954,
                ],
                tangent: [
                    -0.70710677,
                    0.7071067,
                    0.0,
                ],
            },
            Vertex {
                pos: [
                    -6.3771944,
                    7.700001,
                    -0.8000002,
                ],
                norm: [
                    3.4067895e-7,
                    1.0,
                    5.9604633e-7,
                ],
                color: [
                    163,
                    162,
                    165,
                    255,
                ],
                normal_id: NormalId2(
                    Top,
                ),
                tex: [
                    6.377195,
                    0.7999999,
                ],
                tangent: [
                    -1.0,
                    2.520432e-7,
                    0.0,
                ],
            },
            Vertex {
                pos: [
                    -6.3771944,
                    7.700001,
                    -0.8000002,
                ],
                norm: [
                    -0.99999994,
                    4.3255462e-14,
                    8.940702e-7,
                ],
                color: [
                    163,
                    162,
                    165,
                    255,
                ],
                normal_id: NormalId2(
                    Left,
                ),
                tex: [
                    -0.7999999,
                    -7.7,
                ],
                tangent: [
                    8.9407024e-7,
                    0.0,
                    1.0,
                ],
            },
            Vertex {
                pos: [
                    -5.1159377,
                    7.700001,
                    -0.8000002,
                ],
                norm: [
                    0.70710677,
                    0.7071068,
                    8.424886e-8,
                ],
                color: [
                    255,
                    175,
                    0,
                    255,
                ],
                normal_id: NormalId2(
                    Top,
                ),
                tex: [
                    5.115938,
                    0.7999999,
                ],
                tangent: [
                    -0.8320503,
                    0.5547002,
                    0.0,
                ],
            },
            Vertex {
                pos: [
                    -5.1159377,
                    7.700001,
                    -0.8000002,
                ],
                norm: [
                    0.0,
                    1.0,
                    6.027489e-6,
                ],
                color: [
                    163,
                    162,
                    165,
                    255,
                ],
                normal_id: NormalId2(
                    Top,
                ),
                tex: [
                    5.115938,
                    0.7999999,
                ],
                tangent: [
                    -0.8320503,
                    0.5547002,
                    0.0,
                ],
            },
            Vertex {
                pos: [
                    5.3979497,
                    7.700001,
                    0.7999997,
                ],
                norm: [
                    1.5919488e-14,
                    1.6346322e-8,
                    1.0,
                ],
                color: [
                    163,
                    162,
                    165,
                    255,
                ],
                normal_id: NormalId2(
                    Back,
                ),
                tex: [
                    5.397949,
                    -7.7,
                ],
                tangent: [
                    1.0,
                    0.0,
                    -1.5919488e-14,
                ],
            },
            Vertex {
                pos: [
                    5.3979497,
                    7.700001,
                    0.7999997,
                ],
                norm: [
                    -0.7071068,
                    0.7071067,
                    -1.13040855e-7,
                ],
                color: [
                    255,
                    175,
                    0,
                    255,
                ],
                normal_id: NormalId2(
                    Left,
                ),
                tex: [
                    0.8,
                    -7.7,
                ],
                tangent: [
                    -8.17317e-8,
                    0.0,
                    1.0,
                ],
            },
            Vertex {
                pos: [
                    1.7515895,
                    4.0536404,
                    0.7999998,
                ],
                norm: [
                    -0.7071069,
                    0.7071067,
                    -8.0173685e-8,
                ],
                color: [
                    255,
                    175,
                    0,
                    255,
                ],
                normal_id: NormalId2(
                    Left,
                ),
                tex: [
                    0.8000001,
                    -4.053639,
                ],
                tangent: [
                    -8.17317e-8,
                    0.0,
                    1.0,
                ],
            },
            Vertex {
                pos: [
                    0.14100632,
                    2.4430568,
                    0.79999983,
                ],
                norm: [
                    0.70710677,
                    0.7071067,
                    3.6878498e-7,
                ],
                color: [
                    255,
                    175,
                    0,
                    255,
                ],
                normal_id: NormalId2(
                    Right,
                ),
                tex: [
                    -0.80000013,
                    -2.4430556,
                ],
                tangent: [
                    5.2154076e-7,
                    0.0,
                    -1.0,
                ],
            },
            Vertex {
                pos: [
                    0.14100632,
                    2.4430568,
                    0.79999983,
                ],
                norm: [
                    -0.70710665,
                    0.7071068,
                    4.3613892e-7,
                ],
                color: [
                    255,
                    175,
                    0,
                    255,
                ],
                normal_id: NormalId2(
                    Top,
                ),
                tex: [
                    -0.14100584,
                    -0.80000013,
                ],
                tangent: [
                    -0.7071068,
                    -0.70710665,
                    0.0,
                ],
            },
            Vertex {
                pos: [
                    0.14100632,
                    2.4430568,
                    0.79999983,
                ],
                norm: [
                    -0.70710665,
                    0.7071068,
                    4.3613892e-7,
                ],
                color: [
                    255,
                    175,
                    0,
                    255,
                ],
                normal_id: NormalId2(
                    Left,
                ),
                tex: [
                    0.80000013,
                    -2.4430556,
                ],
                tangent: [
                    0.0,
                    0.0,
                    1.0,
                ],
            },
            Vertex {
                pos: [
                    -5.1159368,
                    7.7,
                    0.7999996,
                ],
                norm: [
                    3.5839963e-7,
                    1.0,
                    3.1352502e-7,
                ],
                color: [
                    163,
                    162,
                    165,
                    255,
                ],
                normal_id: NormalId2(
                    Top,
                ),
                tex: [
                    5.115937,
                    -0.7999999,
                ],
                tangent: [
                    -0.9486832,
                    0.31622797,
                    0.0,
                ],
            },
            Vertex {
                pos: [
                    -5.1159368,
                    7.7,
                    0.7999996,
                ],
                norm: [
                    0.70710677,
                    0.70710677,
                    0.0,
                ],
                color: [
                    255,
                    175,
                    0,
                    255,
                ],
                normal_id: NormalId2(
                    Top,
                ),
                tex: [
                    5.115937,
                    -0.7999999,
                ],
                tangent: [
                    -0.9486832,
                    0.31622797,
                    0.0,
                ],
            },
            Vertex {
                pos: [
                    -6.377193,
                    7.7,
                    0.7999996,
                ],
                norm: [
                    -0.99999994,
                    3.4604354e-15,
                    8.9406973e-7,
                ],
                color: [
                    163,
                    162,
                    165,
                    255,
                ],
                normal_id: NormalId2(
                    Left,
                ),
                tex: [
                    0.7999999,
                    -7.699999,
                ],
                tangent: [
                    8.9406973e-7,
                    0.0,
                    0.99999994,
                ],
            },
            Vertex {
                pos: [
                    -6.377193,
                    7.7,
                    0.7999996,
                ],
                norm: [
                    0.0,
                    1.0,
                    5.960465e-7,
                ],
                color: [
                    163,
                    162,
                    165,
                    255,
                ],
                normal_id: NormalId2(
                    Top,
                ),
                tex: [
                    6.3771935,
                    -0.7999999,
                ],
                tangent: [
                    -1.0,
                    0.0,
                    0.0,
                ],
            },
            Vertex {
                pos: [
                    -4.0466866,
                    6.6307497,
                    0.79999965,
                ],
                norm: [
                    0.70710677,
                    0.7071068,
                    1.9699607e-7,
                ],
                color: [
                    255,
                    175,
                    0,
                    255,
                ],
                normal_id: NormalId2(
                    Top,
                ),
                tex: [
                    4.046687,
                    -0.79999995,
                ],
                tangent: [
                    -0.70710677,
                    0.70710677,
                    0.0,
                ],
            },
            Vertex {
                pos: [
                    -4.0466866,
                    6.6307497,
                    0.79999965,
                ],
                norm: [
                    0.70710677,
                    0.7071068,
                    1.9699607e-7,
                ],
                color: [
                    255,
                    175,
                    0,
                    255,
                ],
                normal_id: NormalId2(
                    Right,
                ),
                tex: [
                    -0.79999995,
                    -6.6307487,
                ],
                tangent: [
                    5.2154076e-7,
                    0.0,
                    -1.0,
                ],
            },
            Vertex {
                pos: [
                    -6.377193,
                    -7.700001,
                    0.79999965,
                ],
                norm: [
                    -0.99999994,
                    4.3255462e-14,
                    8.940702e-7,
                ],
                color: [
                    163,
                    162,
                    165,
                    255,
                ],
                normal_id: NormalId2(
                    Left,
                ),
                tex: [
                    0.79999995,
                    7.700002,
                ],
                tangent: [
                    8.9407024e-7,
                    0.0,
                    1.0,
                ],
            },
            Vertex {
                pos: [
                    -6.377193,
                    -7.700001,
                    0.79999965,
                ],
                norm: [
                    -7.235022e-16,
                    3.870431e-9,
                    1.0,
                ],
                color: [
                    163,
                    162,
                    165,
                    255,
                ],
                normal_id: NormalId2(
                    Back,
                ),
                tex: [
                    -6.3771935,
                    7.700002,
                ],
                tangent: [
                    1.0,
                    0.0,
                    7.235022e-16,
                ],
            },
            Vertex {
                pos: [
                    -5.1159368,
                    7.7,
                    -0.64177936,
                ],
                norm: [
                    0.7071067,
                    0.7071067,
                    0.0,
                ],
                color: [
                    255,
                    175,
                    0,
                    255,
                ],
                normal_id: NormalId2(
                    Top,
                ),
                tex: [
                    5.115937,
                    0.64177907,
                ],
                tangent: [
                    -0.89442706,
                    0.44721368,
                    0.0,
                ],
            },
        ],
        faces: [
            [
                VertexId(
                    0,
                ),
                VertexId(
                    1,
                ),
                VertexId(
                    2,
                ),
            ],
            [
                VertexId(
                    3,
                ),
                VertexId(
                    4,
                ),
                VertexId(
                    23,
                ),
            ],
            [
                VertexId(
                    3,
                ),
                VertexId(
                    23,
                ),
                VertexId(
                    20,
                ),
            ],
            [
                VertexId(
                    2,
                ),
                VertexId(
                    1,
                ),
                VertexId(
                    5,
                ),
            ],
            [
                VertexId(
                    21,
                ),
                VertexId(
                    24,
                ),
                VertexId(
                    6,
                ),
            ],
            [
                VertexId(
                    7,
                ),
                VertexId(
                    8,
                ),
                VertexId(
                    21,
                ),
            ],
            [
                VertexId(
                    27,
                ),
                VertexId(
                    21,
                ),
                VertexId(
                    8,
                ),
            ],
            [
                VertexId(
                    7,
                ),
                VertexId(
                    21,
                ),
                VertexId(
                    6,
                ),
            ],
            [
                VertexId(
                    9,
                ),
                VertexId(
                    6,
                ),
                VertexId(
                    10,
                ),
            ],
            [
                VertexId(
                    6,
                ),
                VertexId(
                    9,
                ),
                VertexId(
                    7,
                ),
            ],
            [
                VertexId(
                    10,
                ),
                VertexId(
                    11,
                ),
                VertexId(
                    9,
                ),
            ],
            [
                VertexId(
                    4,
                ),
                VertexId(
                    12,
                ),
                VertexId(
                    23,
                ),
            ],
            [
                VertexId(
                    22,
                ),
                VertexId(
                    43,
                ),
                VertexId(
                    13,
                ),
            ],
            [
                VertexId(
                    30,
                ),
                VertexId(
                    13,
                ),
                VertexId(
                    14,
                ),
            ],
            [
                VertexId(
                    13,
                ),
                VertexId(
                    30,
                ),
                VertexId(
                    22,
                ),
            ],
            [
                VertexId(
                    15,
                ),
                VertexId(
                    16,
                ),
                VertexId(
                    17,
                ),
            ],
            [
                VertexId(
                    14,
                ),
                VertexId(
                    17,
                ),
                VertexId(
                    16,
                ),
            ],
            [
                VertexId(
                    16,
                ),
                VertexId(
                    30,
                ),
                VertexId(
                    14,
                ),
            ],
            [
                VertexId(
                    25,
                ),
                VertexId(
                    29,
                ),
                VertexId(
                    18,
                ),
            ],
            [
                VertexId(
                    32,
                ),
                VertexId(
                    25,
                ),
                VertexId(
                    18,
                ),
            ],
            [
                VertexId(
                    40,
                ),
                VertexId(
                    31,
                ),
                VertexId(
                    55,
                ),
            ],
            [
                VertexId(
                    51,
                ),
                VertexId(
                    40,
                ),
                VertexId(
                    55,
                ),
            ],
            [
                VertexId(
                    30,
                ),
                VertexId(
                    16,
                ),
                VertexId(
                    56,
                ),
            ],
            [
                VertexId(
                    19,
                ),
                VertexId(
                    42,
                ),
                VertexId(
                    39,
                ),
            ],
            [
                VertexId(
                    49,
                ),
                VertexId(
                    19,
                ),
                VertexId(
                    39,
                ),
            ],
            [
                VertexId(
                    49,
                ),
                VertexId(
                    39,
                ),
                VertexId(
                    52,
                ),
            ],
            [
                VertexId(
                    28,
                ),
                VertexId(
                    26,
                ),
                VertexId(
                    36,
                ),
            ],
            [
                VertexId(
                    44,
                ),
                VertexId(
                    36,
                ),
                VertexId(
                    45,
                ),
            ],
            [
                VertexId(
                    36,
                ),
                VertexId(
                    44,
                ),
                VertexId(
                    28,
                ),
            ],
            [
                VertexId(
                    37,
                ),
                VertexId(
                    33,
                ),
                VertexId(
                    47,
                ),
            ],
            [
                VertexId(
                    36,
                ),
                VertexId(
                    48,
                ),
                VertexId(
                    45,
                ),
            ],
            [
                VertexId(
                    35,
                ),
                VertexId(
                    38,
                ),
                VertexId(
                    53,
                ),
            ],
            [
                VertexId(
                    34,
                ),
                VertexId(
                    54,
                ),
                VertexId(
                    46,
                ),
            ],
            [
                VertexId(
                    53,
                ),
                VertexId(
                    38,
                ),
                VertexId(
                    41,
                ),
            ],
            [
                VertexId(
                    41,
                ),
                VertexId(
                    57,
                ),
                VertexId(
                    53,
                ),
            ],
            [
                VertexId(
                    57,
                ),
                VertexId(
                    50,
                ),
                VertexId(
                    53,
                ),
            ],
        ],
    },
}
