---
source: src/test/union_physics.rs
expression: symbols
---
Ok(
    [
        Continue,
        Continue,
        Continue,
        Continue,
        Continue,
        Continue,
        Left,
        Continue,
        Continue,
        Continue,
        Continue,
        Continue,
        Continue,
        Left,
        Continue,
        Left,
        Right,
        Left,
        Continue,
        Continue,
        Left,
        Continue,
        Left,
        Continue,
        Continue,
        Left,
        Continue,
        Continue,
        Continue,
        Left,
        Split,
        End,
        Right,
        Right,
        Continue,
        Left,
        Left,
        Left,
        Split,
        End,
        Split,
        Right,
        Continue,
        Continue,
        Left,
        Right,
        End,
        Left,
        End,
        Continue,
        Left,
        Continue,
        Continue,
        Continue,
        Continue,
        Continue,
        Continue,
        Left,
        Continue,
        Left,
        Continue,
        Continue,
        Left,
        Left,
        Left,
        Right,
        Continue,
        Split,
        Continue,
        Left,
        End,
        Right,
        Right,
        End,
        Continue,
        Continue,
        Continue,
        Left,
        Continue,
        Continue,
        Continue,
        Continue,
        Continue,
        Continue,
        Continue,
        Continue,
        Left,
        Continue,
        Continue,
        Continue,
        Continue,
        Continue,
        Left,
        Continue,
        Continue,
        Continue,
        Continue,
        Left,
        Split,
        Left,
        Right,
        End,
        Right,
        Continue,
        Continue,
        Left,
        Right,
        Continue,
        Continue,
        Continue,
        Left,
        Continue,
        Continue,
        Left,
        Left,
        Left,
        Right,
        Right,
        Right,
        Continue,
        Split,
        Right,
        End,
        Left,
        Left,
        Continue,
        Continue,
        Left,
        Split,
        End,
        Right,
        Right,
        Continue,
        Left,
        Left,
        Continue,
        Continue,
        Left,
        Left,
        Right,
        End,
        Continue,
        Left,
        Continue,
        Continue,
        Continue,
        Continue,
        Continue,
        Continue,
        Continue,
        Continue,
        Continue,
        Continue,
        Left,
        Left,
        Right,
        Continue,
        Left,
        Continue,
        Continue,
        Left,
        Left,
        Right,
        Split,
        Left,
        Left,
        End,
        Continue,
        Left,
        Left,
        Right,
        End,
        Continue,
        Left,
        Continue,
        Continue,
        Continue,
        Continue,
        Continue,
        Continue,
        Continue,
        Continue,
        Continue,
        Continue,
        Continue,
        Left,
        Continue,
        Continue,
        Continue,
        Left,
        Left,
        Left,
        Continue,
        Left,
        Continue,
        Continue,
        Continue,
        Split,
        Right,
        Right,
        Right,
        End,
        Split,
        Left,
        Left,
        End,
        Right,
        Left,
        Left,
        Right,
        End,
        Continue,
        Continue,
        Left,
        Continue,
        Continue,
        Continue,
        Continue,
        Continue,
        Continue,
        Continue,
        Left,
        Left,
        Continue,
        Continue,
        Continue,
        Left,
        Left,
        Left,
        Left,
        Continue,
        Continue,
        Continue,
        Split,
        Right,
        Right,
        Right,
        Right,
        End,
        Left,
        Right,
        End,
        Continue,
        Continue,
        Continue,
        Continue,
        Continue,
        Left,
        Continue,
        Continue,
        Continue,
        Continue,
        Left,
        Left,
        Continue,
        Left,
        Left,
        Continue,
        Split,
        Left,
        Left,
        Left,
        End,
        Continue,
        Split,
        End,
        End,
        Continue,
        Continue,
        Continue,
        Continue,
        Continue,
        Continue,
        Continue,
        Continue,
        Left,
        Left,
        Continue,
        Left,
        Left,
        Continue,
        Left,
        Split,
        Left,
        End,
        Continue,
        Left,
        Left,
        Continue,
        Left,
        Left,
        End,
        Continue,
        Left,
        Continue,
        Continue,
        Continue,
        Continue,
        Continue,
        Continue,
        Continue,
        Continue,
        Left,
        Right,
        Continue,
        Continue,
        Continue,
        Continue,
        Continue,
        Continue,
        Continue,
        Left,
        Left,
        Right,
        Left,
        Right,
        Right,
        Left,
        Left,
        Right,
        Right,
        Left,
        Left,
        Right,
        End,
        Continue,
        Continue,
        Continue,
        Left,
        Continue,
        Continue,
        Continue,
        Continue,
        Continue,
        Continue,
        Continue,
        Left,
        Continue,
        Continue,
        Continue,
        Continue,
        Continue,
        Continue,
        Continue,
        Continue,
        Continue,
        Split,
        End,
        Left,
        Left,
        Right,
        Left,
        Right,
        Right,
        Left,
        Right,
        Right,
        Left,
        Left,
        Right,
        Right,
        Left,
        Right,
        End,
        Continue,
        Left,
        Continue,
        Continue,
        Continue,
        Continue,
        Continue,
        Continue,
        Continue,
        Continue,
        Continue,
        Continue,
        Continue,
        Continue,
        Left,
        Continue,
        Continue,
        Continue,
        Continue,
        Left,
        Left,
        Right,
        Left,
        Left,
        Continue,
        Left,
        Left,
        Continue,
        Continue,
        Left,
        Continue,
        Left,
        Left,
        Continue,
        Continue,
        Left,
        Left,
        Continue,
        Left,
        Left,
        Left,
        Right,
        Right,
        Continue,
        Split,
        Left,
        Continue,
        Split,
        End,
        Continue,
        Continue,
        Left,
        Left,
        Right,
        End,
        Right,
        End,
        Continue,
        Left,
        Continue,
        Continue,
        Continue,
        Continue,
        Continue,
        Continue,
        Continue,
        Continue,
        Continue,
        Continue,
        Continue,
        Continue,
        Left,
        Continue,
        Left,
        Left,
        Continue,
        Continue,
        Left,
        Left,
        Continue,
        Left,
        Continue,
        Continue,
        Continue,
        Left,
        Left,
        Left,
        Left,
        Left,
        Left,
        Continue,
        Continue,
        Left,
        Left,
        Right,
        Continue,
        Split,
        End,
        Right,
        Right,
        Right,
        Right,
        Right,
        End,
        Continue,
        Continue,
        Continue,
        Continue,
        Continue,
        Left,
        Continue,
        Continue,
        Continue,
        Continue,
        Continue,
        Continue,
        Continue,
        Continue,
        Left,
        Right,
        Left,
        Right,
        Left,
        Continue,
        Split,
        End,
        Continue,
        Continue,
        Continue,
        Continue,
        Split,
        End,
        Left,
        Left,
        Left,
        Right,
        Right,
        Right,
        Left,
        Left,
        End,
        Continue,
        Continue,
        Left,
        Continue,
        Continue,
        Continue,
        Continue,
        Continue,
        Left,
        Continue,
        Left,
        Split,
        Split,
        End,
        End,
        Right,
        End,
        Continue,
        Continue,
        Continue,
        Continue,
        Continue,
        Left,
        Continue,
        Left,
        Continue,
        Continue,
        Continue,
        Split,
        End,
        Left,
        Continue,
        Left,
        Continue,
        Split,
        End,
        Right,
        Split,
        End,
        End,
        Continue,
        Continue,
        Continue,
        Continue,
        Continue,
        Continue,
        Left,
        Right,
        Continue,
        Continue,
        Continue,
        Continue,
        Continue,
        Left,
        Continue,
        Left,
        Continue,
        Continue,
        Left,
        Continue,
        Left,
        Continue,
        Split,
        Left,
        Right,
        End,
        Left,
        Right,
        Continue,
        Continue,
        Continue,
        Left,
        Left,
        Left,
        Left,
        Left,
        Left,
        Continue,
        Left,
        Left,
        End,
        Continue,
        Left,
        Continue,
        Continue,
        Continue,
        Continue,
        Continue,
        Continue,
        Left,
        Continue,
        Left,
        Continue,
        Continue,
        Continue,
        Left,
        Continue,
        Left,
        Continue,
        Left,
        Continue,
        Continue,
        Continue,
        Continue,
        Continue,
        Left,
        Continue,
        Left,
        Left,
        Continue,
        Split,
        Right,
        Continue,
        Continue,
        Continue,
        Split,
        End,
        Right,
        Right,
        Left,
        Split,
        Left,
        Right,
        End,
        End,
        Right,
        Left,
        End,
        Continue,
        Continue,
        Continue,
        Continue,
        Left,
        Continue,
        Continue,
        Continue,
        Continue,
        Continue,
        Left,
        Left,
        Continue,
        Left,
        Right,
        Left,
        Continue,
        Continue,
        Left,
        Continue,
        Left,
        Right,
        Continue,
        Left,
        Left,
        Continue,
        Continue,
        Continue,
        Continue,
        Left,
        Continue,
        Left,
        Split,
        Right,
        Continue,
        Left,
        Left,
        Right,
        End,
        Left,
        End,
        Continue,
        Continue,
        Continue,
        Continue,
        Continue,
        Continue,
        Continue,
        Continue,
        Continue,
        Continue,
        Continue,
        Continue,
        Left,
        Continue,
        Continue,
        Continue,
        Left,
        Left,
        Continue,
        Left,
        Left,
        Continue,
        Continue,
        Left,
        Left,
        Continue,
        Left,
        Continue,
        Continue,
        Left,
        Left,
        Continue,
        Left,
        Continue,
        Left,
        Split,
        Left,
        End,
        Continue,
        Left,
        Continue,
        Continue,
        Continue,
        Left,
        Left,
        Left,
        Split,
        Continue,
        Continue,
        Continue,
        Left,
        Left,
        Right,
        End,
        Continue,
        Continue,
        Continue,
        Continue,
        Continue,
        Left,
        Left,
        Continue,
        Left,
        Split,
        Left,
        End,
        Left,
        Split,
        Right,
        End,
        Left,
        Left,
        End,
        Continue,
        Continue,
        Continue,
        Continue,
        Left,
        Continue,
        Continue,
        Continue,
        Continue,
        Continue,
        Continue,
        Left,
        Continue,
        Continue,
        Left,
        Split,
        End,
        Continue,
        Continue,
        Continue,
        Continue,
        Continue,
        Continue,
        Split,
        Right,
        End,
        Left,
        Right,
        Continue,
        Split,
        Left,
        Right,
        Left,
        Continue,
        Split,
        End,
        Continue,
        Split,
        End,
        Left,
        Right,
        End,
        End,
        Continue,
        Continue,
        Left,
        Continue,
        Continue,
        Continue,
        Continue,
        Continue,
        Continue,
        Continue,
        Continue,
        Continue,
        Continue,
        Left,
        Right,
        Left,
        Continue,
        Continue,
        Continue,
        Split,
        Right,
        End,
        Left,
        Continue,
        Continue,
        Continue,
        Continue,
        Left,
        Split,
        End,
        Right,
        Left,
        Left,
        Split,
        Right,
        End,
        Left,
        Left,
        End,
        Continue,
        Continue,
        Continue,
        Continue,
        Continue,
        Continue,
        Left,
        Continue,
        Continue,
        Continue,
        Continue,
        Left,
        Continue,
        Left,
        Left,
        Right,
        Continue,
        Continue,
        Left,
        Continue,
        Left,
        Continue,
        Left,
        Continue,
        Left,
        Left,
        Left,
        Continue,
        Left,
        Continue,
        Split,
        Left,
        Right,
        End,
        Continue,
        Continue,
        Left,
        Left,
        Right,
        Left,
        End,
        Continue,
        Continue,
        Continue,
        Continue,
        Left,
        Continue,
        Continue,
        Continue,
        Continue,
        Continue,
        Continue,
        Left,
        Right,
        Left,
        Continue,
        Left,
        Continue,
        Left,
        Right,
        Continue,
        Continue,
        Continue,
        Left,
        Left,
        Right,
        Left,
        Right,
        Continue,
        Left,
        Left,
        Left,
        Right,
        End,
        Continue,
        Left,
        Continue,
        Continue,
        Continue,
        Continue,
        Continue,
        Left,
        Continue,
        Continue,
        Continue,
        Split,
        End,
        Left,
        Continue,
        Left,
        Continue,
        Left,
        Continue,
        Left,
        Continue,
        Continue,
        Continue,
        Split,
        End,
        Right,
        Right,
        Continue,
        Split,
        End,
        Split,
        Continue,
        Left,
        Continue,
        Left,
        End,
        End,
        Continue,
        Left,
        Continue,
        Continue,
        Continue,
        Continue,
        Continue,
        Continue,
        Left,
        Continue,
        Continue,
        Continue,
        Continue,
        Continue,
        Continue,
        Split,
        End,
        Continue,
        Left,
        Left,
        Split,
        Left,
        Right,
        Left,
        End,
        Left,
        Continue,
        Left,
        Left,
        Right,
        End,
        Continue,
        Continue,
        Left,
        Continue,
        Continue,
        Continue,
        Continue,
        Continue,
        Continue,
        Continue,
        Continue,
        Left,
        Right,
        Continue,
        Left,
        Continue,
        Left,
        Left,
        Continue,
        Left,
        Continue,
        Continue,
        Left,
        Continue,
        Continue,
        Continue,
        Split,
        End,
        Left,
        Continue,
        Continue,
        Left,
        Left,
        Right,
        Right,
        Right,
        Right,
        Continue,
        Split,
        Right,
        End,
        Left,
        End,
        Continue,
        Continue,
        Continue,
        Left,
        Continue,
        Continue,
        Continue,
        Continue,
        Continue,
        Continue,
        Continue,
        Left,
        Continue,
        Continue,
        Continue,
        Continue,
        Continue,
        Continue,
        Continue,
        Split,
        End,
        Continue,
        Continue,
        Left,
        Continue,
        Left,
        Left,
        Continue,
        Left,
        Left,
        Split,
        Continue,
        Left,
        Continue,
        Left,
        Left,
        Left,
        Right,
        End,
        Left,
        Right,
        Left,
        Left,
        Left,
        Left,
        Right,
        End,
        Continue,
        Continue,
        Continue,
        Continue,
        Continue,
        Continue,
        Continue,
        Continue,
        Continue,
        Continue,
        Continue,
        Left,
        Continue,
        Continue,
        Continue,
        Continue,
        Continue,
        Continue,
        Continue,
        Left,
        Split,
        End,
        Continue,
        Left,
        Continue,
        Left,
        Left,
        Left,
        Continue,
        Left,
        Split,
        Left,
        Right,
        Left,
        Right,
        Left,
        End,
        Left,
        Left,
        Right,
        Left,
        Left,
        End,
        Continue,
        Continue,
        Continue,
        Left,
        Continue,
        Continue,
        Continue,
        Continue,
        Continue,
        Left,
        Continue,
        Left,
        Split,
        End,
        Continue,
        Continue,
        Continue,
        Continue,
        Continue,
        Left,
        Continue,
        Left,
        Continue,
        Left,
        Continue,
        Continue,
        Left,
        Continue,
        Left,
        Left,
        Left,
        Right,
        Continue,
        Left,
        Continue,
        Left,
        Left,
        Continue,
        Split,
        Left,
        End,
        Continue,
        Left,
        Split,
        Right,
        End,
        End,
        Continue,
        Continue,
        Continue,
        Left,
        Continue,
        Continue,
        Continue,
        Continue,
        Continue,
        Continue,
        Continue,
        Continue,
        Continue,
        Continue,
        Left,
        Continue,
        Continue,
        Continue,
        Continue,
        Left,
        Right,
        Left,
        Continue,
        Left,
        Left,
        Continue,
        Continue,
        Left,
        Left,
        Left,
        Continue,
        Left,
        Continue,
        Left,
        Left,
        Split,
        Left,
        End,
        Left,
        Continue,
        Split,
        Continue,
        Continue,
        Continue,
        Continue,
        Continue,
        Left,
        Left,
        Left,
        Right,
        Right,
        Right,
        Left,
        Right,
        Right,
        Continue,
        Left,
        End,
        End,
        Continue,
        Continue,
        Continue,
        Left,
        Continue,
        Continue,
        Continue,
        Continue,
        Continue,
        Left,
        Left,
        Right,
        Continue,
        Continue,
        Continue,
        Continue,
        Left,
        Continue,
        Continue,
        Continue,
        Continue,
        Continue,
        Split,
        End,
        Continue,
        Left,
        Continue,
        Left,
        Left,
        Left,
        Left,
        Left,
        Left,
        Left,
        Left,
        Right,
        Left,
        Left,
        End,
        Continue,
        Continue,
        Continue,
        Left,
        Right,
        Continue,
        Continue,
        Continue,
        Continue,
        Continue,
        Continue,
        Continue,
        Left,
        Left,
        Right,
        Continue,
        Left,
        Left,
        Continue,
        Left,
        Right,
        Left,
        Continue,
        Left,
        Left,
        Continue,
        Split,
        End,
        End,
        Continue,
        Left,
        Continue,
        Continue,
        Continue,
        Continue,
        Continue,
        Continue,
        Continue,
        Continue,
        Continue,
        Continue,
        Continue,
        Continue,
        Continue,
        Continue,
        Continue,
        Left,
        Continue,
        Continue,
        Continue,
        Continue,
        Split,
        Right,
        End,
        Right,
        Right,
        Right,
        Continue,
        Continue,
        Left,
        Continue,
        Left,
        Left,
        Left,
        Right,
        Split,
        End,
        Continue,
        Split,
        Right,
        End,
        Continue,
        Left,
        Left,
        Left,
        Right,
        Right,
        Split,
        End,
        End,
        Continue,
        Continue,
        Left,
        Continue,
        Continue,
        Continue,
        Continue,
        Continue,
        Continue,
        Left,
        Continue,
        Left,
        Continue,
        Continue,
        Continue,
        Continue,
        Left,
        Continue,
        Left,
        Continue,
        Left,
        Continue,
        Continue,
        Continue,
        Left,
        Left,
        Left,
        Left,
        Left,
        Continue,
        Left,
        Split,
        Left,
        Left,
        Left,
        End,
        Continue,
        Continue,
        Left,
        Left,
        Right,
        Left,
        End,
        Continue,
        Continue,
        Left,
        Continue,
        Continue,
        Continue,
        Continue,
        Continue,
        Continue,
        Continue,
        Left,
        Continue,
        Continue,
        Continue,
        Left,
        Left,
        Continue,
        Continue,
        Continue,
        Continue,
        Continue,
        Continue,
        Continue,
        Left,
        Split,
        End,
        Continue,
        Left,
        Left,
        Split,
        Left,
        End,
        Split,
        Right,
        Left,
        Right,
        End,
        Left,
        Right,
        Left,
        End,
        Continue,
        Continue,
        Continue,
        Left,
        Continue,
        Continue,
        Continue,
        Continue,
        Continue,
        Split,
        End,
        Continue,
        Continue,
        Continue,
        Continue,
        Continue,
        Continue,
        Continue,
        Left,
        Right,
        Continue,
        Continue,
        Left,
        Left,
        Continue,
        Split,
        Left,
        Continue,
        Left,
        End,
        Continue,
        Split,
        Right,
        Right,
        Left,
        Right,
        End,
        Left,
        Left,
        Right,
        End,
        Continue,
        Continue,
        Continue,
        Continue,
        Continue,
        Continue,
        Continue,
        Left,
        Continue,
        Continue,
        Continue,
        Continue,
        Continue,
        Continue,
        Continue,
        Continue,
        Split,
        Right,
        End,
        Left,
        Right,
        Continue,
        Continue,
        Continue,
        Continue,
        Split,
        End,
        Split,
        Left,
        Left,
        End,
        Continue,
        Continue,
        Continue,
        Left,
        Right,
        Right,
        Split,
        Left,
        Right,
        Left,
        Left,
        Right,
        End,
        End,
        Continue,
        Continue,
        Left,
        Continue,
        Continue,
        Continue,
        Continue,
        Continue,
        Continue,
        Continue,
        Left,
        Left,
        Continue,
        Continue,
        Continue,
        Continue,
        Split,
        End,
        Left,
        Continue,
        Left,
        Left,
        Continue,
        Continue,
        Left,
        Left,
        Continue,
        Continue,
        Left,
        Continue,
        Left,
        Right,
        Right,
        Right,
        Right,
        Right,
        Right,
        Right,
        End,
        Continue,
        Continue,
        Continue,
        Continue,
        Continue,
        Left,
        Continue,
        Continue,
        Continue,
        Continue,
        Continue,
        Continue,
        Continue,
        Left,
        Continue,
        Left,
        Left,
        Left,
        Left,
        Continue,
        Continue,
        Continue,
        Continue,
        Continue,
        Continue,
        Continue,
        Split,
        Right,
        End,
        Left,
        Right,
        Left,
        Right,
        Continue,
        Continue,
        Continue,
        Continue,
        Left,
        Left,
        Right,
        Right,
        Left,
        Continue,
        Left,
        Split,
        End,
        Left,
        Left,
        Left,
        Left,
        End,
        Continue,
        Continue,
        Continue,
        Continue,
        Continue,
        Continue,
        Continue,
        Left,
        Continue,
        Continue,
        Continue,
        Continue,
        Continue,
        Left,
        Left,
        Left,
        Left,
        Continue,
        Left,
        Left,
        Continue,
        Split,
        Left,
        Right,
        End,
        Continue,
        Continue,
        Left,
        Continue,
        Left,
        Split,
        End,
        Split,
        End,
        End,
        Continue,
        Continue,
        Continue,
        Continue,
        Continue,
        Continue,
        Continue,
        Continue,
        Left,
        Continue,
        Continue,
        Continue,
        Continue,
        Continue,
        Left,
        Split,
        Continue,
        Split,
        End,
        End,
        Left,
        Left,
        Right,
        Left,
        Continue,
        Left,
        Split,
        End,
        Left,
        Left,
        End,
        Continue,
        Continue,
        Continue,
        Continue,
        Continue,
        Continue,
        Continue,
        Continue,
        Continue,
        Continue,
        Continue,
        Continue,
        Continue,
        Left,
        Continue,
        Continue,
        Continue,
        Continue,
        Continue,
        Continue,
        Split,
        End,
        Left,
        Continue,
        Left,
        Continue,
        Left,
        Continue,
        Left,
        Split,
        Left,
        Right,
        Continue,
        Left,
        Right,
        Left,
        Right,
        Right,
        Left,
        Left,
        Left,
        End,
        Left,
        Left,
        Right,
        Right,
        End,
    ],
)
