---
source: src/test/union_physics.rs
expression: mesh
---
CSGK {
    uuid_ascii_hex: [
        48,
        51,
        57,
        99,
        55,
        57,
        97,
        55,
        56,
        55,
        98,
        99,
        101,
        53,
        101,
        48,
        97,
        48,
        53,
        55,
        54,
        100,
        54,
        97,
        51,
        55,
        52,
        97,
        48,
        100,
        49,
        102,
    ],
}
