---
source: src/test/union_graphics.rs
expression: mesh
---
CSGMDL5 {
    positions: [
        [
            -11.883789,
            -46.875,
            -6.916748,
        ],
        [
            11.878906,
            -46.875,
            -6.916504,
        ],
        [
            10.049805,
            -46.874878,
            2.2780762,
        ],
        [
            11.878906,
            -46.874878,
            -6.9157715,
        ],
        [
            11.878906,
            -46.874878,
            -6.9157715,
        ],
        [
            10.049805,
            -46.875,
            2.2780762,
        ],
        [
            10.049805,
            -46.874878,
            2.2780762,
        ],
        [
            10.049805,
            -46.875,
            2.2780762,
        ],
        [
            11.878906,
            -46.875,
            -6.916504,
        ],
        [
            33.36914,
            -46.875,
            6.916748,
        ],
        [
            35.198242,
            -46.875,
            -2.277832,
        ],
        [
            35.198242,
            46.875,
            -2.277832,
        ],
        [
            33.36914,
            46.875,
            6.916748,
        ],
        [
            35.198242,
            -46.875,
            -2.277832,
        ],
        [
            33.36914,
            -46.875,
            6.916748,
        ],
        [
            33.36914,
            46.875,
            6.916748,
        ],
        [
            10.955078,
            -46.874878,
            2.4587402,
        ],
        [
            33.36914,
            -46.875,
            6.916748,
        ],
        [
            10.049805,
            -46.874878,
            2.2780762,
        ],
        [
            10.049805,
            -46.875,
            2.2780762,
        ],
        [
            10.955078,
            46.874878,
            2.4587402,
        ],
        [
            11.878906,
            46.875,
            2.458496,
        ],
        [
            10.955078,
            46.874878,
            2.4587402,
        ],
        [
            33.36914,
            46.875,
            6.916748,
        ],
        [
            11.878906,
            -46.875,
            -6.916504,
        ],
        [
            11.878906,
            46.875,
            -6.9157715,
        ],
        [
            11.878906,
            46.875,
            -6.916504,
        ],
        [
            11.878906,
            46.875,
            -6.916504,
        ],
        [
            35.198242,
            46.875,
            -2.277832,
        ],
        [
            11.878906,
            -46.875,
            -6.916504,
        ],
        [
            35.198242,
            -46.875,
            -2.277832,
        ],
        [
            35.198242,
            46.875,
            -2.277832,
        ],
        [
            11.878906,
            46.875,
            -6.916504,
        ],
        [
            11.878906,
            46.875,
            -6.9157715,
        ],
        [
            11.878906,
            46.875122,
            -6.916504,
        ],
        [
            11.878906,
            46.875,
            -6.9157715,
        ],
        [
            11.878906,
            -46.875,
            -6.916504,
        ],
        [
            11.878906,
            -46.874878,
            -6.9157715,
        ],
        [
            11.878906,
            46.875122,
            2.458496,
        ],
        [
            11.878906,
            46.875,
            2.458496,
        ],
        [
            11.878906,
            46.875,
            2.458496,
        ],
        [
            11.878906,
            46.875122,
            2.458496,
        ],
        [
            10.955078,
            46.874878,
            2.4587402,
        ],
        [
            -10.4453125,
            46.875,
            2.458252,
        ],
        [
            10.955078,
            -46.874878,
            2.4587402,
        ],
        [
            -35.197266,
            -46.874878,
            -2.2783203,
        ],
        [
            -33.367188,
            -46.874878,
            6.916504,
        ],
        [
            -35.197266,
            46.875,
            -2.2783203,
        ],
        [
            -33.367188,
            46.875,
            6.916504,
        ],
        [
            -11.883789,
            46.875122,
            2.458252,
        ],
        [
            -11.883789,
            46.875122,
            -6.916748,
        ],
        [
            -11.883789,
            46.874878,
            -6.9138184,
        ],
        [
            -11.883789,
            -46.875,
            -6.916748,
        ],
        [
            -11.883789,
            -46.875,
            -6.9138184,
        ],
        [
            -10.055664,
            -46.874878,
            2.2792969,
        ],
        [
            -11.883789,
            -46.875,
            -6.9138184,
        ],
        [
            -11.883789,
            46.875,
            2.458252,
        ],
        [
            -11.883789,
            46.875,
            2.458252,
        ],
        [
            -10.954102,
            46.875,
            2.4580078,
        ],
        [
            -11.883789,
            46.875122,
            2.458252,
        ],
        [
            -10.954102,
            -46.875,
            2.4580078,
        ],
        [
            -10.055664,
            -46.874878,
            2.2792969,
        ],
        [
            -10.954102,
            -46.875,
            2.4580078,
        ],
        [
            -10.055664,
            -46.874878,
            2.2792969,
        ],
        [
            -11.830078,
            -46.874878,
            2.6323242,
        ],
        [
            -33.367188,
            -46.874878,
            6.916504,
        ],
        [
            -11.883789,
            -46.875,
            -6.9138184,
        ],
        [
            -10.055664,
            -46.874878,
            2.2792969,
        ],
        [
            -11.883789,
            -46.874878,
            -6.9155273,
        ],
        [
            -10.055664,
            -46.874878,
            2.2792969,
        ],
        [
            -11.883789,
            -46.874878,
            -6.9155273,
        ],
        [
            -11.883789,
            46.874878,
            -6.9138184,
        ],
        [
            -11.883789,
            46.875,
            -6.9155273,
        ],
        [
            -11.883789,
            46.875,
            2.458252,
        ],
        [
            -11.883789,
            46.874878,
            -6.9138184,
        ],
        [
            -11.883789,
            46.875,
            -6.9155273,
        ],
        [
            -10.954102,
            46.875,
            2.4580078,
        ],
        [
            -11.830078,
            46.875,
            2.6323242,
        ],
        [
            -11.830078,
            46.875,
            2.6323242,
        ],
        [
            -10.954102,
            46.875,
            2.4580078,
        ],
        [
            -35.197266,
            -46.874878,
            -2.2783203,
        ],
        [
            -35.197266,
            46.875,
            -2.2783203,
        ],
        [
            -11.883789,
            -46.874878,
            -6.9155273,
        ],
        [
            -11.883789,
            46.875,
            -6.9155273,
        ],
        [
            -11.883789,
            -46.874878,
            -6.9155273,
        ],
        [
            -10.055664,
            -46.874878,
            2.2792969,
        ],
        [
            -33.367188,
            -46.874878,
            6.916504,
        ],
        [
            -11.883789,
            -46.874878,
            -6.9155273,
        ],
        [
            -35.197266,
            -46.874878,
            -2.2783203,
        ],
        [
            -11.883789,
            46.875122,
            -6.916748,
        ],
        [
            -11.883789,
            46.875122,
            2.458252,
        ],
        [
            11.878906,
            46.875122,
            -6.916504,
        ],
        [
            -10.4453125,
            46.875,
            2.458252,
        ],
        [
            11.878906,
            46.875122,
            2.458496,
        ],
        [
            -11.883789,
            46.875122,
            -6.916748,
        ],
        [
            11.878906,
            46.875122,
            -6.916504,
        ],
        [
            -11.883789,
            -46.875,
            -6.916748,
        ],
        [
            11.878906,
            -46.875,
            -6.916504,
        ],
        [
            -33.367188,
            46.875,
            6.916504,
        ],
        [
            -33.367188,
            46.875,
            6.916504,
        ],
        [
            -35.197266,
            46.875,
            -2.2783203,
        ],
        [
            -10.954102,
            -46.875,
            2.4580078,
        ],
        [
            10.955078,
            -46.874878,
            2.4587402,
        ],
    ],
    normals: [
        QuantizedF32x3(
            [
                0.0,
                -1.0,
                0.0,
            ],
        ),
        QuantizedF32x3(
            [
                0.0,
                -1.0,
                0.0,
            ],
        ),
        QuantizedF32x3(
            [
                0.0,
                -1.0,
                0.0,
            ],
        ),
        QuantizedF32x3(
            [
                0.0,
                -1.0,
                0.0,
            ],
        ),
        QuantizedF32x3(
            [
                -0.9807733,
                0.0,
                -0.19510484,
            ],
        ),
        QuantizedF32x3(
            [
                -0.9807733,
                0.0,
                -0.19510484,
            ],
        ),
        QuantizedF32x3(
            [
                -0.9807733,
                0.0,
                -0.19510484,
            ],
        ),
        QuantizedF32x3(
            [
                0.0,
                -1.0,
                0.0,
            ],
        ),
        QuantizedF32x3(
            [
                0.0,
                -1.0,
                0.0,
            ],
        ),
        QuantizedF32x3(
            [
                0.0,
                -1.0,
                0.0,
            ],
        ),
        QuantizedF32x3(
            [
                0.0,
                -1.0,
                0.0,
            ],
        ),
        QuantizedF32x3(
            [
                0.9807733,
                0.0,
                0.19510484,
            ],
        ),
        QuantizedF32x3(
            [
                0.9807733,
                0.0,
                0.19510484,
            ],
        ),
        QuantizedF32x3(
            [
                0.9807733,
                0.0,
                0.19510484,
            ],
        ),
        QuantizedF32x3(
            [
                0.9807733,
                0.0,
                0.19510484,
            ],
        ),
        QuantizedF32x3(
            [
                -0.19510484,
                0.0,
                0.9807733,
            ],
        ),
        QuantizedF32x3(
            [
                -0.19510484,
                0.0,
                0.9807733,
            ],
        ),
        QuantizedF32x3(
            [
                -0.19510484,
                0.0,
                0.9807733,
            ],
        ),
        QuantizedF32x3(
            [
                -0.19510484,
                0.0,
                0.9807733,
            ],
        ),
        QuantizedF32x3(
            [
                -0.19510484,
                0.0,
                0.9807733,
            ],
        ),
        QuantizedF32x3(
            [
                -0.19510484,
                0.0,
                0.9807733,
            ],
        ),
        QuantizedF32x3(
            [
                0.0,
                1.0,
                0.0,
            ],
        ),
        QuantizedF32x3(
            [
                0.0,
                1.0,
                0.0,
            ],
        ),
        QuantizedF32x3(
            [
                0.0,
                1.0,
                0.0,
            ],
        ),
        QuantizedF32x3(
            [
                -0.9807733,
                0.0,
                -0.19510484,
            ],
        ),
        QuantizedF32x3(
            [
                -0.9807733,
                0.0,
                -0.19510484,
            ],
        ),
        QuantizedF32x3(
            [
                -0.9807733,
                0.0,
                -0.19510484,
            ],
        ),
        QuantizedF32x3(
            [
                0.19510484,
                0.0,
                -0.9807733,
            ],
        ),
        QuantizedF32x3(
            [
                0.19510484,
                0.0,
                -0.9807733,
            ],
        ),
        QuantizedF32x3(
            [
                0.19510484,
                0.0,
                -0.9807733,
            ],
        ),
        QuantizedF32x3(
            [
                0.19510484,
                0.0,
                -0.9807733,
            ],
        ),
        QuantizedF32x3(
            [
                0.0,
                1.0,
                0.0,
            ],
        ),
        QuantizedF32x3(
            [
                0.0,
                1.0,
                0.0,
            ],
        ),
        QuantizedF32x3(
            [
                0.0,
                1.0,
                0.0,
            ],
        ),
        QuantizedF32x3(
            [
                1.0,
                0.0,
                0.0,
            ],
        ),
        QuantizedF32x3(
            [
                1.0,
                0.0,
                0.0,
            ],
        ),
        QuantizedF32x3(
            [
                1.0,
                0.0,
                0.0,
            ],
        ),
        QuantizedF32x3(
            [
                1.0,
                0.0,
                0.0,
            ],
        ),
        QuantizedF32x3(
            [
                1.0,
                0.0,
                0.0,
            ],
        ),
        QuantizedF32x3(
            [
                1.0,
                0.0,
                0.0,
            ],
        ),
        QuantizedF32x3(
            [
                0.0,
                0.0,
                1.0,
            ],
        ),
        QuantizedF32x3(
            [
                0.0,
                0.0,
                1.0,
            ],
        ),
        QuantizedF32x3(
            [
                0.0,
                0.0,
                1.0,
            ],
        ),
        QuantizedF32x3(
            [
                0.0,
                0.0,
                1.0,
            ],
        ),
        QuantizedF32x3(
            [
                0.0,
                0.0,
                1.0,
            ],
        ),
        QuantizedF32x3(
            [
                -0.9807733,
                0.0,
                0.19510484,
            ],
        ),
        QuantizedF32x3(
            [
                -0.9807733,
                0.0,
                0.19510484,
            ],
        ),
        QuantizedF32x3(
            [
                -0.9807733,
                0.0,
                0.19510484,
            ],
        ),
        QuantizedF32x3(
            [
                -0.9807733,
                0.0,
                0.19510484,
            ],
        ),
        QuantizedF32x3(
            [
                -1.0,
                0.0,
                0.0,
            ],
        ),
        QuantizedF32x3(
            [
                -1.0,
                0.0,
                0.0,
            ],
        ),
        QuantizedF32x3(
            [
                -1.0,
                0.0,
                0.0,
            ],
        ),
        QuantizedF32x3(
            [
                -1.0,
                0.0,
                0.0,
            ],
        ),
        QuantizedF32x3(
            [
                -1.0,
                0.0,
                0.0,
            ],
        ),
        QuantizedF32x3(
            [
                0.0,
                -1.0,
                0.0,
            ],
        ),
        QuantizedF32x3(
            [
                0.0,
                -1.0,
                0.0,
            ],
        ),
        QuantizedF32x3(
            [
                -1.0,
                0.0,
                0.0,
            ],
        ),
        QuantizedF32x3(
            [
                0.0,
                0.0,
                1.0,
            ],
        ),
        QuantizedF32x3(
            [
                0.0,
                0.0,
                1.0,
            ],
        ),
        QuantizedF32x3(
            [
                0.0,
                0.0,
                1.0,
            ],
        ),
        QuantizedF32x3(
            [
                0.0,
                -1.0,
                0.0,
            ],
        ),
        QuantizedF32x3(
            [
                0.19510484,
                0.0,
                0.9807733,
            ],
        ),
        QuantizedF32x3(
            [
                0.19510484,
                0.0,
                0.9807733,
            ],
        ),
        QuantizedF32x3(
            [
                0.19510484,
                0.0,
                0.9807733,
            ],
        ),
        QuantizedF32x3(
            [
                0.19510484,
                0.0,
                0.9807733,
            ],
        ),
        QuantizedF32x3(
            [
                0.19510484,
                0.0,
                0.9807733,
            ],
        ),
        QuantizedF32x3(
            [
                0.9807733,
                0.0,
                -0.19510484,
            ],
        ),
        QuantizedF32x3(
            [
                0.9807733,
                0.0,
                -0.19510484,
            ],
        ),
        QuantizedF32x3(
            [
                0.9807733,
                0.0,
                -0.19510484,
            ],
        ),
        QuantizedF32x3(
            [
                0.9807733,
                0.0,
                -0.19510484,
            ],
        ),
        QuantizedF32x3(
            [
                0.9807733,
                0.0,
                -0.19510484,
            ],
        ),
        QuantizedF32x3(
            [
                0.9807733,
                0.0,
                -0.19510484,
            ],
        ),
        QuantizedF32x3(
            [
                0.9807733,
                0.0,
                -0.19510484,
            ],
        ),
        QuantizedF32x3(
            [
                0.0,
                1.0,
                0.0,
            ],
        ),
        QuantizedF32x3(
            [
                0.0,
                1.0,
                0.0,
            ],
        ),
        QuantizedF32x3(
            [
                0.0,
                1.0,
                0.0,
            ],
        ),
        QuantizedF32x3(
            [
                0.19510484,
                0.0,
                0.9807733,
            ],
        ),
        QuantizedF32x3(
            [
                0.19510484,
                0.0,
                0.9807733,
            ],
        ),
        QuantizedF32x3(
            [
                0.0,
                1.0,
                0.0,
            ],
        ),
        QuantizedF32x3(
            [
                0.0,
                1.0,
                0.0,
            ],
        ),
        QuantizedF32x3(
            [
                -0.19510484,
                0.0,
                -0.9807733,
            ],
        ),
        QuantizedF32x3(
            [
                -0.19510484,
                0.0,
                -0.9807733,
            ],
        ),
        QuantizedF32x3(
            [
                -0.19510484,
                0.0,
                -0.9807733,
            ],
        ),
        QuantizedF32x3(
            [
                -0.19510484,
                0.0,
                -0.9807733,
            ],
        ),
        QuantizedF32x3(
            [
                -0.19510484,
                0.0,
                -0.9807733,
            ],
        ),
        QuantizedF32x3(
            [
                0.0,
                -1.0,
                0.0,
            ],
        ),
        QuantizedF32x3(
            [
                0.0,
                -1.0,
                0.0,
            ],
        ),
        QuantizedF32x3(
            [
                0.0,
                -1.0,
                0.0,
            ],
        ),
        QuantizedF32x3(
            [
                0.0,
                -1.0,
                0.0,
            ],
        ),
        QuantizedF32x3(
            [
                0.0,
                1.0,
                0.0,
            ],
        ),
        QuantizedF32x3(
            [
                0.0,
                1.0,
                0.0,
            ],
        ),
        QuantizedF32x3(
            [
                0.0,
                1.0,
                0.0,
            ],
        ),
        QuantizedF32x3(
            [
                0.0,
                1.0,
                0.0,
            ],
        ),
        QuantizedF32x3(
            [
                0.0,
                1.0,
                0.0,
            ],
        ),
        QuantizedF32x3(
            [
                0.0,
                0.0,
                -1.0,
            ],
        ),
        QuantizedF32x3(
            [
                0.0,
                0.0,
                -1.0,
            ],
        ),
        QuantizedF32x3(
            [
                0.0,
                0.0,
                -1.0,
            ],
        ),
        QuantizedF32x3(
            [
                0.0,
                0.0,
                -1.0,
            ],
        ),
        QuantizedF32x3(
            [
                0.0,
                1.0,
                0.0,
            ],
        ),
        QuantizedF32x3(
            [
                0.19510484,
                0.0,
                0.9807733,
            ],
        ),
        QuantizedF32x3(
            [
                0.0,
                1.0,
                0.0,
            ],
        ),
        QuantizedF32x3(
            [
                0.0,
                0.0,
                1.0,
            ],
        ),
        QuantizedF32x3(
            [
                0.0,
                -1.0,
                0.0,
            ],
        ),
    ],
    colors: [
        [
            124,
            92,
            70,
            255,
        ],
        [
            124,
            92,
            70,
            255,
        ],
        [
            124,
            92,
            70,
            255,
        ],
        [
            124,
            92,
            70,
            255,
        ],
        [
            124,
            92,
            70,
            255,
        ],
        [
            124,
            92,
            70,
            255,
        ],
        [
            124,
            92,
            70,
            255,
        ],
        [
            124,
            92,
            70,
            255,
        ],
        [
            124,
            92,
            70,
            255,
        ],
        [
            124,
            92,
            70,
            255,
        ],
        [
            124,
            92,
            70,
            255,
        ],
        [
            124,
            92,
            70,
            255,
        ],
        [
            124,
            92,
            70,
            255,
        ],
        [
            124,
            92,
            70,
            255,
        ],
        [
            124,
            92,
            70,
            255,
        ],
        [
            124,
            92,
            70,
            255,
        ],
        [
            124,
            92,
            70,
            255,
        ],
        [
            124,
            92,
            70,
            255,
        ],
        [
            124,
            92,
            70,
            255,
        ],
        [
            124,
            92,
            70,
            255,
        ],
        [
            124,
            92,
            70,
            255,
        ],
        [
            124,
            92,
            70,
            255,
        ],
        [
            124,
            92,
            70,
            255,
        ],
        [
            124,
            92,
            70,
            255,
        ],
        [
            124,
            92,
            70,
            255,
        ],
        [
            124,
            92,
            70,
            255,
        ],
        [
            124,
            92,
            70,
            255,
        ],
        [
            124,
            92,
            70,
            255,
        ],
        [
            124,
            92,
            70,
            255,
        ],
        [
            124,
            92,
            70,
            255,
        ],
        [
            124,
            92,
            70,
            255,
        ],
        [
            124,
            92,
            70,
            255,
        ],
        [
            124,
            92,
            70,
            255,
        ],
        [
            124,
            92,
            70,
            255,
        ],
        [
            124,
            92,
            70,
            255,
        ],
        [
            124,
            92,
            70,
            255,
        ],
        [
            124,
            92,
            70,
            255,
        ],
        [
            124,
            92,
            70,
            255,
        ],
        [
            124,
            92,
            70,
            255,
        ],
        [
            124,
            92,
            70,
            255,
        ],
        [
            124,
            92,
            70,
            255,
        ],
        [
            124,
            92,
            70,
            255,
        ],
        [
            124,
            92,
            70,
            255,
        ],
        [
            124,
            92,
            70,
            255,
        ],
        [
            124,
            92,
            70,
            255,
        ],
        [
            124,
            92,
            70,
            255,
        ],
        [
            124,
            92,
            70,
            255,
        ],
        [
            124,
            92,
            70,
            255,
        ],
        [
            124,
            92,
            70,
            255,
        ],
        [
            124,
            92,
            70,
            255,
        ],
        [
            124,
            92,
            70,
            255,
        ],
        [
            124,
            92,
            70,
            255,
        ],
        [
            124,
            92,
            70,
            255,
        ],
        [
            124,
            92,
            70,
            255,
        ],
        [
            124,
            92,
            70,
            255,
        ],
        [
            124,
            92,
            70,
            255,
        ],
        [
            124,
            92,
            70,
            255,
        ],
        [
            124,
            92,
            70,
            255,
        ],
        [
            124,
            92,
            70,
            255,
        ],
        [
            124,
            92,
            70,
            255,
        ],
        [
            124,
            92,
            70,
            255,
        ],
        [
            124,
            92,
            70,
            255,
        ],
        [
            124,
            92,
            70,
            255,
        ],
        [
            124,
            92,
            70,
            255,
        ],
        [
            124,
            92,
            70,
            255,
        ],
        [
            124,
            92,
            70,
            255,
        ],
        [
            124,
            92,
            70,
            255,
        ],
        [
            124,
            92,
            70,
            255,
        ],
        [
            124,
            92,
            70,
            255,
        ],
        [
            124,
            92,
            70,
            255,
        ],
        [
            124,
            92,
            70,
            255,
        ],
        [
            124,
            92,
            70,
            255,
        ],
        [
            124,
            92,
            70,
            255,
        ],
        [
            124,
            92,
            70,
            255,
        ],
        [
            124,
            92,
            70,
            255,
        ],
        [
            124,
            92,
            70,
            255,
        ],
        [
            124,
            92,
            70,
            255,
        ],
        [
            124,
            92,
            70,
            255,
        ],
        [
            124,
            92,
            70,
            255,
        ],
        [
            124,
            92,
            70,
            255,
        ],
        [
            124,
            92,
            70,
            255,
        ],
        [
            124,
            92,
            70,
            255,
        ],
        [
            124,
            92,
            70,
            255,
        ],
        [
            124,
            92,
            70,
            255,
        ],
        [
            124,
            92,
            70,
            255,
        ],
        [
            124,
            92,
            70,
            255,
        ],
        [
            124,
            92,
            70,
            255,
        ],
        [
            124,
            92,
            70,
            255,
        ],
        [
            124,
            92,
            70,
            255,
        ],
        [
            124,
            92,
            70,
            255,
        ],
        [
            124,
            92,
            70,
            255,
        ],
        [
            124,
            92,
            70,
            255,
        ],
        [
            124,
            92,
            70,
            255,
        ],
        [
            124,
            92,
            70,
            255,
        ],
        [
            124,
            92,
            70,
            255,
        ],
        [
            124,
            92,
            70,
            255,
        ],
        [
            124,
            92,
            70,
            255,
        ],
        [
            124,
            92,
            70,
            255,
        ],
        [
            124,
            92,
            70,
            255,
        ],
        [
            124,
            92,
            70,
            255,
        ],
        [
            124,
            92,
            70,
            255,
        ],
        [
            124,
            92,
            70,
            255,
        ],
        [
            124,
            92,
            70,
            255,
        ],
    ],
    normal_ids: [
        NormalId5(
            Bottom,
        ),
        NormalId5(
            Bottom,
        ),
        NormalId5(
            Bottom,
        ),
        NormalId5(
            Bottom,
        ),
        NormalId5(
            Left,
        ),
        NormalId5(
            Left,
        ),
        NormalId5(
            Left,
        ),
        NormalId5(
            Bottom,
        ),
        NormalId5(
            Bottom,
        ),
        NormalId5(
            Bottom,
        ),
        NormalId5(
            Bottom,
        ),
        NormalId5(
            Right,
        ),
        NormalId5(
            Right,
        ),
        NormalId5(
            Right,
        ),
        NormalId5(
            Right,
        ),
        NormalId5(
            Back,
        ),
        NormalId5(
            Back,
        ),
        NormalId5(
            Back,
        ),
        NormalId5(
            Back,
        ),
        NormalId5(
            Back,
        ),
        NormalId5(
            Back,
        ),
        NormalId5(
            Top,
        ),
        NormalId5(
            Top,
        ),
        NormalId5(
            Top,
        ),
        NormalId5(
            Left,
        ),
        NormalId5(
            Left,
        ),
        NormalId5(
            Left,
        ),
        NormalId5(
            Front,
        ),
        NormalId5(
            Front,
        ),
        NormalId5(
            Front,
        ),
        NormalId5(
            Front,
        ),
        NormalId5(
            Top,
        ),
        NormalId5(
            Top,
        ),
        NormalId5(
            Top,
        ),
        NormalId5(
            Right,
        ),
        NormalId5(
            Right,
        ),
        NormalId5(
            Right,
        ),
        NormalId5(
            Right,
        ),
        NormalId5(
            Right,
        ),
        NormalId5(
            Right,
        ),
        NormalId5(
            Back,
        ),
        NormalId5(
            Back,
        ),
        NormalId5(
            Back,
        ),
        NormalId5(
            Back,
        ),
        NormalId5(
            Back,
        ),
        NormalId5(
            Left,
        ),
        NormalId5(
            Left,
        ),
        NormalId5(
            Left,
        ),
        NormalId5(
            Left,
        ),
        NormalId5(
            Left,
        ),
        NormalId5(
            Left,
        ),
        NormalId5(
            Left,
        ),
        NormalId5(
            Left,
        ),
        NormalId5(
            Left,
        ),
        NormalId5(
            Bottom,
        ),
        NormalId5(
            Bottom,
        ),
        NormalId5(
            Left,
        ),
        NormalId5(
            Back,
        ),
        NormalId5(
            Back,
        ),
        NormalId5(
            Back,
        ),
        NormalId5(
            Bottom,
        ),
        NormalId5(
            Back,
        ),
        NormalId5(
            Back,
        ),
        NormalId5(
            Back,
        ),
        NormalId5(
            Back,
        ),
        NormalId5(
            Back,
        ),
        NormalId5(
            Right,
        ),
        NormalId5(
            Right,
        ),
        NormalId5(
            Right,
        ),
        NormalId5(
            Right,
        ),
        NormalId5(
            Right,
        ),
        NormalId5(
            Right,
        ),
        NormalId5(
            Right,
        ),
        NormalId5(
            Top,
        ),
        NormalId5(
            Top,
        ),
        NormalId5(
            Top,
        ),
        NormalId5(
            Back,
        ),
        NormalId5(
            Back,
        ),
        NormalId5(
            Top,
        ),
        NormalId5(
            Top,
        ),
        NormalId5(
            Front,
        ),
        NormalId5(
            Front,
        ),
        NormalId5(
            Front,
        ),
        NormalId5(
            Front,
        ),
        NormalId5(
            Front,
        ),
        NormalId5(
            Bottom,
        ),
        NormalId5(
            Bottom,
        ),
        NormalId5(
            Bottom,
        ),
        NormalId5(
            Bottom,
        ),
        NormalId5(
            Top,
        ),
        NormalId5(
            Top,
        ),
        NormalId5(
            Top,
        ),
        NormalId5(
            Top,
        ),
        NormalId5(
            Top,
        ),
        NormalId5(
            Front,
        ),
        NormalId5(
            Front,
        ),
        NormalId5(
            Front,
        ),
        NormalId5(
            Front,
        ),
        NormalId5(
            Top,
        ),
        NormalId5(
            Back,
        ),
        NormalId5(
            Top,
        ),
        NormalId5(
            Back,
        ),
        NormalId5(
            Bottom,
        ),
    ],
    tex: [
        [
            -11.884766,
            6.9167175,
        ],
        [
            11.87793,
            6.9164734,
        ],
        [
            10.048828,
            -2.2781067,
        ],
        [
            11.87793,
            6.915741,
        ],
        [
            -6.915741,
            46.874878,
        ],
        [
            2.2781067,
            46.875,
        ],
        [
            2.2781067,
            46.874878,
        ],
        [
            10.048828,
            -2.2781067,
        ],
        [
            11.87793,
            6.9164734,
        ],
        [
            33.368164,
            -6.9167786,
        ],
        [
            35.197266,
            2.2778015,
        ],
        [
            2.2778015,
            -46.875,
        ],
        [
            -6.9167786,
            -46.875,
        ],
        [
            2.2778015,
            46.875,
        ],
        [
            -6.9167786,
            46.875,
        ],
        [
            33.368164,
            -46.875,
        ],
        [
            10.954102,
            46.874878,
        ],
        [
            33.368164,
            46.875,
        ],
        [
            10.048828,
            46.874878,
        ],
        [
            10.048828,
            46.875,
        ],
        [
            10.954102,
            -46.874878,
        ],
        [
            -11.87793,
            -2.4585266,
        ],
        [
            -10.954102,
            -2.4587708,
        ],
        [
            -33.368164,
            -6.9167786,
        ],
        [
            -6.9164734,
            46.875,
        ],
        [
            -6.915741,
            -46.875,
        ],
        [
            -6.9164734,
            -46.875,
        ],
        [
            -11.87793,
            -46.875,
        ],
        [
            -35.197266,
            -46.875,
        ],
        [
            -11.87793,
            46.875,
        ],
        [
            -35.197266,
            46.875,
        ],
        [
            -35.197266,
            2.2778015,
        ],
        [
            -11.87793,
            6.9164734,
        ],
        [
            -11.87793,
            6.915741,
        ],
        [
            6.9164734,
            -46.875122,
        ],
        [
            6.915741,
            -46.875,
        ],
        [
            6.9164734,
            46.875,
        ],
        [
            6.915741,
            46.874878,
        ],
        [
            -2.4585266,
            -46.875122,
        ],
        [
            -2.4585266,
            -46.875,
        ],
        [
            11.87793,
            -46.875,
        ],
        [
            11.87793,
            -46.875122,
        ],
        [
            10.954102,
            -46.874878,
        ],
        [
            -10.446289,
            -46.875,
        ],
        [
            10.954102,
            46.874878,
        ],
        [
            -2.2782898,
            46.874878,
        ],
        [
            6.9165344,
            46.874878,
        ],
        [
            -2.2782898,
            -46.875,
        ],
        [
            6.9165344,
            -46.875,
        ],
        [
            2.4582825,
            -46.875122,
        ],
        [
            -6.9167175,
            -46.875122,
        ],
        [
            -6.913788,
            -46.874878,
        ],
        [
            -6.9167175,
            46.875,
        ],
        [
            -6.913788,
            46.875,
        ],
        [
            -10.056641,
            -2.2793274,
        ],
        [
            -11.884766,
            6.913788,
        ],
        [
            2.4582825,
            -46.875,
        ],
        [
            -11.884766,
            -46.875,
        ],
        [
            -10.955078,
            -46.875,
        ],
        [
            -11.884766,
            -46.875122,
        ],
        [
            -10.955078,
            -2.4580383,
        ],
        [
            -10.056641,
            46.874878,
        ],
        [
            -10.955078,
            46.875,
        ],
        [
            -10.056641,
            46.874878,
        ],
        [
            -11.831055,
            46.874878,
        ],
        [
            -33.368164,
            46.874878,
        ],
        [
            6.913788,
            46.875,
        ],
        [
            -2.2793274,
            46.874878,
        ],
        [
            6.915497,
            46.874878,
        ],
        [
            -2.2793274,
            46.874878,
        ],
        [
            6.915497,
            46.874878,
        ],
        [
            6.913788,
            -46.874878,
        ],
        [
            6.915497,
            -46.875,
        ],
        [
            11.884766,
            -2.4582825,
        ],
        [
            11.884766,
            6.913788,
        ],
        [
            11.884766,
            6.915497,
        ],
        [
            -10.955078,
            -46.875,
        ],
        [
            -11.831055,
            -46.875,
        ],
        [
            11.831055,
            -2.6323547,
        ],
        [
            10.955078,
            -2.4580383,
        ],
        [
            35.198242,
            46.874878,
        ],
        [
            35.198242,
            -46.875,
        ],
        [
            11.884766,
            46.874878,
        ],
        [
            11.884766,
            -46.875,
        ],
        [
            11.884766,
            46.874878,
        ],
        [
            -10.056641,
            -2.2793274,
        ],
        [
            -33.368164,
            -6.9165344,
        ],
        [
            -11.884766,
            6.915497,
        ],
        [
            -35.198242,
            2.2782898,
        ],
        [
            11.884766,
            6.9167175,
        ],
        [
            11.884766,
            -2.4582825,
        ],
        [
            -11.87793,
            6.9164734,
        ],
        [
            10.446289,
            -2.4582825,
        ],
        [
            -11.87793,
            -2.4585266,
        ],
        [
            11.884766,
            -46.875122,
        ],
        [
            -11.87793,
            -46.875122,
        ],
        [
            11.884766,
            46.875,
        ],
        [
            -11.87793,
            46.875,
        ],
        [
            33.368164,
            -6.9165344,
        ],
        [
            -33.368164,
            -46.875,
        ],
        [
            35.198242,
            2.2782898,
        ],
        [
            -10.955078,
            46.875,
        ],
        [
            10.954102,
            -2.4587708,
        ],
    ],
    tangents: [
        QuantizedF32x3(
            [
                1.0,
                0.0,
                0.0,
            ],
        ),
        QuantizedF32x3(
            [
                1.0,
                0.0,
                0.0,
            ],
        ),
        QuantizedF32x3(
            [
                1.0,
                0.0,
                0.0,
            ],
        ),
        QuantizedF32x3(
            [
                1.0,
                0.0,
                0.0,
            ],
        ),
        QuantizedF32x3(
            [
                -0.19510484,
                0.0,
                0.9807733,
            ],
        ),
        QuantizedF32x3(
            [
                -0.19510484,
                0.0,
                0.9807733,
            ],
        ),
        QuantizedF32x3(
            [
                -0.19510484,
                0.0,
                0.9807733,
            ],
        ),
        QuantizedF32x3(
            [
                1.0,
                0.0,
                0.0,
            ],
        ),
        QuantizedF32x3(
            [
                1.0,
                0.0,
                0.0,
            ],
        ),
        QuantizedF32x3(
            [
                1.0,
                0.0,
                0.0,
            ],
        ),
        QuantizedF32x3(
            [
                1.0,
                0.0,
                0.0,
            ],
        ),
        QuantizedF32x3(
            [
                0.19510484,
                0.0,
                -0.9807733,
            ],
        ),
        QuantizedF32x3(
            [
                0.19510484,
                0.0,
                -0.9807733,
            ],
        ),
        QuantizedF32x3(
            [
                0.19510484,
                0.0,
                -0.9807733,
            ],
        ),
        QuantizedF32x3(
            [
                0.19510484,
                0.0,
                -0.9807733,
            ],
        ),
        QuantizedF32x3(
            [
                0.9807733,
                0.0,
                0.19510484,
            ],
        ),
        QuantizedF32x3(
            [
                0.9807733,
                0.0,
                0.19510484,
            ],
        ),
        QuantizedF32x3(
            [
                0.9807733,
                0.0,
                0.19510484,
            ],
        ),
        QuantizedF32x3(
            [
                0.9807733,
                0.0,
                0.19510484,
            ],
        ),
        QuantizedF32x3(
            [
                0.9807733,
                0.0,
                0.19510484,
            ],
        ),
        QuantizedF32x3(
            [
                0.9807733,
                0.0,
                0.19510484,
            ],
        ),
        QuantizedF32x3(
            [
                -1.0,
                0.0,
                0.0,
            ],
        ),
        QuantizedF32x3(
            [
                -1.0,
                0.0,
                0.0,
            ],
        ),
        QuantizedF32x3(
            [
                -1.0,
                0.0,
                0.0,
            ],
        ),
        QuantizedF32x3(
            [
                -0.19510484,
                0.0,
                0.9807733,
            ],
        ),
        QuantizedF32x3(
            [
                -0.19510484,
                0.0,
                0.9807733,
            ],
        ),
        QuantizedF32x3(
            [
                -0.19510484,
                0.0,
                0.9807733,
            ],
        ),
        QuantizedF32x3(
            [
                -0.9807733,
                0.0,
                -0.19510484,
            ],
        ),
        QuantizedF32x3(
            [
                -0.9807733,
                0.0,
                -0.19510484,
            ],
        ),
        QuantizedF32x3(
            [
                -0.9807733,
                0.0,
                -0.19510484,
            ],
        ),
        QuantizedF32x3(
            [
                -0.9807733,
                0.0,
                -0.19510484,
            ],
        ),
        QuantizedF32x3(
            [
                -1.0,
                0.0,
                0.0,
            ],
        ),
        QuantizedF32x3(
            [
                -1.0,
                0.0,
                0.0,
            ],
        ),
        QuantizedF32x3(
            [
                -1.0,
                0.0,
                0.0,
            ],
        ),
        QuantizedF32x3(
            [
                0.0,
                0.0,
                -1.0,
            ],
        ),
        QuantizedF32x3(
            [
                0.0,
                0.0,
                -1.0,
            ],
        ),
        QuantizedF32x3(
            [
                0.0,
                0.0,
                -1.0,
            ],
        ),
        QuantizedF32x3(
            [
                0.0,
                0.0,
                -1.0,
            ],
        ),
        QuantizedF32x3(
            [
                0.0,
                0.0,
                -1.0,
            ],
        ),
        QuantizedF32x3(
            [
                0.0,
                0.0,
                -1.0,
            ],
        ),
        QuantizedF32x3(
            [
                1.0,
                0.0,
                0.0,
            ],
        ),
        QuantizedF32x3(
            [
                1.0,
                0.0,
                0.0,
            ],
        ),
        QuantizedF32x3(
            [
                1.0,
                0.0,
                0.0,
            ],
        ),
        QuantizedF32x3(
            [
                1.0,
                0.0,
                0.0,
            ],
        ),
        QuantizedF32x3(
            [
                1.0,
                0.0,
                0.0,
            ],
        ),
        QuantizedF32x3(
            [
                0.19510484,
                0.0,
                0.9807733,
            ],
        ),
        QuantizedF32x3(
            [
                0.19510484,
                0.0,
                0.9807733,
            ],
        ),
        QuantizedF32x3(
            [
                0.19510484,
                0.0,
                0.9807733,
            ],
        ),
        QuantizedF32x3(
            [
                0.19510484,
                0.0,
                0.9807733,
            ],
        ),
        QuantizedF32x3(
            [
                0.0,
                0.0,
                1.0,
            ],
        ),
        QuantizedF32x3(
            [
                0.0,
                0.0,
                1.0,
            ],
        ),
        QuantizedF32x3(
            [
                0.0,
                0.0,
                1.0,
            ],
        ),
        QuantizedF32x3(
            [
                0.0,
                0.0,
                1.0,
            ],
        ),
        QuantizedF32x3(
            [
                0.0,
                0.0,
                1.0,
            ],
        ),
        QuantizedF32x3(
            [
                1.0,
                0.0,
                0.0,
            ],
        ),
        QuantizedF32x3(
            [
                1.0,
                0.0,
                0.0,
            ],
        ),
        QuantizedF32x3(
            [
                0.0,
                0.0,
                1.0,
            ],
        ),
        QuantizedF32x3(
            [
                1.0,
                0.0,
                0.0,
            ],
        ),
        QuantizedF32x3(
            [
                1.0,
                0.0,
                0.0,
            ],
        ),
        QuantizedF32x3(
            [
                1.0,
                0.0,
                0.0,
            ],
        ),
        QuantizedF32x3(
            [
                1.0,
                0.0,
                0.0,
            ],
        ),
        QuantizedF32x3(
            [
                0.9807733,
                0.0,
                -0.19510484,
            ],
        ),
        QuantizedF32x3(
            [
                0.9807733,
                0.0,
                -0.19510484,
            ],
        ),
        QuantizedF32x3(
            [
                0.9807733,
                0.0,
                -0.19510484,
            ],
        ),
        QuantizedF32x3(
            [
                0.9807733,
                0.0,
                -0.19510484,
            ],
        ),
        QuantizedF32x3(
            [
                0.9807733,
                0.0,
                -0.19510484,
            ],
        ),
        QuantizedF32x3(
            [
                -0.19510484,
                0.0,
                -0.9807733,
            ],
        ),
        QuantizedF32x3(
            [
                -0.19510484,
                0.0,
                -0.9807733,
            ],
        ),
        QuantizedF32x3(
            [
                -0.19510484,
                0.0,
                -0.9807733,
            ],
        ),
        QuantizedF32x3(
            [
                -0.19510484,
                0.0,
                -0.9807733,
            ],
        ),
        QuantizedF32x3(
            [
                -0.19510484,
                0.0,
                -0.9807733,
            ],
        ),
        QuantizedF32x3(
            [
                -0.19510484,
                0.0,
                -0.9807733,
            ],
        ),
        QuantizedF32x3(
            [
                -0.19510484,
                0.0,
                -0.9807733,
            ],
        ),
        QuantizedF32x3(
            [
                -1.0,
                0.0,
                0.0,
            ],
        ),
        QuantizedF32x3(
            [
                -1.0,
                0.0,
                0.0,
            ],
        ),
        QuantizedF32x3(
            [
                -1.0,
                0.0,
                0.0,
            ],
        ),
        QuantizedF32x3(
            [
                0.9807733,
                0.0,
                -0.19510484,
            ],
        ),
        QuantizedF32x3(
            [
                0.9807733,
                0.0,
                -0.19510484,
            ],
        ),
        QuantizedF32x3(
            [
                -1.0,
                0.0,
                0.0,
            ],
        ),
        QuantizedF32x3(
            [
                -1.0,
                0.0,
                0.0,
            ],
        ),
        QuantizedF32x3(
            [
                -0.9807733,
                0.0,
                0.19510484,
            ],
        ),
        QuantizedF32x3(
            [
                -0.9807733,
                0.0,
                0.19510484,
            ],
        ),
        QuantizedF32x3(
            [
                -0.9807733,
                0.0,
                0.19510484,
            ],
        ),
        QuantizedF32x3(
            [
                -0.9807733,
                0.0,
                0.19510484,
            ],
        ),
        QuantizedF32x3(
            [
                -0.9807733,
                0.0,
                0.19510484,
            ],
        ),
        QuantizedF32x3(
            [
                1.0,
                0.0,
                0.0,
            ],
        ),
        QuantizedF32x3(
            [
                1.0,
                0.0,
                0.0,
            ],
        ),
        QuantizedF32x3(
            [
                1.0,
                0.0,
                0.0,
            ],
        ),
        QuantizedF32x3(
            [
                1.0,
                0.0,
                0.0,
            ],
        ),
        QuantizedF32x3(
            [
                -1.0,
                0.0,
                0.0,
            ],
        ),
        QuantizedF32x3(
            [
                -1.0,
                0.0,
                0.0,
            ],
        ),
        QuantizedF32x3(
            [
                -1.0,
                0.0,
                0.0,
            ],
        ),
        QuantizedF32x3(
            [
                -1.0,
                0.0,
                0.0,
            ],
        ),
        QuantizedF32x3(
            [
                -1.0,
                0.0,
                0.0,
            ],
        ),
        QuantizedF32x3(
            [
                -1.0,
                0.0,
                0.0,
            ],
        ),
        QuantizedF32x3(
            [
                -1.0,
                0.0,
                0.0,
            ],
        ),
        QuantizedF32x3(
            [
                -1.0,
                0.0,
                0.0,
            ],
        ),
        QuantizedF32x3(
            [
                -1.0,
                0.0,
                0.0,
            ],
        ),
        QuantizedF32x3(
            [
                -1.0,
                0.0,
                0.0,
            ],
        ),
        QuantizedF32x3(
            [
                0.9807733,
                0.0,
                -0.19510484,
            ],
        ),
        QuantizedF32x3(
            [
                -1.0,
                0.0,
                0.0,
            ],
        ),
        QuantizedF32x3(
            [
                1.0,
                0.0,
                0.0,
            ],
        ),
        QuantizedF32x3(
            [
                1.0,
                0.0,
                0.0,
            ],
        ),
    ],
    faces: Faces5 {
        indices: [
            0,
            1,
            2,
            1,
            3,
            2,
            4,
            5,
            6,
            7,
            8,
            9,
            8,
            10,
            9,
            11,
            12,
            13,
            12,
            14,
            13,
            15,
            16,
            17,
            16,
            18,
            17,
            18,
            19,
            17,
            16,
            15,
            20,
            21,
            22,
            23,
            5,
            4,
            24,
            4,
            25,
            24,
            25,
            26,
            24,
            27,
            28,
            29,
            28,
            30,
            29,
            23,
            31,
            32,
            32,
            21,
            23,
            33,
            21,
            32,
            34,
            35,
            36,
            35,
            37,
            36,
            34,
            38,
            35,
            38,
            39,
            35,
            40,
            41,
            42,
            41,
            43,
            42,
            42,
            43,
            44,
            45,
            46,
            47,
            46,
            48,
            47,
            49,
            50,
            51,
            50,
            52,
            51,
            52,
            53,
            51,
            54,
            55,
            2,
            55,
            0,
            2,
            51,
            56,
            49,
            57,
            58,
            59,
            58,
            43,
            59,
            2,
            60,
            54,
            61,
            62,
            63,
            62,
            64,
            63,
            64,
            65,
            63,
            66,
            67,
            68,
            69,
            67,
            66,
            67,
            70,
            68,
            71,
            66,
            72,
            66,
            68,
            72,
            73,
            74,
            75,
            62,
            76,
            64,
            76,
            77,
            64,
            73,
            78,
            79,
            80,
            81,
            82,
            81,
            83,
            82,
            83,
            84,
            82,
            85,
            86,
            87,
            86,
            88,
            87,
            89,
            90,
            91,
            90,
            92,
            91,
            93,
            91,
            92,
            94,
            95,
            96,
            97,
            96,
            95,
            73,
            98,
            78,
            75,
            98,
            73,
            64,
            99,
            65,
            77,
            99,
            64,
            98,
            75,
            100,
            58,
            44,
            43,
            101,
            44,
            58,
            60,
            2,
            102,
        ],
        _unknown: [
            [
                0,
                1,
                2,
                1,
                3,
                2,
                4,
                5,
                6,
                7,
                8,
                9,
                8,
                10,
                9,
                11,
                12,
                13,
                12,
                14,
                13,
                15,
                16,
                17,
                16,
                18,
                17,
                18,
                19,
                17,
                16,
                15,
                20,
                21,
                22,
                23,
                5,
                4,
                24,
                4,
                25,
                24,
                25,
                26,
                24,
                27,
                28,
                29,
                28,
                30,
                29,
                23,
                31,
                32,
                32,
                21,
                23,
                33,
                21,
                32,
                34,
                35,
                36,
                35,
                37,
                36,
                34,
                38,
                35,
                38,
                39,
                35,
                40,
                41,
                42,
                41,
                43,
                42,
                42,
                43,
                44,
                45,
                46,
                47,
                46,
                48,
                47,
                49,
                50,
                51,
                50,
                52,
                51,
                52,
                53,
                51,
                54,
                55,
                2,
                55,
                0,
                2,
                51,
                56,
                49,
                57,
                58,
                59,
                58,
                43,
                59,
                2,
                60,
                54,
                61,
                62,
                63,
                62,
                65,
                63,
                66,
                67,
                68,
                69,
                67,
                66,
                67,
                70,
                68,
                71,
                66,
                72,
                66,
                68,
                72,
                73,
                74,
                75,
                62,
                76,
                65,
                76,
                77,
                65,
                73,
                78,
                79,
                80,
                81,
                82,
                81,
                83,
                82,
                83,
                84,
                82,
                85,
                86,
                87,
                86,
                88,
                87,
                89,
                90,
                91,
                90,
                92,
                91,
                93,
                91,
                92,
                94,
                95,
                96,
                97,
                96,
                95,
                73,
                98,
                78,
                75,
                98,
                73,
                77,
                99,
                65,
                98,
                75,
                100,
                58,
                44,
                43,
                101,
                44,
                58,
                60,
                2,
                102,
            ],
        ],
    },
}
